Archive member included to satisfy reference by file (symbol)

c:/program files (x86)/atmel/studio/7.0/toolchain/arm/arm-gnu-toolchain/bin/../lib/gcc/arm-none-eabi/6.3.1/thumb/v6-m\libgcc.a(_udivsi3.o)
                              src/ASF/common2/services/delay/sam0/cycle_counter.o (__aeabi_uidiv)
c:/program files (x86)/atmel/studio/7.0/toolchain/arm/arm-gnu-toolchain/bin/../lib/gcc/arm-none-eabi/6.3.1/thumb/v6-m\libgcc.a(_dvmd_tls.o)
                              c:/program files (x86)/atmel/studio/7.0/toolchain/arm/arm-gnu-toolchain/bin/../lib/gcc/arm-none-eabi/6.3.1/thumb/v6-m\libgcc.a(_udivsi3.o) (__aeabi_idiv0)
c:/program files (x86)/atmel/studio/7.0/toolchain/arm/arm-gnu-toolchain/bin/../lib/gcc/arm-none-eabi/6.3.1/thumb/v6-m\libgcc.a(_muldi3.o)
                              src/ASF/sam0/drivers/sercom/sercom.o (__aeabi_lmul)
c:/program files (x86)/atmel/studio/7.0/toolchain/arm/arm-gnu-toolchain/bin/../lib/gcc/arm-none-eabi/6.3.1/../../../../arm-none-eabi/lib/thumb/v6-m\libc_nano.a(lib_a-exit.o)
                              c:/program files (x86)/atmel/studio/7.0/toolchain/arm/arm-gnu-toolchain/bin/../lib/gcc/arm-none-eabi/6.3.1/../../../../arm-none-eabi/lib/thumb/v6-m/crt0.o (exit)
c:/program files (x86)/atmel/studio/7.0/toolchain/arm/arm-gnu-toolchain/bin/../lib/gcc/arm-none-eabi/6.3.1/../../../../arm-none-eabi/lib/thumb/v6-m\libc_nano.a(lib_a-impure.o)
                              c:/program files (x86)/atmel/studio/7.0/toolchain/arm/arm-gnu-toolchain/bin/../lib/gcc/arm-none-eabi/6.3.1/../../../../arm-none-eabi/lib/thumb/v6-m\libc_nano.a(lib_a-exit.o) (_global_impure_ptr)
c:/program files (x86)/atmel/studio/7.0/toolchain/arm/arm-gnu-toolchain/bin/../lib/gcc/arm-none-eabi/6.3.1/../../../../arm-none-eabi/lib/thumb/v6-m\libc_nano.a(lib_a-init.o)
                              c:/program files (x86)/atmel/studio/7.0/toolchain/arm/arm-gnu-toolchain/bin/../lib/gcc/arm-none-eabi/6.3.1/../../../../arm-none-eabi/lib/thumb/v6-m/crt0.o (__libc_init_array)
c:/program files (x86)/atmel/studio/7.0/toolchain/arm/arm-gnu-toolchain/bin/../lib/gcc/arm-none-eabi/6.3.1/../../../../arm-none-eabi/lib/thumb/v6-m\libc_nano.a(lib_a-memcmp.o)
                              aes132_example_main.o (memcmp)
c:/program files (x86)/atmel/studio/7.0/toolchain/arm/arm-gnu-toolchain/bin/../lib/gcc/arm-none-eabi/6.3.1/../../../../arm-none-eabi/lib/thumb/v6-m\libc_nano.a(lib_a-memcpy-stub.o)
                              aes132_comm_marshaling.o (memcpy)
c:/program files (x86)/atmel/studio/7.0/toolchain/arm/arm-gnu-toolchain/bin/../lib/gcc/arm-none-eabi/6.3.1/../../../../arm-none-eabi/lib/thumb/v6-m\libc_nano.a(lib_a-memset.o)
                              c:/program files (x86)/atmel/studio/7.0/toolchain/arm/arm-gnu-toolchain/bin/../lib/gcc/arm-none-eabi/6.3.1/../../../../arm-none-eabi/lib/thumb/v6-m/crt0.o (memset)
c:/program files (x86)/atmel/studio/7.0/toolchain/arm/arm-gnu-toolchain/bin/../lib/gcc/arm-none-eabi/6.3.1/../../../../arm-none-eabi/lib/thumb/v6-m\libc_nano.a(lib_a-printf.o)
                              src/ASF/sam0/utils/syscalls/gcc/syscalls.o (printf)
c:/program files (x86)/atmel/studio/7.0/toolchain/arm/arm-gnu-toolchain/bin/../lib/gcc/arm-none-eabi/6.3.1/../../../../arm-none-eabi/lib/thumb/v6-m\libc_nano.a(lib_a-putchar.o)
                              aes132_example_main.o (putchar)
c:/program files (x86)/atmel/studio/7.0/toolchain/arm/arm-gnu-toolchain/bin/../lib/gcc/arm-none-eabi/6.3.1/../../../../arm-none-eabi/lib/thumb/v6-m\libc_nano.a(lib_a-puts.o)
                              aes132_example_main.o (puts)
c:/program files (x86)/atmel/studio/7.0/toolchain/arm/arm-gnu-toolchain/bin/../lib/gcc/arm-none-eabi/6.3.1/../../../../arm-none-eabi/lib/thumb/v6-m\libc_nano.a(lib_a-scanf.o)
                              aes132_example_main.o (scanf)
c:/program files (x86)/atmel/studio/7.0/toolchain/arm/arm-gnu-toolchain/bin/../lib/gcc/arm-none-eabi/6.3.1/../../../../arm-none-eabi/lib/thumb/v6-m\libc_nano.a(lib_a-setbuf.o)
                              aes132_example_main.o (setbuf)
c:/program files (x86)/atmel/studio/7.0/toolchain/arm/arm-gnu-toolchain/bin/../lib/gcc/arm-none-eabi/6.3.1/../../../../arm-none-eabi/lib/thumb/v6-m\libc_nano.a(lib_a-setvbuf.o)
                              c:/program files (x86)/atmel/studio/7.0/toolchain/arm/arm-gnu-toolchain/bin/../lib/gcc/arm-none-eabi/6.3.1/../../../../arm-none-eabi/lib/thumb/v6-m\libc_nano.a(lib_a-setbuf.o) (setvbuf)
c:/program files (x86)/atmel/studio/7.0/toolchain/arm/arm-gnu-toolchain/bin/../lib/gcc/arm-none-eabi/6.3.1/../../../../arm-none-eabi/lib/thumb/v6-m\libc_nano.a(lib_a-wbuf.o)
                              c:/program files (x86)/atmel/studio/7.0/toolchain/arm/arm-gnu-toolchain/bin/../lib/gcc/arm-none-eabi/6.3.1/../../../../arm-none-eabi/lib/thumb/v6-m\libc_nano.a(lib_a-puts.o) (__swbuf_r)
[...]
Memory Configuration

Name             Origin             Length             Attributes
rom              0x00000000         0x00040000         xr
ram              0x20000000         0x00008000         xrw
*default*        0x00000000         0xffffffff

Linker script and memory map

LOAD c:/program files (x86)/atmel/studio/7.0/toolchain/arm/arm-gnu-toolchain/bin/../lib/gcc/arm-none-eabi/6.3.1/thumb/v6-m/crti.o
LOAD c:/program files (x86)/atmel/studio/7.0/toolchain/arm/arm-gnu-toolchain/bin/../lib/gcc/arm-none-eabi/6.3.1/thumb/v6-m/crtbegin.o
LOAD c:/program files (x86)/atmel/studio/7.0/toolchain/arm/arm-gnu-toolchain/bin/../lib/gcc/arm-none-eabi/6.3.1/../../../../arm-none-eabi/lib/thumb/v6-m/crt0.o
LOAD src/ASF/common/utils/interrupt/interrupt_sam_nvic.o
LOAD src/ASF/sam0/drivers/port/port.o
LOAD src/ASF/sam0/drivers/system/pinmux/pinmux.o
LOAD src/ASF/sam0/utils/syscalls/gcc/syscalls.o
LOAD aes132_comm.o
LOAD aes132_comm_marshaling.o
LOAD aes132_example_main.o
LOAD aes132_spi.o
LOAD spi_phys.o
LOAD src/ASF/common2/services/delay/sam0/cycle_counter.o
LOAD src/ASF/sam0/boards/samd21_xplained_pro/board_init.o
LOAD src/ASF/sam0/drivers/sercom/i2c/i2c_sam0/i2c_master.o
LOAD src/ASF/sam0/drivers/sercom/sercom.o
LOAD src/ASF/sam0/drivers/sercom/spi/spi.o
LOAD src/ASF/sam0/drivers/sercom/usart/usart.o
LOAD src/ASF/sam0/drivers/system/clock/clock_samd21_r21_da/clock.o
LOAD src/ASF/sam0/drivers/system/clock/clock_samd21_r21_da/gclk.o
LOAD src/ASF/sam0/drivers/system/interrupt/system_interrupt.o
LOAD src/ASF/sam0/drivers/system/system.o
LOAD src/ASF/sam0/utils/cmsis/samd21/source/gcc/startup_samd21.o
LOAD src/ASF/sam0/utils/cmsis/samd21/source/system_samd21.o
LOAD src/ASF/sam0/utils/stdio/read.o
LOAD src/ASF/sam0/utils/stdio/write.o
START GROUP
LOAD ../src/ASF/thirdparty/CMSIS/Lib/GCC\libarm_cortexM0l_math.a
LOAD c:/program files (x86)/atmel/studio/7.0/toolchain/arm/arm-gnu-toolchain/bin/../lib/gcc/arm-none-eabi/6.3.1/../../../../arm-none-eabi/lib/thumb/v6-m\libm.a
END GROUP
START GROUP
LOAD c:/program files (x86)/atmel/studio/7.0/toolchain/arm/arm-gnu-toolchain/bin/../lib/gcc/arm-none-eabi/6.3.1/thumb/v6-m\libgcc.a
LOAD c:/program files (x86)/atmel/studio/7.0/toolchain/arm/arm-gnu-toolchain/bin/../lib/gcc/arm-none-eabi/6.3.1/../../../../arm-none-eabi/lib/thumb/v6-m\libc_nano.a
END GROUP
START GROUP
LOAD c:/program files (x86)/atmel/studio/7.0/toolchain/arm/arm-gnu-toolchain/bin/../lib/gcc/arm-none-eabi/6.3.1/thumb/v6-m\libgcc.a
LOAD c:/program files (x86)/atmel/studio/7.0/toolchain/arm/arm-gnu-toolchain/bin/../lib/gcc/arm-none-eabi/6.3.1/../../../../arm-none-eabi/lib/thumb/v6-m\libc_nano.a
END GROUP
LOAD c:/program files (x86)/atmel/studio/7.0/toolchain/arm/arm-gnu-toolchain/bin/../lib/gcc/arm-none-eabi/6.3.1/thumb/v6-m/crtend.o
LOAD c:/program files (x86)/atmel/studio/7.0/toolchain/arm/arm-gnu-toolchain/bin/../lib/gcc/arm-none-eabi/6.3.1/thumb/v6-m/crtn.o
                0x00002000                STACK_SIZE = DEFINED (STACK_SIZE)?STACK_SIZE:DEFINED (__stack_size__)?__stack_size__:0x2000

.text           0x00000000     0x47c8
                0x00000000                . = ALIGN (0x4)
                0x00000000                _sfixed = .
 *(.vectors .vectors.*)
 .vectors       0x00000000       0xb0 src/ASF/sam0/utils/cmsis/samd21/source/gcc/startup_samd21.o
                0x00000000                exception_table
 *(.text .text.* .gnu.linkonce.t.*)
 .text          0x000000b0       0x60 c:/program files (x86)/atmel/studio/7.0/toolchain/arm/arm-gnu-toolchain/bin/../lib/gcc/arm-none-eabi/6.3.1/thumb/v6-m/crtbegin.o
 .text.cpu_irq_enter_critical
                0x00000110       0x40 src/ASF/common/utils/interrupt/interrupt_sam_nvic.o
                0x00000110                cpu_irq_enter_critical
 .text.cpu_irq_leave_critical
                0x00000150       0x30 src/ASF/common/utils/interrupt/interrupt_sam_nvic.o
                0x00000150                cpu_irq_leave_critical
 .text.port_pin_set_config
                0x00000180       0x24 src/ASF/sam0/drivers/port/port.o
                0x00000180                port_pin_set_config
 .text._system_pinmux_config
                0x000001a4       0xa8 src/ASF/sam0/drivers/system/pinmux/pinmux.o
 .text.system_pinmux_pin_set_config
                0x0000024c       0x30 src/ASF/sam0/drivers/system/pinmux/pinmux.o
                0x0000024c                system_pinmux_pin_set_config
 .text._sbrk    0x0000027c       0x24 src/ASF/sam0/utils/syscalls/gcc/syscalls.o
                0x0000027c                _sbrk
 .text._close   0x000002a0        0x6 src/ASF/sam0/utils/syscalls/gcc/syscalls.o
                0x000002a0                _close
 .text._fstat   0x000002a6        0xa src/ASF/sam0/utils/syscalls/gcc/syscalls.o
                0x000002a6                _fstat
 .text._isatty  0x000002b0        0x4 src/ASF/sam0/utils/syscalls/gcc/syscalls.o
                0x000002b0                _isatty
 .text._lseek   0x000002b4        0x4 src/ASF/sam0/utils/syscalls/gcc/syscalls.o
                0x000002b4                _lseek
 .text.aes132c_calculate_crc
                0x000002b8       0x98 aes132_comm.o
                0x000002b8                aes132c_calculate_crc
 .text.aes132c_reset_io_address
                0x00000350       0x18 aes132_comm.o
                0x00000350                aes132c_reset_io_address
 .text.aes132c_resync
                0x00000368       0x1c aes132_comm.o
                0x00000368                aes132c_resync
 .text.aes132c_read_device_status_register
                0x00000384       0x30 aes132_comm.o
                0x00000384                aes132c_read_device_status_register
 .text.aes132c_wait_for_status_register_bit
                0x000003b4       0x58 aes132_comm.o
                0x000003b4                aes132c_wait_for_status_register_bit
 .text.aes132c_wait_for_device_ready
                0x0000040c       0x18 aes132_comm.o
                0x0000040c                aes132c_wait_for_device_ready
 .text.aes132c_wait_for_response_ready
                0x00000424       0x18 aes132_comm.o
                0x00000424                aes132c_wait_for_response_ready
 .text.aes132c_receive_response
                0x0000043c       0xc4 aes132_comm.o
                0x0000043c                aes132c_receive_response
 .text.aes132c_access_memory
                0x00000500       0xa8 aes132_comm.o
                0x00000500                aes132c_access_memory
 .text.aes132c_send_command
                0x000005a8       0x8c aes132_comm.o
                0x000005a8                aes132c_send_command
 .text.aes132c_send_and_receive
                0x00000634       0x24 aes132_comm.o
                0x00000634                aes132c_send_and_receive
 .text.aes132m_write_memory
                0x00000658       0x10 aes132_comm_marshaling.o
                0x00000658                aes132m_write_memory
 .text.aes132m_read_memory
                0x00000668       0x10 aes132_comm_marshaling.o
                0x00000668                aes132m_read_memory
 .text.aes132m_execute
                0x00000678       0xa4 aes132_comm_marshaling.o
                0x00000678                aes132m_execute
 .text.usart_serial_getchar
                0x0000071c       0x2c aes132_example_main.o
 .text.usart_serial_putchar
                0x00000748       0x18 aes132_example_main.o
 .text.hex_to_nibble
                0x00000760       0x28 aes132_example_main.o
                0x00000760                hex_to_nibble
 .text.printf_puthex_array
                0x00000788       0x34 aes132_example_main.o
                0x00000788                printf_puthex_array
 .text.parse_command
                0x000007bc       0xd4 aes132_example_main.o
                0x000007bc                parse_command
 .text.write_memory_test
                0x00000890       0x68 aes132_example_main.o
                0x00000890                write_memory_test
 .text.read_memory_test
                0x000008f8       0xa8 aes132_example_main.o
                0x000008f8                read_memory_test
 .text.block_read_test
                0x000009a0       0xc8 aes132_example_main.o
                0x000009a0                block_read_test
 .text.aes132app_single_execute
                0x00000a68       0xb0 aes132_example_main.o
                0x00000a68                aes132app_single_execute
 .text.aes132app_command_dispatch
                0x00000b18       0x40 aes132_example_main.o
                0x00000b18                aes132app_command_dispatch
 .text.main     0x00000b58      0x12c aes132_example_main.o
                0x00000b58                main
 .text.aes132p_enable_interface
                0x00000c84        0xc aes132_spi.o
                0x00000c84                aes132p_enable_interface
 .text.aes132p_write_memory_physical
                0x00000c90       0x68 aes132_spi.o
                0x00000c90                aes132p_write_memory_physical
 .text.aes132p_read_memory_physical
                0x00000cf8       0x4c aes132_spi.o
                0x00000cf8                aes132p_read_memory_physical
 .text.aes132p_resync_physical
                0x00000d44        0x4 aes132_spi.o
                0x00000d44                aes132p_resync_physical
 .text.spi_select_slave_phys
                0x00000d48       0x28 spi_phys.o
                0x00000d48                spi_select_slave_phys
 .text.spi_deselect_slave_phys
                0x00000d70       0x28 spi_phys.o
                0x00000d70                spi_deselect_slave_phys
 .text.spi_enable_phys
                0x00000d98       0xd8 spi_phys.o
                0x00000d98                spi_enable_phys
 .text.spi_send_bytes
                0x00000e70       0x24 spi_phys.o
                0x00000e70                spi_send_bytes
 .text.spi_receive_bytes
                0x00000e94       0x24 spi_phys.o
                0x00000e94                spi_receive_bytes
 .text.system_board_init
                0x00000eb8       0x38 src/ASF/sam0/boards/samd21_xplained_pro/board_init.o
                0x00000eb8                board_init
                0x00000eb8                system_board_init
 .text._sercom_get_sync_baud_val
                0x00000ef0       0x28 src/ASF/sam0/drivers/sercom/sercom.o
                0x00000ef0                _sercom_get_sync_baud_val
 .text._sercom_get_async_baud_val
                0x00000f18      0x1d0 src/ASF/sam0/drivers/sercom/sercom.o
                0x00000f18                _sercom_get_async_baud_val
 .text.sercom_set_gclk_generator
                0x000010e8       0x4c src/ASF/sam0/drivers/sercom/sercom.o
                0x000010e8                sercom_set_gclk_generator
 .text._sercom_get_default_pad
                0x00001134      0x178 src/ASF/sam0/drivers/sercom/sercom.o
                0x00001134                _sercom_get_default_pad
 .text._sercom_get_sercom_inst_index
                0x000012ac       0x38 src/ASF/sam0/drivers/sercom/sercom.o
                0x000012ac                _sercom_get_sercom_inst_index
 .text.spi_init
                0x000012e4      0x334 src/ASF/sam0/drivers/sercom/spi/spi.o
                0x000012e4                spi_init
 .text.spi_read_buffer_wait
                0x00001618      0x120 src/ASF/sam0/drivers/sercom/spi/spi.o
                0x00001618                spi_read_buffer_wait
 .text.spi_select_slave
                0x00001738       0xf8 src/ASF/sam0/drivers/sercom/spi/spi.o
                0x00001738                spi_select_slave
 .text.spi_write_buffer_wait
                0x00001830      0x214 src/ASF/sam0/drivers/sercom/spi/spi.o
                0x00001830                spi_write_buffer_wait
 .text.usart_init
                0x00001a44      0x308 src/ASF/sam0/drivers/sercom/usart/usart.o
                0x00001a44                usart_init
 .text.usart_write_wait
                0x00001d4c       0x2a src/ASF/sam0/drivers/sercom/usart/usart.o
                0x00001d4c                usart_write_wait
 .text.usart_read_wait
                0x00001d76       0x70 src/ASF/sam0/drivers/sercom/usart/usart.o
                0x00001d76                usart_read_wait
 *fill*         0x00001de6        0x2 
 .text.system_clock_source_get_hz
                0x00001de8       0x90 src/ASF/sam0/drivers/system/clock/clock_samd21_r21_da/clock.o
                0x00001de8                system_clock_source_get_hz
 .text.system_clock_source_osc8m_set_config
                0x00001e78       0x3c src/ASF/sam0/drivers/system/clock/clock_samd21_r21_da/clock.o
                0x00001e78                system_clock_source_osc8m_set_config
 .text.system_clock_source_enable
                0x00001eb4       0xa0 src/ASF/sam0/drivers/system/clock/clock_samd21_r21_da/clock.o
                0x00001eb4                system_clock_source_enable
 .text.system_clock_init
                0x00001f54       0x98 src/ASF/sam0/drivers/system/clock/clock_samd21_r21_da/clock.o
                0x00001f54                system_clock_init
 .text.system_gclk_init
                0x00001fec       0x24 src/ASF/sam0/drivers/system/clock/clock_samd21_r21_da/gclk.o
                0x00001fec                system_gclk_init
 .text.system_gclk_gen_set_config
                0x00002010       0xb8 src/ASF/sam0/drivers/system/clock/clock_samd21_r21_da/gclk.o
                0x00002010                system_gclk_gen_set_config
 .text.system_gclk_gen_enable
                0x000020c8       0x44 src/ASF/sam0/drivers/system/clock/clock_samd21_r21_da/gclk.o
                0x000020c8                system_gclk_gen_enable
 .text.system_gclk_gen_get_hz
                0x0000210c       0x8c src/ASF/sam0/drivers/system/clock/clock_samd21_r21_da/gclk.o
                0x0000210c                system_gclk_gen_get_hz
 .text.system_gclk_chan_enable
                0x00002198       0x30 src/ASF/sam0/drivers/system/clock/clock_samd21_r21_da/gclk.o
                0x00002198                system_gclk_chan_enable
 .text.system_gclk_chan_disable
                0x000021c8       0x5c src/ASF/sam0/drivers/system/clock/clock_samd21_r21_da/gclk.o
                0x000021c8                system_gclk_chan_disable
 .text.system_gclk_chan_set_config
                0x00002224       0x1c src/ASF/sam0/drivers/system/clock/clock_samd21_r21_da/gclk.o
                0x00002224                system_gclk_chan_set_config
 .text.system_gclk_chan_get_hz
                0x00002240       0x34 src/ASF/sam0/drivers/system/clock/clock_samd21_r21_da/gclk.o
                0x00002240                system_gclk_chan_get_hz
 .text._system_dummy_init
                0x00002274        0x2 src/ASF/sam0/drivers/system/system.o
                0x00002274                _system_events_init
                0x00002274                _system_dummy_init
                0x00002274                _system_extint_init
 *fill*         0x00002276        0x2 
 .text.system_init
                0x00002278       0x24 src/ASF/sam0/drivers/system/system.o
                0x00002278                system_init
 .text.Dummy_Handler
                0x0000229c        0x2 src/ASF/sam0/utils/cmsis/samd21/source/gcc/startup_samd21.o
                0x0000229c                DMAC_Handler
                0x0000229c                HardFault_Handler
                0x0000229c                AC_Handler
                0x0000229c                SysTick_Handler
                0x0000229c                PendSV_Handler
                0x0000229c                NMI_Handler
                0x0000229c                TC7_Handler
                0x0000229c                SERCOM1_Handler
                0x0000229c                ADC_Handler
                0x0000229c                TCC1_Handler
                0x0000229c                SERCOM2_Handler
                0x0000229c                TCC0_Handler
                0x0000229c                RTC_Handler
                0x0000229c                EIC_Handler
                0x0000229c                TC6_Handler
                0x0000229c                WDT_Handler
                0x0000229c                TC4_Handler
                0x0000229c                USB_Handler
                0x0000229c                TC3_Handler
                0x0000229c                Dummy_Handler
                0x0000229c                PM_Handler
                0x0000229c                SERCOM5_Handler
                0x0000229c                SVC_Handler
                0x0000229c                TCC2_Handler
                0x0000229c                EVSYS_Handler
                0x0000229c                SERCOM3_Handler
                0x0000229c                SERCOM4_Handler
                0x0000229c                I2S_Handler
                0x0000229c                NVMCTRL_Handler
                0x0000229c                SERCOM0_Handler
                0x0000229c                DAC_Handler
                0x0000229c                PTC_Handler
                0x0000229c                TC5_Handler
                0x0000229c                SYSCTRL_Handler
 *fill*         0x0000229e        0x2 
 .text.Reset_Handler
                0x000022a0       0xe4 src/ASF/sam0/utils/cmsis/samd21/source/gcc/startup_samd21.o
                0x000022a0                Reset_Handler
 .text._read    0x00002384       0x44 src/ASF/sam0/utils/stdio/read.o
                0x00002384                _read
 .text._write   0x000023c8       0x50 src/ASF/sam0/utils/stdio/write.o
                0x000023c8                _write
 .text          0x00002418      0x114 c:/program files (x86)/atmel/studio/7.0/toolchain/arm/arm-gnu-toolchain/bin/../lib/gcc/arm-none-eabi/6.3.1/thumb/v6-m\libgcc.a(_udivsi3.o)
                0x00002418                __aeabi_uidiv
                0x00002418                __udivsi3
                0x00002524                __aeabi_uidivmod
 .text          0x0000252c        0x4 c:/program files (x86)/atmel/studio/7.0/toolchain/arm/arm-gnu-toolchain/bin/../lib/gcc/arm-none-eabi/6.3.1/thumb/v6-m\libgcc.a(_dvmd_tls.o)
                0x0000252c                __aeabi_idiv0
                0x0000252c                __aeabi_ldiv0
 .text          0x00002530       0x54 c:/program files (x86)/atmel/studio/7.0/toolchain/arm/arm-gnu-toolchain/bin/../lib/gcc/arm-none-eabi/6.3.1/thumb/v6-m\libgcc.a(_muldi3.o)
                0x00002530                __muldi3
                0x00002530                __aeabi_lmul
 .text.__libc_init_array
                0x00002584       0x48 c:/program files (x86)/atmel/studio/7.0/toolchain/arm/arm-gnu-toolchain/bin/../lib/gcc/arm-none-eabi/6.3.1/../../../../arm-none-eabi/lib/thumb/v6-m\libc_nano.a(lib_a-init.o)
                0x00002584                __libc_init_array
 .text.memcmp   0x000025cc       0x1e c:/program files (x86)/atmel/studio/7.0/toolchain/arm/arm-gnu-toolchain/bin/../lib/gcc/arm-none-eabi/6.3.1/../../../../arm-none-eabi/lib/thumb/v6-m\libc_nano.a(lib_a-memcmp.o)
                0x000025cc                memcmp
 .text.memcpy   0x000025ea       0x12 c:/program files (x86)/atmel/studio/7.0/toolchain/arm/arm-gnu-toolchain/bin/../lib/gcc/arm-none-eabi/6.3.1/../../../../arm-none-eabi/lib/thumb/v6-m\libc_nano.a(lib_a-memcpy-stub.o)
                0x000025ea                memcpy
 .text.memset   0x000025fc       0x10 c:/program files (x86)/atmel/studio/7.0/toolchain/arm/arm-gnu-toolchain/bin/../lib/gcc/arm-none-eabi/6.3.1/../../../../arm-none-eabi/lib/thumb/v6-m\libc_nano.a(lib_a-memset.o)
                0x000025fc                memset
 .text.printf   0x0000260c       0x34 c:/program files (x86)/atmel/studio/7.0/toolchain/arm/arm-gnu-toolchain/bin/../lib/gcc/arm-none-eabi/6.3.1/../../../../arm-none-eabi/lib/thumb/v6-m\libc_nano.a(lib_a-printf.o)
                0x0000260c                iprintf
                0x0000260c                printf
 .text.putchar  0x00002640       0x28 c:/program files (x86)/atmel/studio/7.0/toolchain/arm/arm-gnu-toolchain/bin/../lib/gcc/arm-none-eabi/6.3.1/../../../../arm-none-eabi/lib/thumb/v6-m\libc_nano.a(lib_a-putchar.o)
                0x00002640                putchar
 .text._puts_r  0x00002668       0xc0 c:/program files (x86)/atmel/studio/7.0/toolchain/arm/arm-gnu-toolchain/bin/../lib/gcc/arm-none-eabi/6.3.1/../../../../arm-none-eabi/lib/thumb/v6-m\libc_nano.a(lib_a-puts.o)
                0x00002668                _puts_r
 .text.puts     0x00002728       0x14 c:/program files (x86)/atmel/studio/7.0/toolchain/arm/arm-gnu-toolchain/bin/../lib/gcc/arm-none-eabi/6.3.1/../../../../arm-none-eabi/lib/thumb/v6-m\libc_nano.a(lib_a-puts.o)
                0x00002728                puts
 .text.scanf    0x0000273c       0x34 c:/program files (x86)/atmel/studio/7.0/toolchain/arm/arm-gnu-toolchain/bin/../lib/gcc/arm-none-eabi/6.3.1/../../../../arm-none-eabi/lib/thumb/v6-m\libc_nano.a(lib_a-scanf.o)
                0x0000273c                scanf
                0x0000273c                iscanf
 .text.setbuf   0x00002770       0x12 c:/program files (x86)/atmel/studio/7.0/toolchain/arm/arm-gnu-toolchain/bin/../lib/gcc/arm-none-eabi/6.3.1/../../../../arm-none-eabi/lib/thumb/v6-m\libc_nano.a(lib_a-setbuf.o)
                0x00002770                setbuf
 *fill*         0x00002782        0x2 
 .text.setvbuf  0x00002784      0x158 c:/program files (x86)/atmel/studio/7.0/toolchain/arm/arm-gnu-toolchain/bin/../lib/gcc/arm-none-eabi/6.3.1/../../../../arm-none-eabi/lib/thumb/v6-m\libc_nano.a(lib_a-setvbuf.o)
                0x00002784                setvbuf
 .text.__swbuf_r
                0x000028dc       0xac c:/program files (x86)/atmel/studio/7.0/toolchain/arm/arm-gnu-toolchain/bin/../lib/gcc/arm-none-eabi/6.3.1/../../../../arm-none-eabi/lib/thumb/v6-m\libc_nano.a(lib_a-wbuf.o)
                0x000028dc                __swbuf_r
 .text.__swsetup_r
                0x00002988       0xec c:/program files (x86)/atmel/studio/7.0/toolchain/arm/arm-gnu-toolchain/bin/../lib/gcc/arm-none-eabi/6.3.1/../../../../arm-none-eabi/lib/thumb/v6-m\libc_nano.a(lib_a-wsetup.o)
                0x00002988                __swsetup_r
 .text.__sflush_r
                0x00002a74      0x114 c:/program files (x86)/atmel/studio/7.0/toolchain/arm/arm-gnu-toolchain/bin/../lib/gcc/arm-none-eabi/6.3.1/../../../../arm-none-eabi/lib/thumb/v6-m\libc_nano.a(lib_a-fflush.o)
                0x00002a74                __sflush_r
 .text._fflush_r
                0x00002b88       0x58 c:/program files (x86)/atmel/studio/7.0/toolchain/arm/arm-gnu-toolchain/bin/../lib/gcc/arm-none-eabi/6.3.1/../../../../arm-none-eabi/lib/thumb/v6-m\libc_nano.a(lib_a-fflush.o)
                0x00002b88                _fflush_r
 .text.fflush   0x00002be0       0x28 c:/program files (x86)/atmel/studio/7.0/toolchain/arm/arm-gnu-toolchain/bin/../lib/gcc/arm-none-eabi/6.3.1/../../../../arm-none-eabi/lib/thumb/v6-m\libc_nano.a(lib_a-fflush.o)
                0x00002be0                fflush
 .text._cleanup_r
                0x00002c08       0x10 c:/program files (x86)/atmel/studio/7.0/toolchain/arm/arm-gnu-toolchain/bin/../lib/gcc/arm-none-eabi/6.3.1/../../../../arm-none-eabi/lib/thumb/v6-m\libc_nano.a(lib_a-findfp.o)
                0x00002c08                _cleanup_r
 .text.std.isra.0
                0x00002c18       0x48 c:/program files (x86)/atmel/studio/7.0/toolchain/arm/arm-gnu-toolchain/bin/../lib/gcc/arm-none-eabi/6.3.1/../../../../arm-none-eabi/lib/thumb/v6-m\libc_nano.a(lib_a-findfp.o)
 .text.__sfmoreglue
                0x00002c60       0x2c c:/program files (x86)/atmel/studio/7.0/toolchain/arm/arm-gnu-toolchain/bin/../lib/gcc/arm-none-eabi/6.3.1/../../../../arm-none-eabi/lib/thumb/v6-m\libc_nano.a(lib_a-findfp.o)
                0x00002c60                __sfmoreglue
 .text.__sinit  0x00002c8c       0x68 c:/program files (x86)/atmel/studio/7.0/toolchain/arm/arm-gnu-toolchain/bin/../lib/gcc/arm-none-eabi/6.3.1/../../../../arm-none-eabi/lib/thumb/v6-m\libc_nano.a(lib_a-findfp.o)
                0x00002c8c                __sinit
 .text.__sfp    0x00002cf4       0x80 c:/program files (x86)/atmel/studio/7.0/toolchain/arm/arm-gnu-toolchain/bin/../lib/gcc/arm-none-eabi/6.3.1/../../../../arm-none-eabi/lib/thumb/v6-m\libc_nano.a(lib_a-findfp.o)
                0x00002cf4                __sfp
 .text._fwalk   0x00002d74       0x38 c:/program files (x86)/atmel/studio/7.0/toolchain/arm/arm-gnu-toolchain/bin/../lib/gcc/arm-none-eabi/6.3.1/../../../../arm-none-eabi/lib/thumb/v6-m\libc_nano.a(lib_a-fwalk.o)
                0x00002d74                _fwalk
 .text._fwalk_reent
                0x00002dac       0x42 c:/program files (x86)/atmel/studio/7.0/toolchain/arm/arm-gnu-toolchain/bin/../lib/gcc/arm-none-eabi/6.3.1/../../../../arm-none-eabi/lib/thumb/v6-m\libc_nano.a(lib_a-fwalk.o)
                0x00002dac                _fwalk_reent
 *fill*         0x00002dee        0x2 
 .text.__swhatbuf_r
                0x00002df0       0x50 c:/program files (x86)/atmel/studio/7.0/toolchain/arm/arm-gnu-toolchain/bin/../lib/gcc/arm-none-eabi/6.3.1/../../../../arm-none-eabi/lib/thumb/v6-m\libc_nano.a(lib_a-makebuf.o)
                0x00002df0                __swhatbuf_r
 .text.__smakebuf_r
                0x00002e40       0x88 c:/program files (x86)/atmel/studio/7.0/toolchain/arm/arm-gnu-toolchain/bin/../lib/gcc/arm-none-eabi/6.3.1/../../../../arm-none-eabi/lib/thumb/v6-m\libc_nano.a(lib_a-makebuf.o)
                0x00002e40                __smakebuf_r
 .text.malloc   0x00002ec8       0x14 c:/program files (x86)/atmel/studio/7.0/toolchain/arm/arm-gnu-toolchain/bin/../lib/gcc/arm-none-eabi/6.3.1/../../../../arm-none-eabi/lib/thumb/v6-m\libc_nano.a(lib_a-malloc.o)
                0x00002ec8                malloc
 .text._free_r  0x00002edc       0x94 c:/program files (x86)/atmel/studio/7.0/toolchain/arm/arm-gnu-toolchain/bin/../lib/gcc/arm-none-eabi/6.3.1/../../../../arm-none-eabi/lib/thumb/v6-m\libc_nano.a(lib_a-nano-freer.o)
                0x00002edc                _free_r
 .text._malloc_r
                0x00002f70       0xbc c:/program files (x86)/atmel/studio/7.0/toolchain/arm/arm-gnu-toolchain/bin/../lib/gcc/arm-none-eabi/6.3.1/../../../../arm-none-eabi/lib/thumb/v6-m\libc_nano.a(lib_a-nano-mallocr.o)
                0x00002f70                _malloc_r
 .text.__sfputc_r
                0x0000302c       0x2a c:/program files (x86)/atmel/studio/7.0/toolchain/arm/arm-gnu-toolchain/bin/../lib/gcc/arm-none-eabi/6.3.1/../../../../arm-none-eabi/lib/thumb/v6-m\libc_nano.a(lib_a-nano-vfprintf.o)
 .text.__sfputs_r
                0x00003056       0x24 c:/program files (x86)/atmel/studio/7.0/toolchain/arm/arm-gnu-toolchain/bin/../lib/gcc/arm-none-eabi/6.3.1/../../../../arm-none-eabi/lib/thumb/v6-m\libc_nano.a(lib_a-nano-vfprintf.o)
                0x00003056                __sfputs_r
 *fill*         0x0000307a        0x2 
 .text._vfprintf_r
                0x0000307c      0x238 c:/program files (x86)/atmel/studio/7.0/toolchain/arm/arm-gnu-toolchain/bin/../lib/gcc/arm-none-eabi/6.3.1/../../../../arm-none-eabi/lib/thumb/v6-m\libc_nano.a(lib_a-nano-vfprintf.o)
                0x0000307c                _vfprintf_r
                0x0000307c                _vfiprintf_r
 .text._printf_common
                0x000032b4       0xda c:/program files (x86)/atmel/studio/7.0/toolchain/arm/arm-gnu-toolchain/bin/../lib/gcc/arm-none-eabi/6.3.1/../../../../arm-none-eabi/lib/thumb/v6-m\libc_nano.a(lib_a-nano-vfprintf_i.o)
                0x000032b4                _printf_common
 *fill*         0x0000338e        0x2 
 .text._printf_i
                0x00003390      0x234 c:/program files (x86)/atmel/studio/7.0/toolchain/arm/arm-gnu-toolchain/bin/../lib/gcc/arm-none-eabi/6.3.1/../../../../arm-none-eabi/lib/thumb/v6-m\libc_nano.a(lib_a-nano-vfprintf_i.o)
                0x00003390                _printf_i
 .text.__svfscanf_r
                0x000035c4      0x30c c:/program files (x86)/atmel/studio/7.0/toolchain/arm/arm-gnu-toolchain/bin/../lib/gcc/arm-none-eabi/6.3.1/../../../../arm-none-eabi/lib/thumb/v6-m\libc_nano.a(lib_a-nano-vfscanf.o)
                0x000035c4                __svfscanf_r
                0x000035c4                __svfiscanf_r
 .text._vfscanf_r
                0x000038d0       0x50 c:/program files (x86)/atmel/studio/7.0/toolchain/arm/arm-gnu-toolchain/bin/../lib/gcc/arm-none-eabi/6.3.1/../../../../arm-none-eabi/lib/thumb/v6-m\libc_nano.a(lib_a-nano-vfscanf.o)
                0x000038d0                _vfscanf_r
                0x000038d0                _vfiscanf_r
 .text._scanf_chars
                0x00003920       0xc8 c:/program files (x86)/atmel/studio/7.0/toolchain/arm/arm-gnu-toolchain/bin/../lib/gcc/arm-none-eabi/6.3.1/../../../../arm-none-eabi/lib/thumb/v6-m\libc_nano.a(lib_a-nano-vfscanf_i.o)
                0x00003920                _scanf_chars
 .text._scanf_i
                0x000039e8      0x200 c:/program files (x86)/atmel/studio/7.0/toolchain/arm/arm-gnu-toolchain/bin/../lib/gcc/arm-none-eabi/6.3.1/../../../../arm-none-eabi/lib/thumb/v6-m\libc_nano.a(lib_a-nano-vfscanf_i.o)
                0x000039e8                _scanf_i
 .text._putc_r  0x00003be8       0x6c c:/program files (x86)/atmel/studio/7.0/toolchain/arm/arm-gnu-toolchain/bin/../lib/gcc/arm-none-eabi/6.3.1/../../../../arm-none-eabi/lib/thumb/v6-m\libc_nano.a(lib_a-putc.o)
                0x00003be8                _putc_r
 .text.lflush   0x00003c54       0x18 c:/program files (x86)/atmel/studio/7.0/toolchain/arm/arm-gnu-toolchain/bin/../lib/gcc/arm-none-eabi/6.3.1/../../../../arm-none-eabi/lib/thumb/v6-m\libc_nano.a(lib_a-refill.o)
 .text.__srefill_r
                0x00003c6c      0x120 c:/program files (x86)/atmel/studio/7.0/toolchain/arm/arm-gnu-toolchain/bin/../lib/gcc/arm-none-eabi/6.3.1/../../../../arm-none-eabi/lib/thumb/v6-m\libc_nano.a(lib_a-refill.o)
                0x00003c6c                __srefill_r
 .text._sbrk_r  0x00003d8c       0x24 c:/program files (x86)/atmel/studio/7.0/toolchain/arm/arm-gnu-toolchain/bin/../lib/gcc/arm-none-eabi/6.3.1/../../../../arm-none-eabi/lib/thumb/v6-m\libc_nano.a(lib_a-sbrkr.o)
                0x00003d8c                _sbrk_r
 .text.__sccl   0x00003db0       0x62 c:/program files (x86)/atmel/studio/7.0/toolchain/arm/arm-gnu-toolchain/bin/../lib/gcc/arm-none-eabi/6.3.1/../../../../arm-none-eabi/lib/thumb/v6-m\libc_nano.a(lib_a-sccl.o)
                0x00003db0                __sccl
 *fill*         0x00003e12        0x2 
 .text.__sread  0x00003e14       0x28 c:/program files (x86)/atmel/studio/7.0/toolchain/arm/arm-gnu-toolchain/bin/../lib/gcc/arm-none-eabi/6.3.1/../../../../arm-none-eabi/lib/thumb/v6-m\libc_nano.a(lib_a-stdio.o)
                0x00003e14                __sread
 .text.__swrite
                0x00003e3c       0x38 c:/program files (x86)/atmel/studio/7.0/toolchain/arm/arm-gnu-toolchain/bin/../lib/gcc/arm-none-eabi/6.3.1/../../../../arm-none-eabi/lib/thumb/v6-m\libc_nano.a(lib_a-stdio.o)
                0x00003e3c                __swrite
 .text.__sseek  0x00003e74       0x2c c:/program files (x86)/atmel/studio/7.0/toolchain/arm/arm-gnu-toolchain/bin/../lib/gcc/arm-none-eabi/6.3.1/../../../../arm-none-eabi/lib/thumb/v6-m\libc_nano.a(lib_a-stdio.o)
                0x00003e74                __sseek
 .text.__sclose
                0x00003ea0        0xc c:/program files (x86)/atmel/studio/7.0/toolchain/arm/arm-gnu-toolchain/bin/../lib/gcc/arm-none-eabi/6.3.1/../../../../arm-none-eabi/lib/thumb/v6-m\libc_nano.a(lib_a-stdio.o)
                0x00003ea0                __sclose
 .text._strtol_l.isra.0
                0x00003eac      0x10c c:/program files (x86)/atmel/studio/7.0/toolchain/arm/arm-gnu-toolchain/bin/../lib/gcc/arm-none-eabi/6.3.1/../../../../arm-none-eabi/lib/thumb/v6-m\libc_nano.a(lib_a-strtol.o)
 .text._strtol_r
                0x00003fb8       0x20 c:/program files (x86)/atmel/studio/7.0/toolchain/arm/arm-gnu-toolchain/bin/../lib/gcc/arm-none-eabi/6.3.1/../../../../arm-none-eabi/lib/thumb/v6-m\libc_nano.a(lib_a-strtol.o)
                0x00003fb8                _strtol_r
 .text._strtoul_l.isra.0
                0x00003fd8      0x10e c:/program files (x86)/atmel/studio/7.0/toolchain/arm/arm-gnu-toolchain/bin/../lib/gcc/arm-none-eabi/6.3.1/../../../../arm-none-eabi/lib/thumb/v6-m\libc_nano.a(lib_a-strtoul.o)
 *fill*         0x000040e6        0x2 
 .text._strtoul_r
                0x000040e8       0x20 c:/program files (x86)/atmel/studio/7.0/toolchain/arm/arm-gnu-toolchain/bin/../lib/gcc/arm-none-eabi/6.3.1/../../../../arm-none-eabi/lib/thumb/v6-m\libc_nano.a(lib_a-strtoul.o)
                0x000040e8                _strtoul_r
 .text.__submore
                0x00004108       0x7c c:/program files (x86)/atmel/studio/7.0/toolchain/arm/arm-gnu-toolchain/bin/../lib/gcc/arm-none-eabi/6.3.1/../../../../arm-none-eabi/lib/thumb/v6-m\libc_nano.a(lib_a-ungetc.o)
                0x00004108                __submore
 .text._ungetc_r
                0x00004184       0xe4 c:/program files (x86)/atmel/studio/7.0/toolchain/arm/arm-gnu-toolchain/bin/../lib/gcc/arm-none-eabi/6.3.1/../../../../arm-none-eabi/lib/thumb/v6-m\libc_nano.a(lib_a-ungetc.o)
                0x00004184                _ungetc_r
 .text._write_r
                0x00004268       0x28 c:/program files (x86)/atmel/studio/7.0/toolchain/arm/arm-gnu-toolchain/bin/../lib/gcc/arm-none-eabi/6.3.1/../../../../arm-none-eabi/lib/thumb/v6-m\libc_nano.a(lib_a-writer.o)
                0x00004268                _write_r
 .text._close_r
                0x00004290       0x24 c:/program files (x86)/atmel/studio/7.0/toolchain/arm/arm-gnu-toolchain/bin/../lib/gcc/arm-none-eabi/6.3.1/../../../../arm-none-eabi/lib/thumb/v6-m\libc_nano.a(lib_a-closer.o)
                0x00004290                _close_r
 .text._fstat_r
                0x000042b4       0x24 c:/program files (x86)/atmel/studio/7.0/toolchain/arm/arm-gnu-toolchain/bin/../lib/gcc/arm-none-eabi/6.3.1/../../../../arm-none-eabi/lib/thumb/v6-m\libc_nano.a(lib_a-fstatr.o)
                0x000042b4                _fstat_r
 .text._isatty_r
                0x000042d8       0x24 c:/program files (x86)/atmel/studio/7.0/toolchain/arm/arm-gnu-toolchain/bin/../lib/gcc/arm-none-eabi/6.3.1/../../../../arm-none-eabi/lib/thumb/v6-m\libc_nano.a(lib_a-isattyr.o)
                0x000042d8                _isatty_r
 .text.__locale_ctype_ptr_l
                0x000042fc        0x6 c:/program files (x86)/atmel/studio/7.0/toolchain/arm/arm-gnu-toolchain/bin/../lib/gcc/arm-none-eabi/6.3.1/../../../../arm-none-eabi/lib/thumb/v6-m\libc_nano.a(lib_a-locale.o)
                0x000042fc                __locale_ctype_ptr_l
 *fill*         0x00004302        0x2 
 .text.__locale_ctype_ptr
                0x00004304       0x1c c:/program files (x86)/atmel/studio/7.0/toolchain/arm/arm-gnu-toolchain/bin/../lib/gcc/arm-none-eabi/6.3.1/../../../../arm-none-eabi/lib/thumb/v6-m\libc_nano.a(lib_a-locale.o)
                0x00004304                __locale_ctype_ptr
 .text._lseek_r
                0x00004320       0x28 c:/program files (x86)/atmel/studio/7.0/toolchain/arm/arm-gnu-toolchain/bin/../lib/gcc/arm-none-eabi/6.3.1/../../../../arm-none-eabi/lib/thumb/v6-m\libc_nano.a(lib_a-lseekr.o)
                0x00004320                _lseek_r
 .text.__ascii_mbtowc
                0x00004348       0x24 c:/program files (x86)/atmel/studio/7.0/toolchain/arm/arm-gnu-toolchain/bin/../lib/gcc/arm-none-eabi/6.3.1/../../../../arm-none-eabi/lib/thumb/v6-m\libc_nano.a(lib_a-mbtowc_r.o)
                0x00004348                __ascii_mbtowc
 .text.memchr   0x0000436c       0x16 c:/program files (x86)/atmel/studio/7.0/toolchain/arm/arm-gnu-toolchain/bin/../lib/gcc/arm-none-eabi/6.3.1/../../../../arm-none-eabi/lib/thumb/v6-m\libc_nano.a(lib_a-memchr-stub.o)
                0x0000436c                memchr
 .text.__malloc_lock
                0x00004382        0x2 c:/program files (x86)/atmel/studio/7.0/toolchain/arm/arm-gnu-toolchain/bin/../lib/gcc/arm-none-eabi/6.3.1/../../../../arm-none-eabi/lib/thumb/v6-m\libc_nano.a(lib_a-mlock.o)
                0x00004382                __malloc_lock
 .text.__malloc_unlock
                0x00004384        0x2 c:/program files (x86)/atmel/studio/7.0/toolchain/arm/arm-gnu-toolchain/bin/../lib/gcc/arm-none-eabi/6.3.1/../../../../arm-none-eabi/lib/thumb/v6-m\libc_nano.a(lib_a-mlock.o)
                0x00004384                __malloc_unlock
 .text._realloc_r
                0x00004386       0x4c c:/program files (x86)/atmel/studio/7.0/toolchain/arm/arm-gnu-toolchain/bin/../lib/gcc/arm-none-eabi/6.3.1/../../../../arm-none-eabi/lib/thumb/v6-m\libc_nano.a(lib_a-nano-reallocr.o)
                0x00004386                _realloc_r
 *fill*         0x000043d2        0x2 
 .text._read_r  0x000043d4       0x28 c:/program files (x86)/atmel/studio/7.0/toolchain/arm/arm-gnu-toolchain/bin/../lib/gcc/arm-none-eabi/6.3.1/../../../../arm-none-eabi/lib/thumb/v6-m\libc_nano.a(lib_a-readr.o)
                0x000043d4                _read_r
 .text.__ascii_wctomb
                0x000043fc       0x18 c:/program files (x86)/atmel/studio/7.0/toolchain/arm/arm-gnu-toolchain/bin/../lib/gcc/arm-none-eabi/6.3.1/../../../../arm-none-eabi/lib/thumb/v6-m\libc_nano.a(lib_a-wctomb_r.o)
                0x000043fc                __ascii_wctomb
 .text._malloc_usable_size_r
                0x00004414       0x10 c:/program files (x86)/atmel/studio/7.0/toolchain/arm/arm-gnu-toolchain/bin/../lib/gcc/arm-none-eabi/6.3.1/../../../../arm-none-eabi/lib/thumb/v6-m\libc_nano.a(lib_a-nano-msizer.o)
                0x00004414                _malloc_usable_size_r
 *(.glue_7t)
 .glue_7t       0x00004424        0x0 linker stubs
 *(.glue_7)
 .glue_7        0x00004424        0x0 linker stubs
 *(.rodata .rodata* .gnu.linkonce.r.*)
 .rodata.aes132app_single_execute.str1.4
                0x00004424       0x3b aes132_example_main.o
 *fill*         0x0000445f        0x1 
 .rodata.block_read_test.str1.4
                0x00004460       0x38 aes132_example_main.o
 .rodata.main.str1.4
                0x00004498       0x1b aes132_example_main.o
 *fill*         0x000044b3        0x1 
 .rodata.parse_command.str1.4
                0x000044b4       0x22 aes132_example_main.o
 *fill*         0x000044d6        0x2 
 .rodata.printf_puthex_array.str1.4
                0x000044d8        0x5 aes132_example_main.o
 *fill*         0x000044dd        0x3 
 .rodata.read_memory_test.str1.4
                0x000044e0       0x63 aes132_example_main.o
 *fill*         0x00004543        0x1 
 .rodata.write_memory_test.str1.4
                0x00004544       0x38 aes132_example_main.o
                                 0x3a (size before relaxing)
 .rodata        0x0000457c       0x18 src/ASF/sam0/drivers/sercom/sercom.o
 .rodata.system_clock_source_get_hz
                0x00004594       0x24 src/ASF/sam0/drivers/system/clock/clock_samd21_r21_da/clock.o
 .rodata.system_clock_source_enable
                0x000045b8       0x24 src/ASF/sam0/drivers/system/clock/clock_samd21_r21_da/clock.o
 .rodata._global_impure_ptr
                0x000045dc        0x4 c:/program files (x86)/atmel/studio/7.0/toolchain/arm/arm-gnu-toolchain/bin/../lib/gcc/arm-none-eabi/6.3.1/../../../../arm-none-eabi/lib/thumb/v6-m\libc_nano.a(lib_a-impure.o)
                0x000045dc                _global_impure_ptr
 .rodata.__sf_fake_stderr
                0x000045e0       0x20 c:/program files (x86)/atmel/studio/7.0/toolchain/arm/arm-gnu-toolchain/bin/../lib/gcc/arm-none-eabi/6.3.1/../../../../arm-none-eabi/lib/thumb/v6-m\libc_nano.a(lib_a-findfp.o)
                0x000045e0                __sf_fake_stderr
 .rodata.__sf_fake_stdin
                0x00004600       0x20 c:/program files (x86)/atmel/studio/7.0/toolchain/arm/arm-gnu-toolchain/bin/../lib/gcc/arm-none-eabi/6.3.1/../../../../arm-none-eabi/lib/thumb/v6-m\libc_nano.a(lib_a-findfp.o)
                0x00004600                __sf_fake_stdin
 .rodata.__sf_fake_stdout
                0x00004620       0x20 c:/program files (x86)/atmel/studio/7.0/toolchain/arm/arm-gnu-toolchain/bin/../lib/gcc/arm-none-eabi/6.3.1/../../../../arm-none-eabi/lib/thumb/v6-m\libc_nano.a(lib_a-findfp.o)
                0x00004620                __sf_fake_stdout
 .rodata._vfprintf_r.str1.1
                0x00004640       0x11 c:/program files (x86)/atmel/studio/7.0/toolchain/arm/arm-gnu-toolchain/bin/../lib/gcc/arm-none-eabi/6.3.1/../../../../arm-none-eabi/lib/thumb/v6-m\libc_nano.a(lib_a-nano-vfprintf.o)
 .rodata._printf_i.str1.1
                0x00004651       0x22 c:/program files (x86)/atmel/studio/7.0/toolchain/arm/arm-gnu-toolchain/bin/../lib/gcc/arm-none-eabi/6.3.1/../../../../arm-none-eabi/lib/thumb/v6-m\libc_nano.a(lib_a-nano-vfprintf_i.o)
 .rodata.__svfscanf_r.str1.1
                0x00004673        0x4 c:/program files (x86)/atmel/studio/7.0/toolchain/arm/arm-gnu-toolchain/bin/../lib/gcc/arm-none-eabi/6.3.1/../../../../arm-none-eabi/lib/thumb/v6-m\libc_nano.a(lib_a-nano-vfscanf.o)
 *fill*         0x00004673        0x1 
 .rodata        0x00004674        0xc c:/program files (x86)/atmel/studio/7.0/toolchain/arm/arm-gnu-toolchain/bin/../lib/gcc/arm-none-eabi/6.3.1/../../../../arm-none-eabi/lib/thumb/v6-m\libc_nano.a(lib_a-nano-vfscanf_i.o)
 .rodata._scanf_i.str1.1
                0x00004680       0x12 c:/program files (x86)/atmel/studio/7.0/toolchain/arm/arm-gnu-toolchain/bin/../lib/gcc/arm-none-eabi/6.3.1/../../../../arm-none-eabi/lib/thumb/v6-m\libc_nano.a(lib_a-nano-vfscanf_i.o)
 .rodata.str1.1
                0x00004692        0x9 c:/program files (x86)/atmel/studio/7.0/toolchain/arm/arm-gnu-toolchain/bin/../lib/gcc/arm-none-eabi/6.3.1/../../../../arm-none-eabi/lib/thumb/v6-m\libc_nano.a(lib_a-nano-vfscanf_i.o)
 .rodata._setlocale_r.str1.1
                0x0000469b        0x8 c:/program files (x86)/atmel/studio/7.0/toolchain/arm/arm-gnu-toolchain/bin/../lib/gcc/arm-none-eabi/6.3.1/../../../../arm-none-eabi/lib/thumb/v6-m\libc_nano.a(lib_a-locale.o)
                                  0x9 (size before relaxing)
 .rodata.str1.1
                0x000046a3        0x2 c:/program files (x86)/atmel/studio/7.0/toolchain/arm/arm-gnu-toolchain/bin/../lib/gcc/arm-none-eabi/6.3.1/../../../../arm-none-eabi/lib/thumb/v6-m\libc_nano.a(lib_a-locale.o)
 .rodata._ctype_
                0x000046a5      0x101 c:/program files (x86)/atmel/studio/7.0/toolchain/arm/arm-gnu-toolchain/bin/../lib/gcc/arm-none-eabi/6.3.1/../../../../arm-none-eabi/lib/thumb/v6-m\libc_nano.a(lib_a-ctype_.o)
                0x000046a5                _ctype_
 *(.ARM.extab* .gnu.linkonce.armextab.*)
                0x000047a8                . = ALIGN (0x4)
 *fill*         0x000047a6        0x2 
 *(.init)
 .init          0x000047a8        0x4 c:/program files (x86)/atmel/studio/7.0/toolchain/arm/arm-gnu-toolchain/bin/../lib/gcc/arm-none-eabi/6.3.1/thumb/v6-m/crti.o
                0x000047a8                _init
 .init          0x000047ac        0x8 c:/program files (x86)/atmel/studio/7.0/toolchain/arm/arm-gnu-toolchain/bin/../lib/gcc/arm-none-eabi/6.3.1/thumb/v6-m/crtn.o
                0x000047b4                . = ALIGN (0x4)
                0x000047b4                __preinit_array_start = .
 *(.preinit_array)
                0x000047b4                __preinit_array_end = .
                0x000047b4                . = ALIGN (0x4)
                0x000047b4                __init_array_start = .
 *(SORT(.init_array.*))
 *(.init_array)
 .init_array    0x000047b4        0x4 c:/program files (x86)/atmel/studio/7.0/toolchain/arm/arm-gnu-toolchain/bin/../lib/gcc/arm-none-eabi/6.3.1/thumb/v6-m/crtbegin.o
                0x000047b8                __init_array_end = .
                0x000047b8                . = ALIGN (0x4)
 *crtbegin.o(.ctors)
 *(EXCLUDE_FILE(*crtend.o) .ctors)
 *(SORT(.ctors.*))
 *crtend.o(.ctors)
                0x000047b8                . = ALIGN (0x4)
 *(.fini)
 .fini          0x000047b8        0x4 c:/program files (x86)/atmel/studio/7.0/toolchain/arm/arm-gnu-toolchain/bin/../lib/gcc/arm-none-eabi/6.3.1/thumb/v6-m/crti.o
                0x000047b8                _fini
 .fini          0x000047bc        0x8 c:/program files (x86)/atmel/studio/7.0/toolchain/arm/arm-gnu-toolchain/bin/../lib/gcc/arm-none-eabi/6.3.1/thumb/v6-m/crtn.o
                0x000047c4                . = ALIGN (0x4)
                0x000047c4                __fini_array_start = .
 *(.fini_array)
 .fini_array    0x000047c4        0x4 c:/program files (x86)/atmel/studio/7.0/toolchain/arm/arm-gnu-toolchain/bin/../lib/gcc/arm-none-eabi/6.3.1/thumb/v6-m/crtbegin.o
 *(SORT(.fini_array.*))
                0x000047c8                __fini_array_end = .
 *crtbegin.o(.dtors)
 *(EXCLUDE_FILE(*crtend.o) .dtors)
 *(SORT(.dtors.*))
 *crtend.o(.dtors)
                0x000047c8                . = ALIGN (0x4)
                0x000047c8                _efixed = .
                [!provide]                PROVIDE (__exidx_start, .)

.vfp11_veneer   0x000047c8        0x0
 .vfp11_veneer  0x000047c8        0x0 linker stubs

.v4_bx          0x000047c8        0x0
 .v4_bx         0x000047c8        0x0 linker stubs

.iplt           0x000047c8        0x0
 .iplt          0x000047c8        0x0 c:/program files (x86)/atmel/studio/7.0/toolchain/arm/arm-gnu-toolchain/bin/../lib/gcc/arm-none-eabi/6.3.1/thumb/v6-m/crtbegin.o

.eh_frame       0x000047c8        0x0
 .eh_frame      0x000047c8        0x0 c:/program files (x86)/atmel/studio/7.0/toolchain/arm/arm-gnu-toolchain/bin/../lib/gcc/arm-none-eabi/6.3.1/thumb/v6-m/crtbegin.o

.rel.dyn        0x000047c8        0x0
 .rel.iplt      0x000047c8        0x0 c:/program files (x86)/atmel/studio/7.0/toolchain/arm/arm-gnu-toolchain/bin/../lib/gcc/arm-none-eabi/6.3.1/thumb/v6-m/crtbegin.o

.jcr            0x000047c8        0x0
 .jcr           0x000047c8        0x0 c:/program files (x86)/atmel/studio/7.0/toolchain/arm/arm-gnu-toolchain/bin/../lib/gcc/arm-none-eabi/6.3.1/thumb/v6-m/crtbegin.o

.igot.plt       0x000047c8        0x0
 .igot.plt      0x000047c8        0x0 c:/program files (x86)/atmel/studio/7.0/toolchain/arm/arm-gnu-toolchain/bin/../lib/gcc/arm-none-eabi/6.3.1/thumb/v6-m/crtbegin.o

.ARM.exidx
 *(.ARM.exidx* .gnu.linkonce.armexidx.*)
                [!provide]                PROVIDE (__exidx_end, .)
                0x000047c8                . = ALIGN (0x4)
                0x000047c8                _etext = .

.relocate       0x20000000      0x1d8 load address 0x000047c8
                0x20000000                . = ALIGN (0x4)
                0x20000000                _srelocate = .
 *(.ramfunc .ramfunc.*)
 *(.data .data.*)
 .data.g_interrupt_enabled
                0x20000000        0x1 src/ASF/common/utils/interrupt/interrupt_sam_nvic.o
                0x20000000                g_interrupt_enabled
 *fill*         0x20000001        0x1 
 .data.rx_byte_count
                0x20000002        0x2 aes132_example_main.o
                0x20000002                rx_byte_count
 .data.tx_buffer_write
                0x20000004        0x4 aes132_example_main.o
                0x20000004                tx_buffer_write
 .data._impure_ptr
                0x20000008        0x4 c:/program files (x86)/atmel/studio/7.0/toolchain/arm/arm-gnu-toolchain/bin/../lib/gcc/arm-none-eabi/6.3.1/../../../../arm-none-eabi/lib/thumb/v6-m\libc_nano.a(lib_a-impure.o)
                0x20000008                _impure_ptr
 .data.impure_data
                0x2000000c       0x60 c:/program files (x86)/atmel/studio/7.0/toolchain/arm/arm-gnu-toolchain/bin/../lib/gcc/arm-none-eabi/6.3.1/../../../../arm-none-eabi/lib/thumb/v6-m\libc_nano.a(lib_a-impure.o)
 .data.__global_locale
                0x2000006c      0x16c c:/program files (x86)/atmel/studio/7.0/toolchain/arm/arm-gnu-toolchain/bin/../lib/gcc/arm-none-eabi/6.3.1/../../../../arm-none-eabi/lib/thumb/v6-m\libc_nano.a(lib_a-locale.o)
                0x2000006c                __global_locale
                0x200001d8                . = ALIGN (0x4)
                0x200001d8                _erelocate = .

.bss            0x200001d8      0x200 load address 0x000049a0
                0x200001d8                . = ALIGN (0x4)
                0x200001d8                _sbss = .
                0x200001d8                _szero = .
 *(.bss .bss.*)
 .bss           0x200001d8       0x1c c:/program files (x86)/atmel/studio/7.0/toolchain/arm/arm-gnu-toolchain/bin/../lib/gcc/arm-none-eabi/6.3.1/thumb/v6-m/crtbegin.o
 .bss.cpu_irq_critical_section_counter
                0x200001f4        0x4 src/ASF/common/utils/interrupt/interrupt_sam_nvic.o
 .bss.cpu_irq_prev_interrupt_state
                0x200001f8        0x1 src/ASF/common/utils/interrupt/interrupt_sam_nvic.o
 *fill*         0x200001f9        0x3 
 .bss.heap.5296
                0x200001fc        0x4 src/ASF/sam0/utils/syscalls/gcc/syscalls.o
 .bss.cdc_uart_module
                0x20000200        0xc aes132_example_main.o
 .bss.nibble_value.12982
                0x2000020c        0x1 aes132_example_main.o
 .bss.parser_state.12981
                0x2000020d        0x1 aes132_example_main.o
 .bss.word_address
                0x2000020e        0x2 aes132_example_main.o
                0x2000020e                word_address
 .bss.spi_current_index
                0x20000210        0x1 spi_phys.o
 *fill*         0x20000211        0x3 
 .bss._sercom_config
                0x20000214        0x2 src/ASF/sam0/drivers/sercom/sercom.o
 *fill*         0x20000216        0x2 
 .bss._system_clock_inst
                0x20000218       0x18 src/ASF/sam0/drivers/system/clock/clock_samd21_r21_da/clock.o
 .bss.__malloc_free_list
                0x20000230        0x4 c:/program files (x86)/atmel/studio/7.0/toolchain/arm/arm-gnu-toolchain/bin/../lib/gcc/arm-none-eabi/6.3.1/../../../../arm-none-eabi/lib/thumb/v6-m\libc_nano.a(lib_a-nano-mallocr.o)
                0x20000230                __malloc_free_list
 .bss.__malloc_sbrk_start
                0x20000234        0x4 c:/program files (x86)/atmel/studio/7.0/toolchain/arm/arm-gnu-toolchain/bin/../lib/gcc/arm-none-eabi/6.3.1/../../../../arm-none-eabi/lib/thumb/v6-m\libc_nano.a(lib_a-nano-mallocr.o)
                0x20000234                __malloc_sbrk_start
 *(COMMON)
 COMMON         0x20000238      0x17e aes132_example_main.o
                0x20000238                g_packet_block
                0x20000338                g_packet_block_index
                0x2000033c                rx_buffer
                0x20000360                tx_buffer
                0x200003b4                serial_data
                0x200003b5                aes132_lib_return
 *fill*         0x200003b6        0x2 
 COMMON         0x200003b8        0xf spi_phys.o
                0x200003b8                spi_master_instance
                0x200003c4                slave
 *fill*         0x200003c7        0x1 
 COMMON         0x200003c8        0x4 src/ASF/sam0/utils/stdio/read.o
                0x200003c8                ptr_get
 COMMON         0x200003cc        0x8 src/ASF/sam0/utils/stdio/write.o
                0x200003cc                ptr_put
                0x200003d0                stdio_base
 COMMON         0x200003d4        0x4 c:/program files (x86)/atmel/studio/7.0/toolchain/arm/arm-gnu-toolchain/bin/../lib/gcc/arm-none-eabi/6.3.1/../../../../arm-none-eabi/lib/thumb/v6-m\libc_nano.a(lib_a-reent.o)
                0x200003d4                errno
                0x200003d8                . = ALIGN (0x4)
                0x200003d8                _ebss = .
                0x200003d8                _ezero = .

.stack          0x200003d8     0x2000 load address 0x00004ba0
                0x200003d8                . = ALIGN (0x8)
                0x200003d8                _sstack = .
                0x200023d8                . = (. + STACK_SIZE)
 *fill*         0x200003d8     0x2000 
                0x200023d8                . = ALIGN (0x8)
                0x200023d8                _estack = .
                0x200023d8                . = ALIGN (0x4)
                0x200023d8                _end = .
OUTPUT(aes132_spi_6_2.elf elf32-littlearm)

.ARM.attributes
                0x00000000       0x28
 .ARM.attributes
                0x00000000       0x1e c:/program files (x86)/atmel/studio/7.0/toolchain/arm/arm-gnu-toolchain/bin/../lib/gcc/arm-none-eabi/6.3.1/thumb/v6-m/crti.o
 .ARM.attributes
                0x0000001e       0x2c c:/program files (x86)/atmel/studio/7.0/toolchain/arm/arm-gnu-toolchain/bin/../lib/gcc/arm-none-eabi/6.3.1/thumb/v6-m/crtbegin.o
 .ARM.attributes
                0x0000004a       0x32 src/ASF/common/utils/interrupt/interrupt_sam_nvic.o
 .ARM.attributes
                0x0000007c       0x32 src/ASF/sam0/drivers/port/port.o
 .ARM.attributes
                0x000000ae       0x32 src/ASF/sam0/drivers/system/pinmux/pinmux.o
 .ARM.attributes
                0x000000e0       0x32 src/ASF/sam0/utils/syscalls/gcc/syscalls.o
 .ARM.attributes
                0x00000112       0x32 aes132_comm.o
 .ARM.attributes
                0x00000144       0x32 aes132_comm_marshaling.o
 .ARM.attributes
                0x00000176       0x32 aes132_example_main.o
 .ARM.attributes
                0x000001a8       0x32 aes132_spi.o
 .ARM.attributes
                0x000001da       0x32 spi_phys.o
 .ARM.attributes
                0x0000020c       0x32 src/ASF/sam0/boards/samd21_xplained_pro/board_init.o
 .ARM.attributes
                0x0000023e       0x32 src/ASF/sam0/drivers/sercom/sercom.o
 .ARM.attributes
                0x00000270       0x32 src/ASF/sam0/drivers/sercom/spi/spi.o
 .ARM.attributes
                0x000002a2       0x32 src/ASF/sam0/drivers/sercom/usart/usart.o
 .ARM.attributes
                0x000002d4       0x32 src/ASF/sam0/drivers/system/clock/clock_samd21_r21_da/clock.o
 .ARM.attributes
                0x00000306       0x32 src/ASF/sam0/drivers/system/clock/clock_samd21_r21_da/gclk.o
 .ARM.attributes
                0x00000338       0x32 src/ASF/sam0/drivers/system/system.o
 .ARM.attributes
                0x0000036a       0x32 src/ASF/sam0/utils/cmsis/samd21/source/gcc/startup_samd21.o
 .ARM.attributes
                0x0000039c       0x32 src/ASF/sam0/utils/stdio/read.o
 .ARM.attributes
                0x000003ce       0x32 src/ASF/sam0/utils/stdio/write.o
 .ARM.attributes
                0x00000400       0x1e c:/program files (x86)/atmel/studio/7.0/toolchain/arm/arm-gnu-toolchain/bin/../lib/gcc/arm-none-eabi/6.3.1/thumb/v6-m\libgcc.a(_udivsi3.o)
 .ARM.attributes
                0x0000041e       0x1e c:/program files (x86)/atmel/studio/7.0/toolchain/arm/arm-gnu-toolchain/bin/../lib/gcc/arm-none-eabi/6.3.1/thumb/v6-m\libgcc.a(_dvmd_tls.o)
 .ARM.attributes
                0x0000043c       0x2c c:/program files (x86)/atmel/studio/7.0/toolchain/arm/arm-gnu-toolchain/bin/../lib/gcc/arm-none-eabi/6.3.1/thumb/v6-m\libgcc.a(_muldi3.o)
 .ARM.attributes
                0x00000468       0x2c c:/program files (x86)/atmel/studio/7.0/toolchain/arm/arm-gnu-toolchain/bin/../lib/gcc/arm-none-eabi/6.3.1/../../../../arm-none-eabi/lib/thumb/v6-m\libc_nano.a(lib_a-impure.o)
 .ARM.attributes
                0x00000494       0x2c c:/program files (x86)/atmel/studio/7.0/toolchain/arm/arm-gnu-toolchain/bin/../lib/gcc/arm-none-eabi/6.3.1/../../../../arm-none-eabi/lib/thumb/v6-m\libc_nano.a(lib_a-init.o)
 .ARM.attributes
                0x000004c0       0x2c c:/program files (x86)/atmel/studio/7.0/toolchain/arm/arm-gnu-toolchain/bin/../lib/gcc/arm-none-eabi/6.3.1/../../../../arm-none-eabi/lib/thumb/v6-m\libc_nano.a(lib_a-memcmp.o)
 .ARM.attributes
                0x000004ec       0x2c c:/program files (x86)/atmel/studio/7.0/toolchain/arm/arm-gnu-toolchain/bin/../lib/gcc/arm-none-eabi/6.3.1/../../../../arm-none-eabi/lib/thumb/v6-m\libc_nano.a(lib_a-memcpy-stub.o)
 .ARM.attributes
                0x00000518       0x2c c:/program files (x86)/atmel/studio/7.0/toolchain/arm/arm-gnu-toolchain/bin/../lib/gcc/arm-none-eabi/6.3.1/../../../../arm-none-eabi/lib/thumb/v6-m\libc_nano.a(lib_a-memset.o)
 .ARM.attributes
                0x00000544       0x2c c:/program files (x86)/atmel/studio/7.0/toolchain/arm/arm-gnu-toolchain/bin/../lib/gcc/arm-none-eabi/6.3.1/../../../../arm-none-eabi/lib/thumb/v6-m\libc_nano.a(lib_a-printf.o)
 .ARM.attributes
                0x00000570       0x2c c:/program files (x86)/atmel/studio/7.0/toolchain/arm/arm-gnu-toolchain/bin/../lib/gcc/arm-none-eabi/6.3.1/../../../../arm-none-eabi/lib/thumb/v6-m\libc_nano.a(lib_a-putchar.o)
 .ARM.attributes
                0x0000059c       0x2c c:/program files (x86)/atmel/studio/7.0/toolchain/arm/arm-gnu-toolchain/bin/../lib/gcc/arm-none-eabi/6.3.1/../../../../arm-none-eabi/lib/thumb/v6-m\libc_nano.a(lib_a-puts.o)
 .ARM.attributes
                0x000005c8       0x2c c:/program files (x86)/atmel/studio/7.0/toolchain/arm/arm-gnu-toolchain/bin/../lib/gcc/arm-none-eabi/6.3.1/../../../../arm-none-eabi/lib/thumb/v6-m\libc_nano.a(lib_a-scanf.o)
 .ARM.attributes
                0x000005f4       0x2c c:/program files (x86)/atmel/studio/7.0/toolchain/arm/arm-gnu-toolchain/bin/../lib/gcc/arm-none-eabi/6.3.1/../../../../arm-none-eabi/lib/thumb/v6-m\libc_nano.a(lib_a-setbuf.o)
 .ARM.attributes
                0x00000620       0x2c c:/program files (x86)/atmel/studio/7.0/toolchain/arm/arm-gnu-toolchain/bin/../lib/gcc/arm-none-eabi/6.3.1/../../../../arm-none-eabi/lib/thumb/v6-m\libc_nano.a(lib_a-setvbuf.o)
 .ARM.attributes
                0x0000064c       0x2c c:/program files (x86)/atmel/studio/7.0/toolchain/arm/arm-gnu-toolchain/bin/../lib/gcc/arm-none-eabi/6.3.1/../../../../arm-none-eabi/lib/thumb/v6-m\libc_nano.a(lib_a-wbuf.o)
 .ARM.attributes
                0x00000678       0x2c c:/program files (x86)/atmel/studio/7.0/toolchain/arm/arm-gnu-toolchain/bin/../lib/gcc/arm-none-eabi/6.3.1/../../../../arm-none-eabi/lib/thumb/v6-m\libc_nano.a(lib_a-wsetup.o)
 .ARM.attributes
                0x000006a4       0x2c c:/program files (x86)/atmel/studio/7.0/toolchain/arm/arm-gnu-toolchain/bin/../lib/gcc/arm-none-eabi/6.3.1/../../../../arm-none-eabi/lib/thumb/v6-m\libc_nano.a(lib_a-fflush.o)
 .ARM.attributes
                0x000006d0       0x2c c:/program files (x86)/atmel/studio/7.0/toolchain/arm/arm-gnu-toolchain/bin/../lib/gcc/arm-none-eabi/6.3.1/../../../../arm-none-eabi/lib/thumb/v6-m\libc_nano.a(lib_a-findfp.o)
 .ARM.attributes
                0x000006fc       0x2c c:/program files (x86)/atmel/studio/7.0/toolchain/arm/arm-gnu-toolchain/bin/../lib/gcc/arm-none-eabi/6.3.1/../../../../arm-none-eabi/lib/thumb/v6-m\libc_nano.a(lib_a-fwalk.o)
 .ARM.attributes
                0x00000728       0x2c c:/program files (x86)/atmel/studio/7.0/toolchain/arm/arm-gnu-toolchain/bin/../lib/gcc/arm-none-eabi/6.3.1/../../../../arm-none-eabi/lib/thumb/v6-m\libc_nano.a(lib_a-makebuf.o)
 .ARM.attributes
                0x00000754       0x2c c:/program files (x86)/atmel/studio/7.0/toolchain/arm/arm-gnu-toolchain/bin/../lib/gcc/arm-none-eabi/6.3.1/../../../../arm-none-eabi/lib/thumb/v6-m\libc_nano.a(lib_a-malloc.o)
 .ARM.attributes
                0x00000780       0x2c c:/program files (x86)/atmel/studio/7.0/toolchain/arm/arm-gnu-toolchain/bin/../lib/gcc/arm-none-eabi/6.3.1/../../../../arm-none-eabi/lib/thumb/v6-m\libc_nano.a(lib_a-nano-freer.o)
 .ARM.attributes
                0x000007ac       0x2c c:/program files (x86)/atmel/studio/7.0/toolchain/arm/arm-gnu-toolchain/bin/../lib/gcc/arm-none-eabi/6.3.1/../../../../arm-none-eabi/lib/thumb/v6-m\libc_nano.a(lib_a-nano-mallocr.o)
 .ARM.attributes
                0x000007d8       0x2c c:/program files (x86)/atmel/studio/7.0/toolchain/arm/arm-gnu-toolchain/bin/../lib/gcc/arm-none-eabi/6.3.1/../../../../arm-none-eabi/lib/thumb/v6-m\libc_nano.a(lib_a-nano-vfprintf.o)
 .ARM.attributes
                0x00000804       0x2c c:/program files (x86)/atmel/studio/7.0/toolchain/arm/arm-gnu-toolchain/bin/../lib/gcc/arm-none-eabi/6.3.1/../../../../arm-none-eabi/lib/thumb/v6-m\libc_nano.a(lib_a-nano-vfprintf_i.o)
 .ARM.attributes
                0x00000830       0x2c c:/program files (x86)/atmel/studio/7.0/toolchain/arm/arm-gnu-toolchain/bin/../lib/gcc/arm-none-eabi/6.3.1/../../../../arm-none-eabi/lib/thumb/v6-m\libc_nano.a(lib_a-nano-vfscanf.o)
 .ARM.attributes
                0x0000085c       0x2c c:/program files (x86)/atmel/studio/7.0/toolchain/arm/arm-gnu-toolchain/bin/../lib/gcc/arm-none-eabi/6.3.1/../../../../arm-none-eabi/lib/thumb/v6-m\libc_nano.a(lib_a-nano-vfscanf_i.o)
 .ARM.attributes
                0x00000888       0x2c c:/program files (x86)/atmel/studio/7.0/toolchain/arm/arm-gnu-toolchain/bin/../lib/gcc/arm-none-eabi/6.3.1/../../../../arm-none-eabi/lib/thumb/v6-m\libc_nano.a(lib_a-putc.o)
 .ARM.attributes
                0x000008b4       0x2c c:/program files (x86)/atmel/studio/7.0/toolchain/arm/arm-gnu-toolchain/bin/../lib/gcc/arm-none-eabi/6.3.1/../../../../arm-none-eabi/lib/thumb/v6-m\libc_nano.a(lib_a-refill.o)
 .ARM.attributes
                0x000008e0       0x2c c:/program files (x86)/atmel/studio/7.0/toolchain/arm/arm-gnu-toolchain/bin/../lib/gcc/arm-none-eabi/6.3.1/../../../../arm-none-eabi/lib/thumb/v6-m\libc_nano.a(lib_a-sbrkr.o)
 .ARM.attributes
                0x0000090c       0x2c c:/program files (x86)/atmel/studio/7.0/toolchain/arm/arm-gnu-toolchain/bin/../lib/gcc/arm-none-eabi/6.3.1/../../../../arm-none-eabi/lib/thumb/v6-m\libc_nano.a(lib_a-sccl.o)
 .ARM.attributes
                0x00000938       0x2c c:/program files (x86)/atmel/studio/7.0/toolchain/arm/arm-gnu-toolchain/bin/../lib/gcc/arm-none-eabi/6.3.1/../../../../arm-none-eabi/lib/thumb/v6-m\libc_nano.a(lib_a-stdio.o)
 .ARM.attributes
                0x00000964       0x2c c:/program files (x86)/atmel/studio/7.0/toolchain/arm/arm-gnu-toolchain/bin/../lib/gcc/arm-none-eabi/6.3.1/../../../../arm-none-eabi/lib/thumb/v6-m\libc_nano.a(lib_a-strtol.o)
 .ARM.attributes
                0x00000990       0x2c c:/program files (x86)/atmel/studio/7.0/toolchain/arm/arm-gnu-toolchain/bin/../lib/gcc/arm-none-eabi/6.3.1/../../../../arm-none-eabi/lib/thumb/v6-m\libc_nano.a(lib_a-strtoul.o)
 .ARM.attributes
                0x000009bc       0x2c c:/program files (x86)/atmel/studio/7.0/toolchain/arm/arm-gnu-toolchain/bin/../lib/gcc/arm-none-eabi/6.3.1/../../../../arm-none-eabi/lib/thumb/v6-m\libc_nano.a(lib_a-ungetc.o)
 .ARM.attributes
                0x000009e8       0x2c c:/program files (x86)/atmel/studio/7.0/toolchain/arm/arm-gnu-toolchain/bin/../lib/gcc/arm-none-eabi/6.3.1/../../../../arm-none-eabi/lib/thumb/v6-m\libc_nano.a(lib_a-writer.o)
 .ARM.attributes
                0x00000a14       0x2c c:/program files (x86)/atmel/studio/7.0/toolchain/arm/arm-gnu-toolchain/bin/../lib/gcc/arm-none-eabi/6.3.1/../../../../arm-none-eabi/lib/thumb/v6-m\libc_nano.a(lib_a-closer.o)
 .ARM.attributes
                0x00000a40       0x2c c:/program files (x86)/atmel/studio/7.0/toolchain/arm/arm-gnu-toolchain/bin/../lib/gcc/arm-none-eabi/6.3.1/../../../../arm-none-eabi/lib/thumb/v6-m\libc_nano.a(lib_a-fstatr.o)
 .ARM.attributes
                0x00000a6c       0x2c c:/program files (x86)/atmel/studio/7.0/toolchain/arm/arm-gnu-toolchain/bin/../lib/gcc/arm-none-eabi/6.3.1/../../../../arm-none-eabi/lib/thumb/v6-m\libc_nano.a(lib_a-isattyr.o)
 .ARM.attributes
                0x00000a98       0x2c c:/program files (x86)/atmel/studio/7.0/toolchain/arm/arm-gnu-toolchain/bin/../lib/gcc/arm-none-eabi/6.3.1/../../../../arm-none-eabi/lib/thumb/v6-m\libc_nano.a(lib_a-locale.o)
 .ARM.attributes
                0x00000ac4       0x2c c:/program files (x86)/atmel/studio/7.0/toolchain/arm/arm-gnu-toolchain/bin/../lib/gcc/arm-none-eabi/6.3.1/../../../../arm-none-eabi/lib/thumb/v6-m\libc_nano.a(lib_a-lseekr.o)
 .ARM.attributes
                0x00000af0       0x2c c:/program files (x86)/atmel/studio/7.0/toolchain/arm/arm-gnu-toolchain/bin/../lib/gcc/arm-none-eabi/6.3.1/../../../../arm-none-eabi/lib/thumb/v6-m\libc_nano.a(lib_a-mbtowc_r.o)
 .ARM.attributes
                0x00000b1c       0x2c c:/program files (x86)/atmel/studio/7.0/toolchain/arm/arm-gnu-toolchain/bin/../lib/gcc/arm-none-eabi/6.3.1/../../../../arm-none-eabi/lib/thumb/v6-m\libc_nano.a(lib_a-memchr-stub.o)
 .ARM.attributes
                0x00000b48       0x2c c:/program files (x86)/atmel/studio/7.0/toolchain/arm/arm-gnu-toolchain/bin/../lib/gcc/arm-none-eabi/6.3.1/../../../../arm-none-eabi/lib/thumb/v6-m\libc_nano.a(lib_a-mlock.o)
 .ARM.attributes
                0x00000b74       0x2c c:/program files (x86)/atmel/studio/7.0/toolchain/arm/arm-gnu-toolchain/bin/../lib/gcc/arm-none-eabi/6.3.1/../../../../arm-none-eabi/lib/thumb/v6-m\libc_nano.a(lib_a-nano-reallocr.o)
 .ARM.attributes
                0x00000ba0       0x2c c:/program files (x86)/atmel/studio/7.0/toolchain/arm/arm-gnu-toolchain/bin/../lib/gcc/arm-none-eabi/6.3.1/../../../../arm-none-eabi/lib/thumb/v6-m\libc_nano.a(lib_a-readr.o)
 .ARM.attributes
                0x00000bcc       0x2c c:/program files (x86)/atmel/studio/7.0/toolchain/arm/arm-gnu-toolchain/bin/../lib/gcc/arm-none-eabi/6.3.1/../../../../arm-none-eabi/lib/thumb/v6-m\libc_nano.a(lib_a-reent.o)
 .ARM.attributes
                0x00000bf8       0x2c c:/program files (x86)/atmel/studio/7.0/toolchain/arm/arm-gnu-toolchain/bin/../lib/gcc/arm-none-eabi/6.3.1/../../../../arm-none-eabi/lib/thumb/v6-m\libc_nano.a(lib_a-wctomb_r.o)
 .ARM.attributes
                0x00000c24       0x2c c:/program files (x86)/atmel/studio/7.0/toolchain/arm/arm-gnu-toolchain/bin/../lib/gcc/arm-none-eabi/6.3.1/../../../../arm-none-eabi/lib/thumb/v6-m\libc_nano.a(lib_a-ctype_.o)
 .ARM.attributes
                0x00000c50       0x2c c:/program files (x86)/atmel/studio/7.0/toolchain/arm/arm-gnu-toolchain/bin/../lib/gcc/arm-none-eabi/6.3.1/../../../../arm-none-eabi/lib/thumb/v6-m\libc_nano.a(lib_a-nano-msizer.o)
 .ARM.attributes
                0x00000c7c       0x1e c:/program files (x86)/atmel/studio/7.0/toolchain/arm/arm-gnu-toolchain/bin/../lib/gcc/arm-none-eabi/6.3.1/thumb/v6-m/crtn.o

.comment        0x00000000       0x59
 .comment       0x00000000       0x59 src/ASF/common/utils/interrupt/interrupt_sam_nvic.o
                                 0x5a (size before relaxing)
 .comment       0x00000059       0x5a src/ASF/sam0/drivers/port/port.o
 .comment       0x00000059       0x5a src/ASF/sam0/drivers/system/pinmux/pinmux.o
 .comment       0x00000059       0x5a src/ASF/sam0/utils/syscalls/gcc/syscalls.o
 .comment       0x00000059       0x5a aes132_comm.o
 .comment       0x00000059       0x5a aes132_comm_marshaling.o
 .comment       0x00000059       0x5a aes132_example_main.o
 .comment       0x00000059       0x5a aes132_spi.o
 .comment       0x00000059       0x5a spi_phys.o
 .comment       0x00000059       0x5a src/ASF/sam0/boards/samd21_xplained_pro/board_init.o
 .comment       0x00000059       0x5a src/ASF/sam0/drivers/sercom/sercom.o
 .comment       0x00000059       0x5a src/ASF/sam0/drivers/sercom/spi/spi.o
 .comment       0x00000059       0x5a src/ASF/sam0/drivers/sercom/usart/usart.o
 .comment       0x00000059       0x5a src/ASF/sam0/drivers/system/clock/clock_samd21_r21_da/clock.o
 .comment       0x00000059       0x5a src/ASF/sam0/drivers/system/clock/clock_samd21_r21_da/gclk.o
 .comment       0x00000059       0x5a src/ASF/sam0/drivers/system/system.o
 .comment       0x00000059       0x5a src/ASF/sam0/utils/cmsis/samd21/source/gcc/startup_samd21.o
 .comment       0x00000059       0x5a src/ASF/sam0/utils/stdio/read.o
 .comment       0x00000059       0x5a src/ASF/sam0/utils/stdio/write.o

.debug_info     0x00000000    0x27fff
 .debug_info    0x00000000      0xb07 src/ASF/common/utils/interrupt/interrupt_sam_nvic.o
 .debug_info    0x00000b07     0x12b8 src/ASF/sam0/drivers/port/port.o
 .debug_info    0x00001dbf     0x1376 src/ASF/sam0/drivers/system/pinmux/pinmux.o
 .debug_info    0x00003135      0xdca src/ASF/sam0/utils/syscalls/gcc/syscalls.o
 .debug_info    0x00003eff     0x11fb aes132_comm.o
 .debug_info    0x000050fa      0xc6b aes132_comm_marshaling.o
 .debug_info    0x00005d65     0x39c2 aes132_example_main.o
 .debug_info    0x00009727      0xd84 aes132_spi.o
 .debug_info    0x0000a4ab     0x3a2c spi_phys.o
 .debug_info    0x0000ded7     0x12af src/ASF/sam0/boards/samd21_xplained_pro/board_init.o
 .debug_info    0x0000f186     0x2e26 src/ASF/sam0/drivers/sercom/sercom.o
 .debug_info    0x00011fac     0x662e src/ASF/sam0/drivers/sercom/spi/spi.o
 .debug_info    0x000185da     0x4945 src/ASF/sam0/drivers/sercom/usart/usart.o
 .debug_info    0x0001cf1f     0x37be src/ASF/sam0/drivers/system/clock/clock_samd21_r21_da/clock.o
 .debug_info    0x000206dd     0x1ee6 src/ASF/sam0/drivers/system/clock/clock_samd21_r21_da/gclk.o
 .debug_info    0x000225c3      0xa6e src/ASF/sam0/drivers/system/system.o
 .debug_info    0x00023031     0x3a33 src/ASF/sam0/utils/cmsis/samd21/source/gcc/startup_samd21.o
 .debug_info    0x00026a64      0xacf src/ASF/sam0/utils/stdio/read.o
 .debug_info    0x00027533      0xacc src/ASF/sam0/utils/stdio/write.o

.debug_abbrev   0x00000000     0x3ab2
 .debug_abbrev  0x00000000      0x22c src/ASF/common/utils/interrupt/interrupt_sam_nvic.o
 .debug_abbrev  0x0000022c      0x298 src/ASF/sam0/drivers/port/port.o
 .debug_abbrev  0x000004c4      0x332 src/ASF/sam0/drivers/system/pinmux/pinmux.o
 .debug_abbrev  0x000007f6      0x25a src/ASF/sam0/utils/syscalls/gcc/syscalls.o
 .debug_abbrev  0x00000a50      0x2a8 aes132_comm.o
 .debug_abbrev  0x00000cf8      0x20c aes132_comm_marshaling.o
 .debug_abbrev  0x00000f04      0x49b aes132_example_main.o
 .debug_abbrev  0x0000139f      0x278 aes132_spi.o
 .debug_abbrev  0x00001617      0x3ef spi_phys.o
 .debug_abbrev  0x00001a06      0x2dc src/ASF/sam0/boards/samd21_xplained_pro/board_init.o
 .debug_abbrev  0x00001ce2      0x3aa src/ASF/sam0/drivers/sercom/sercom.o
 .debug_abbrev  0x0000208c      0x532 src/ASF/sam0/drivers/sercom/spi/spi.o
 .debug_abbrev  0x000025be      0x46e src/ASF/sam0/drivers/sercom/usart/usart.o
 .debug_abbrev  0x00002a2c      0x465 src/ASF/sam0/drivers/system/clock/clock_samd21_r21_da/clock.o
 .debug_abbrev  0x00002e91      0x3f1 src/ASF/sam0/drivers/system/clock/clock_samd21_r21_da/gclk.o
 .debug_abbrev  0x00003282      0x1e1 src/ASF/sam0/drivers/system/system.o
 .debug_abbrev  0x00003463      0x234 src/ASF/sam0/utils/cmsis/samd21/source/gcc/startup_samd21.o
 .debug_abbrev  0x00003697      0x218 src/ASF/sam0/utils/stdio/read.o
 .debug_abbrev  0x000038af      0x203 src/ASF/sam0/utils/stdio/write.o

.debug_aranges  0x00000000      0x538
 .debug_aranges
                0x00000000       0x28 src/ASF/common/utils/interrupt/interrupt_sam_nvic.o
 .debug_aranges
                0x00000028       0x28 src/ASF/sam0/drivers/port/port.o
 .debug_aranges
                0x00000050       0x38 src/ASF/sam0/drivers/system/pinmux/pinmux.o
 .debug_aranges
                0x00000088       0x60 src/ASF/sam0/utils/syscalls/gcc/syscalls.o
 .debug_aranges
                0x000000e8       0x90 aes132_comm.o
 .debug_aranges
                0x00000178       0x30 aes132_comm_marshaling.o
 .debug_aranges
                0x000001a8       0x78 aes132_example_main.o
 .debug_aranges
                0x00000220       0x48 aes132_spi.o
 .debug_aranges
                0x00000268       0x50 spi_phys.o
 .debug_aranges
                0x000002b8       0x20 src/ASF/sam0/boards/samd21_xplained_pro/board_init.o
 .debug_aranges
                0x000002d8       0x40 src/ASF/sam0/drivers/sercom/sercom.o
 .debug_aranges
                0x00000318       0x58 src/ASF/sam0/drivers/sercom/spi/spi.o
 .debug_aranges
                0x00000370       0x40 src/ASF/sam0/drivers/sercom/usart/usart.o
 .debug_aranges
                0x000003b0       0x78 src/ASF/sam0/drivers/system/clock/clock_samd21_r21_da/clock.o
 .debug_aranges
                0x00000428       0x80 src/ASF/sam0/drivers/system/clock/clock_samd21_r21_da/gclk.o
 .debug_aranges
                0x000004a8       0x28 src/ASF/sam0/drivers/system/system.o
 .debug_aranges
                0x000004d0       0x28 src/ASF/sam0/utils/cmsis/samd21/source/gcc/startup_samd21.o
 .debug_aranges
                0x000004f8       0x20 src/ASF/sam0/utils/stdio/read.o
 .debug_aranges
                0x00000518       0x20 src/ASF/sam0/utils/stdio/write.o

.debug_ranges   0x00000000      0x9c8
 .debug_ranges  0x00000000       0x18 src/ASF/common/utils/interrupt/interrupt_sam_nvic.o
 .debug_ranges  0x00000018       0x18 src/ASF/sam0/drivers/port/port.o
 .debug_ranges  0x00000030       0x28 src/ASF/sam0/drivers/system/pinmux/pinmux.o
 .debug_ranges  0x00000058       0x50 src/ASF/sam0/utils/syscalls/gcc/syscalls.o
 .debug_ranges  0x000000a8       0x80 aes132_comm.o
 .debug_ranges  0x00000128       0x20 aes132_comm_marshaling.o
 .debug_ranges  0x00000148       0x68 aes132_example_main.o
 .debug_ranges  0x000001b0       0x38 aes132_spi.o
 .debug_ranges  0x000001e8       0x40 spi_phys.o
 .debug_ranges  0x00000228       0x10 src/ASF/sam0/boards/samd21_xplained_pro/board_init.o
 .debug_ranges  0x00000238       0x68 src/ASF/sam0/drivers/sercom/sercom.o
 .debug_ranges  0x000002a0      0x4a0 src/ASF/sam0/drivers/sercom/spi/spi.o
 .debug_ranges  0x00000740      0x148 src/ASF/sam0/drivers/sercom/usart/usart.o
 .debug_ranges  0x00000888       0x68 src/ASF/sam0/drivers/system/clock/clock_samd21_r21_da/clock.o
 .debug_ranges  0x000008f0       0x88 src/ASF/sam0/drivers/system/clock/clock_samd21_r21_da/gclk.o
 .debug_ranges  0x00000978       0x18 src/ASF/sam0/drivers/system/system.o
 .debug_ranges  0x00000990       0x18 src/ASF/sam0/utils/cmsis/samd21/source/gcc/startup_samd21.o
 .debug_ranges  0x000009a8       0x10 src/ASF/sam0/utils/stdio/read.o
 .debug_ranges  0x000009b8       0x10 src/ASF/sam0/utils/stdio/write.o

.debug_macro    0x00000000    0x1afdd
 .debug_macro   0x00000000      0x512 src/ASF/common/utils/interrupt/interrupt_sam_nvic.o
 .debug_macro   0x00000512      0x8c8 src/ASF/common/utils/interrupt/interrupt_sam_nvic.o
 .debug_macro   0x00000dda      0x16d src/ASF/common/utils/interrupt/interrupt_sam_nvic.o
 .debug_macro   0x00000f47      0x517 src/ASF/common/utils/interrupt/interrupt_sam_nvic.o
 .debug_macro   0x0000145e       0x22 src/ASF/common/utils/interrupt/interrupt_sam_nvic.o
 .debug_macro   0x00001480       0x87 src/ASF/common/utils/interrupt/interrupt_sam_nvic.o
 .debug_macro   0x00001507       0x51 src/ASF/common/utils/interrupt/interrupt_sam_nvic.o
 .debug_macro   0x00001558       0xef src/ASF/common/utils/interrupt/interrupt_sam_nvic.o
 .debug_macro   0x00001647       0x6a src/ASF/common/utils/interrupt/interrupt_sam_nvic.o
 .debug_macro   0x000016b1      0x1df src/ASF/common/utils/interrupt/interrupt_sam_nvic.o
 .debug_macro   0x00001890       0x10 src/ASF/common/utils/interrupt/interrupt_sam_nvic.o
 .debug_macro   0x000018a0       0x76 src/ASF/common/utils/interrupt/interrupt_sam_nvic.o
 .debug_macro   0x00001916       0x16 src/ASF/common/utils/interrupt/interrupt_sam_nvic.o
 .debug_macro   0x0000192c      0x6e5 src/ASF/common/utils/interrupt/interrupt_sam_nvic.o
 .debug_macro   0x00002011      0xde2 src/ASF/common/utils/interrupt/interrupt_sam_nvic.o
 .debug_macro   0x00002df3       0x22 src/ASF/common/utils/interrupt/interrupt_sam_nvic.o
 .debug_macro   0x00002e15       0x40 src/ASF/common/utils/interrupt/interrupt_sam_nvic.o
 .debug_macro   0x00002e55       0x3a src/ASF/common/utils/interrupt/interrupt_sam_nvic.o
 .debug_macro   0x00002e8f       0x1f src/ASF/common/utils/interrupt/interrupt_sam_nvic.o
 .debug_macro   0x00002eae      0x250 src/ASF/common/utils/interrupt/interrupt_sam_nvic.o
 .debug_macro   0x000030fe      0x682 src/ASF/common/utils/interrupt/interrupt_sam_nvic.o
 .debug_macro   0x00003780      0x8c1 src/ASF/common/utils/interrupt/interrupt_sam_nvic.o
 .debug_macro   0x00004041      0x235 src/ASF/common/utils/interrupt/interrupt_sam_nvic.o
 .debug_macro   0x00004276      0xd66 src/ASF/common/utils/interrupt/interrupt_sam_nvic.o
 .debug_macro   0x00004fdc      0x4ce src/ASF/common/utils/interrupt/interrupt_sam_nvic.o
 .debug_macro   0x000054aa      0x9fb src/ASF/common/utils/interrupt/interrupt_sam_nvic.o
 .debug_macro   0x00005ea5      0x82e src/ASF/common/utils/interrupt/interrupt_sam_nvic.o
 .debug_macro   0x000066d3      0x462 src/ASF/common/utils/interrupt/interrupt_sam_nvic.o
 .debug_macro   0x00006b35       0x5e src/ASF/common/utils/interrupt/interrupt_sam_nvic.o
 .debug_macro   0x00006b93      0x907 src/ASF/common/utils/interrupt/interrupt_sam_nvic.o
 .debug_macro   0x0000749a      0x226 src/ASF/common/utils/interrupt/interrupt_sam_nvic.o
 .debug_macro   0x000076c0      0x95c src/ASF/common/utils/interrupt/interrupt_sam_nvic.o
 .debug_macro   0x0000801c       0x5e src/ASF/common/utils/interrupt/interrupt_sam_nvic.o
 .debug_macro   0x0000807a      0x682 src/ASF/common/utils/interrupt/interrupt_sam_nvic.o
 .debug_macro   0x000086fc      0x3b8 src/ASF/common/utils/interrupt/interrupt_sam_nvic.o
 .debug_macro   0x00008ab4      0xc55 src/ASF/common/utils/interrupt/interrupt_sam_nvic.o
 .debug_macro   0x00009709     0x1093 src/ASF/common/utils/interrupt/interrupt_sam_nvic.o
 .debug_macro   0x0000a79c      0xc4a src/ASF/common/utils/interrupt/interrupt_sam_nvic.o
 .debug_macro   0x0000b3e6      0x6c2 src/ASF/common/utils/interrupt/interrupt_sam_nvic.o
 .debug_macro   0x0000baa8     0x1b4e src/ASF/common/utils/interrupt/interrupt_sam_nvic.o
 .debug_macro   0x0000d5f6     0x144d src/ASF/common/utils/interrupt/interrupt_sam_nvic.o
 .debug_macro   0x0000ea43      0x351 src/ASF/common/utils/interrupt/interrupt_sam_nvic.o
 .debug_macro   0x0000ed94       0x7c src/ASF/common/utils/interrupt/interrupt_sam_nvic.o
 .debug_macro   0x0000ee10       0xa0 src/ASF/common/utils/interrupt/interrupt_sam_nvic.o
 .debug_macro   0x0000eeb0       0x4c src/ASF/common/utils/interrupt/interrupt_sam_nvic.o
 .debug_macro   0x0000eefc       0xca src/ASF/common/utils/interrupt/interrupt_sam_nvic.o
 .debug_macro   0x0000efc6       0x94 src/ASF/common/utils/interrupt/interrupt_sam_nvic.o
 .debug_macro   0x0000f05a       0x58 src/ASF/common/utils/interrupt/interrupt_sam_nvic.o
 .debug_macro   0x0000f0b2      0x38a src/ASF/common/utils/interrupt/interrupt_sam_nvic.o
 .debug_macro   0x0000f43c       0x82 src/ASF/common/utils/interrupt/interrupt_sam_nvic.o
 .debug_macro   0x0000f4be      0x19a src/ASF/common/utils/interrupt/interrupt_sam_nvic.o
 .debug_macro   0x0000f658       0xb8 src/ASF/common/utils/interrupt/interrupt_sam_nvic.o
 .debug_macro   0x0000f710       0xa0 src/ASF/common/utils/interrupt/interrupt_sam_nvic.o
 .debug_macro   0x0000f7b0       0xbe src/ASF/common/utils/interrupt/interrupt_sam_nvic.o
 .debug_macro   0x0000f86e       0x1c src/ASF/common/utils/interrupt/interrupt_sam_nvic.o
 .debug_macro   0x0000f88a       0x1c src/ASF/common/utils/interrupt/interrupt_sam_nvic.o
 .debug_macro   0x0000f8a6       0x1c src/ASF/common/utils/interrupt/interrupt_sam_nvic.o
 .debug_macro   0x0000f8c2       0x82 src/ASF/common/utils/interrupt/interrupt_sam_nvic.o
 .debug_macro   0x0000f944      0x164 src/ASF/common/utils/interrupt/interrupt_sam_nvic.o
 .debug_macro   0x0000faa8       0xdc src/ASF/common/utils/interrupt/interrupt_sam_nvic.o
 .debug_macro   0x0000fb84      0x132 src/ASF/common/utils/interrupt/interrupt_sam_nvic.o
 .debug_macro   0x0000fcb6      0x132 src/ASF/common/utils/interrupt/interrupt_sam_nvic.o
 .debug_macro   0x0000fde8      0x132 src/ASF/common/utils/interrupt/interrupt_sam_nvic.o
 .debug_macro   0x0000ff1a      0x132 src/ASF/common/utils/interrupt/interrupt_sam_nvic.o
 .debug_macro   0x0001004c      0x132 src/ASF/common/utils/interrupt/interrupt_sam_nvic.o
 .debug_macro   0x0001017e      0x132 src/ASF/common/utils/interrupt/interrupt_sam_nvic.o
 .debug_macro   0x000102b0      0x11e src/ASF/common/utils/interrupt/interrupt_sam_nvic.o
 .debug_macro   0x000103ce       0xe2 src/ASF/common/utils/interrupt/interrupt_sam_nvic.o
 .debug_macro   0x000104b0       0xe2 src/ASF/common/utils/interrupt/interrupt_sam_nvic.o
 .debug_macro   0x00010592       0xe2 src/ASF/common/utils/interrupt/interrupt_sam_nvic.o
 .debug_macro   0x00010674       0xe2 src/ASF/common/utils/interrupt/interrupt_sam_nvic.o
 .debug_macro   0x00010756       0xe2 src/ASF/common/utils/interrupt/interrupt_sam_nvic.o
 .debug_macro   0x00010838      0x136 src/ASF/common/utils/interrupt/interrupt_sam_nvic.o
 .debug_macro   0x0001096e      0x106 src/ASF/common/utils/interrupt/interrupt_sam_nvic.o
 .debug_macro   0x00010a74       0xfa src/ASF/common/utils/interrupt/interrupt_sam_nvic.o
 .debug_macro   0x00010b6e      0x40f src/ASF/common/utils/interrupt/interrupt_sam_nvic.o
 .debug_macro   0x00010f7d       0x40 src/ASF/common/utils/interrupt/interrupt_sam_nvic.o
 .debug_macro   0x00010fbd      0x37d src/ASF/common/utils/interrupt/interrupt_sam_nvic.o
 .debug_macro   0x0001133a     0x1e5c src/ASF/common/utils/interrupt/interrupt_sam_nvic.o
 .debug_macro   0x00013196       0x51 src/ASF/common/utils/interrupt/interrupt_sam_nvic.o
 .debug_macro   0x000131e7       0x58 src/ASF/common/utils/interrupt/interrupt_sam_nvic.o
 .debug_macro   0x0001323f       0x35 src/ASF/common/utils/interrupt/interrupt_sam_nvic.o
 .debug_macro   0x00013274       0x9c src/ASF/common/utils/interrupt/interrupt_sam_nvic.o
 .debug_macro   0x00013310       0x16 src/ASF/common/utils/interrupt/interrupt_sam_nvic.o
 .debug_macro   0x00013326       0x35 src/ASF/common/utils/interrupt/interrupt_sam_nvic.o
 .debug_macro   0x0001335b      0x353 src/ASF/common/utils/interrupt/interrupt_sam_nvic.o
 .debug_macro   0x000136ae       0x10 src/ASF/common/utils/interrupt/interrupt_sam_nvic.o
 .debug_macro   0x000136be       0x58 src/ASF/common/utils/interrupt/interrupt_sam_nvic.o
 .debug_macro   0x00013716       0x1f src/ASF/common/utils/interrupt/interrupt_sam_nvic.o
 .debug_macro   0x00013735       0x43 src/ASF/common/utils/interrupt/interrupt_sam_nvic.o
 .debug_macro   0x00013778       0x20 src/ASF/common/utils/interrupt/interrupt_sam_nvic.o
 .debug_macro   0x00013798      0x187 src/ASF/common/utils/interrupt/interrupt_sam_nvic.o
 .debug_macro   0x0001391f       0x10 src/ASF/common/utils/interrupt/interrupt_sam_nvic.o
 .debug_macro   0x0001392f       0x1c src/ASF/common/utils/interrupt/interrupt_sam_nvic.o
 .debug_macro   0x0001394b       0x52 src/ASF/common/utils/interrupt/interrupt_sam_nvic.o
 .debug_macro   0x0001399d       0x40 src/ASF/common/utils/interrupt/interrupt_sam_nvic.o
 .debug_macro   0x000139dd       0x10 src/ASF/common/utils/interrupt/interrupt_sam_nvic.o
 .debug_macro   0x000139ed       0x40 src/ASF/common/utils/interrupt/interrupt_sam_nvic.o
 .debug_macro   0x00013a2d       0xd7 src/ASF/common/utils/interrupt/interrupt_sam_nvic.o
 .debug_macro   0x00013b04       0x16 src/ASF/common/utils/interrupt/interrupt_sam_nvic.o
 .debug_macro   0x00013b1a      0x18b src/ASF/common/utils/interrupt/interrupt_sam_nvic.o
 .debug_macro   0x00013ca5       0x16 src/ASF/common/utils/interrupt/interrupt_sam_nvic.o
 .debug_macro   0x00013cbb       0x16 src/ASF/common/utils/interrupt/interrupt_sam_nvic.o
 .debug_macro   0x00013cd1       0x29 src/ASF/common/utils/interrupt/interrupt_sam_nvic.o
 .debug_macro   0x00013cfa       0x51 src/ASF/common/utils/interrupt/interrupt_sam_nvic.o
 .debug_macro   0x00013d4b      0x3df src/ASF/common/utils/interrupt/interrupt_sam_nvic.o
 .debug_macro   0x0001412a       0x3f src/ASF/common/utils/interrupt/interrupt_sam_nvic.o
 .debug_macro   0x00014169      0x52c src/ASF/sam0/drivers/port/port.o
 .debug_macro   0x00014695       0x11 src/ASF/sam0/drivers/port/port.o
 .debug_macro   0x000146a6       0x12 src/ASF/sam0/drivers/port/port.o
 .debug_macro   0x000146b8      0x524 src/ASF/sam0/drivers/system/pinmux/pinmux.o
 .debug_macro   0x00014bdc      0x1d6 src/ASF/sam0/utils/syscalls/gcc/syscalls.o
 .debug_macro   0x00014db2       0x52 src/ASF/sam0/utils/syscalls/gcc/syscalls.o
 .debug_macro   0x00014e04       0x8d src/ASF/sam0/utils/syscalls/gcc/syscalls.o
 .debug_macro   0x00014e91       0x57 src/ASF/sam0/utils/syscalls/gcc/syscalls.o
 .debug_macro   0x00014ee8       0x97 src/ASF/sam0/utils/syscalls/gcc/syscalls.o
 .debug_macro   0x00014f7f       0xf6 src/ASF/sam0/utils/syscalls/gcc/syscalls.o
 .debug_macro   0x00015075       0x4c src/ASF/sam0/utils/syscalls/gcc/syscalls.o
 .debug_macro   0x000150c1       0x16 src/ASF/sam0/utils/syscalls/gcc/syscalls.o
 .debug_macro   0x000150d7       0x10 src/ASF/sam0/utils/syscalls/gcc/syscalls.o
 .debug_macro   0x000150e7       0x10 src/ASF/sam0/utils/syscalls/gcc/syscalls.o
 .debug_macro   0x000150f7       0x35 src/ASF/sam0/utils/syscalls/gcc/syscalls.o
 .debug_macro   0x0001512c      0x122 src/ASF/sam0/utils/syscalls/gcc/syscalls.o
 .debug_macro   0x0001524e      0x133 aes132_comm.o
 .debug_macro   0x00015381       0x10 aes132_comm.o
 .debug_macro   0x00015391       0x64 aes132_comm.o
 .debug_macro   0x000153f5      0x141 aes132_comm.o
 .debug_macro   0x00015536      0x13c aes132_comm_marshaling.o
 .debug_macro   0x00015672       0xa2 aes132_comm_marshaling.o
 .debug_macro   0x00015714      0x684 aes132_example_main.o
 .debug_macro   0x00015d98      0x25d aes132_example_main.o
 .debug_macro   0x00015ff5      0x9f7 aes132_example_main.o
 .debug_macro   0x000169ec       0x11 aes132_example_main.o
 .debug_macro   0x000169fd       0x2e aes132_example_main.o
 .debug_macro   0x00016a2b       0xb2 aes132_example_main.o
 .debug_macro   0x00016add       0x10 aes132_example_main.o
 .debug_macro   0x00016aed       0x27 aes132_example_main.o
 .debug_macro   0x00016b14       0x16 aes132_example_main.o
 .debug_macro   0x00016b2a       0x1c aes132_example_main.o
 .debug_macro   0x00016b46       0x2e aes132_example_main.o
 .debug_macro   0x00016b74       0x49 aes132_example_main.o
 .debug_macro   0x00016bbd      0x67f aes132_spi.o
 .debug_macro   0x0001723c       0x16 aes132_spi.o
 .debug_macro   0x00017252       0x2e aes132_spi.o
 .debug_macro   0x00017280      0x66d spi_phys.o
 .debug_macro   0x000178ed      0x54e src/ASF/sam0/boards/samd21_xplained_pro/board_init.o
 .debug_macro   0x00017e3b      0x5a0 src/ASF/sam0/drivers/sercom/sercom.o
 .debug_macro   0x000183db      0x5d5 src/ASF/sam0/drivers/sercom/spi/spi.o
 .debug_macro   0x000189b0       0x35 src/ASF/sam0/drivers/sercom/spi/spi.o
 .debug_macro   0x000189e5      0x598 src/ASF/sam0/drivers/sercom/usart/usart.o
 .debug_macro   0x00018f7d       0x51 src/ASF/sam0/drivers/sercom/usart/usart.o
 .debug_macro   0x00018fce      0x584 src/ASF/sam0/drivers/system/clock/clock_samd21_r21_da/clock.o
 .debug_macro   0x00019552      0x296 src/ASF/sam0/drivers/system/clock/clock_samd21_r21_da/clock.o
 .debug_macro   0x000197e8      0x548 src/ASF/sam0/drivers/system/clock/clock_samd21_r21_da/gclk.o
 .debug_macro   0x00019d30      0x556 src/ASF/sam0/drivers/system/system.o
 .debug_macro   0x0001a286      0x2f9 src/ASF/sam0/utils/cmsis/samd21/source/gcc/startup_samd21.o
 .debug_macro   0x0001a57f       0x3a src/ASF/sam0/utils/cmsis/samd21/source/gcc/startup_samd21.o
 .debug_macro   0x0001a5b9      0x512 src/ASF/sam0/utils/stdio/read.o
 .debug_macro   0x0001aacb      0x512 src/ASF/sam0/utils/stdio/write.o

.debug_line     0x00000000     0xc23d
 .debug_line    0x00000000      0x8d8 src/ASF/common/utils/interrupt/interrupt_sam_nvic.o
 .debug_line    0x000008d8      0x904 src/ASF/sam0/drivers/port/port.o
 .debug_line    0x000011dc      0x934 src/ASF/sam0/drivers/system/pinmux/pinmux.o
 .debug_line    0x00001b10      0x418 src/ASF/sam0/utils/syscalls/gcc/syscalls.o
 .debug_line    0x00001f28      0x4ab aes132_comm.o
 .debug_line    0x000023d3      0x357 aes132_comm_marshaling.o
 .debug_line    0x0000272a      0xf2c aes132_example_main.o
 .debug_line    0x00003656      0xd88 aes132_spi.o
 .debug_line    0x000043de      0xdfa spi_phys.o
 .debug_line    0x000051d8      0x97f src/ASF/sam0/boards/samd21_xplained_pro/board_init.o
 .debug_line    0x00005b57      0xbf1 src/ASF/sam0/drivers/sercom/sercom.o
 .debug_line    0x00006748     0x1381 src/ASF/sam0/drivers/sercom/spi/spi.o
 .debug_line    0x00007ac9      0xd01 src/ASF/sam0/drivers/sercom/usart/usart.o
 .debug_line    0x000087ca      0xc49 src/ASF/sam0/drivers/system/clock/clock_samd21_r21_da/clock.o
 .debug_line    0x00009413      0xc84 src/ASF/sam0/drivers/system/clock/clock_samd21_r21_da/gclk.o
 .debug_line    0x0000a097      0x9f2 src/ASF/sam0/drivers/system/system.o
 .debug_line    0x0000aa89      0x656 src/ASF/sam0/utils/cmsis/samd21/source/gcc/startup_samd21.o
 .debug_line    0x0000b0df      0x8b5 src/ASF/sam0/utils/stdio/read.o
 .debug_line    0x0000b994      0x8a9 src/ASF/sam0/utils/stdio/write.o

.debug_str      0x00000000    0x8d035
 .debug_str     0x00000000    0x80cb7 src/ASF/common/utils/interrupt/interrupt_sam_nvic.o
                              0x81581 (size before relaxing)
 .debug_str     0x00080cb7      0x443 src/ASF/sam0/drivers/port/port.o
                              0x81987 (size before relaxing)
 .debug_str     0x000810fa      0x13c src/ASF/sam0/drivers/system/pinmux/pinmux.o
                              0x81978 (size before relaxing)
 .debug_str     0x00081236      0x77f src/ASF/sam0/utils/syscalls/gcc/syscalls.o
                               0x7420 (size before relaxing)
 .debug_str     0x000819b5      0xe91 aes132_comm.o
                               0x735d (size before relaxing)
 .debug_str     0x00082846      0x3d1 aes132_comm_marshaling.o
                               0x7435 (size before relaxing)
 .debug_str     0x00082c17     0x5588 aes132_example_main.o
                              0x87ce2 (size before relaxing)
 .debug_str     0x0008819f      0x296 aes132_spi.o
                              0x85efb (size before relaxing)
 .debug_str     0x00088435      0x574 spi_phys.o
                              0x8705d (size before relaxing)
 .debug_str     0x000889a9       0x4a src/ASF/sam0/boards/samd21_xplained_pro/board_init.o
                              0x850de (size before relaxing)
 .debug_str     0x000889f3      0x451 src/ASF/sam0/drivers/sercom/sercom.o
                              0x82c22 (size before relaxing)
 .debug_str     0x00088e44      0x836 src/ASF/sam0/drivers/sercom/spi/spi.o
                              0x839c6 (size before relaxing)
 .debug_str     0x0008967a       0x6e src/ASF/sam0/drivers/sercom/usart/usart.o
                              0x837f7 (size before relaxing)
 .debug_str     0x000896e8     0x2762 src/ASF/sam0/drivers/system/clock/clock_samd21_r21_da/clock.o
                              0x84694 (size before relaxing)
 .debug_str     0x0008be4a      0x246 src/ASF/sam0/drivers/system/clock/clock_samd21_r21_da/gclk.o
                              0x82249 (size before relaxing)
 .debug_str     0x0008c090       0x3b src/ASF/sam0/drivers/system/system.o
                              0x81606 (size before relaxing)
 .debug_str     0x0008c0cb      0xf1c src/ASF/sam0/utils/cmsis/samd21/source/gcc/startup_samd21.o
                              0x6e2c4 (size before relaxing)
 .debug_str     0x0008cfe7       0x2a src/ASF/sam0/utils/stdio/read.o
                              0x81528 (size before relaxing)
 .debug_str     0x0008d011       0x24 src/ASF/sam0/utils/stdio/write.o
                              0x81529 (size before relaxing)

.debug_frame    0x00000000     0x19ec
 .debug_frame   0x00000000       0x30 src/ASF/common/utils/interrupt/interrupt_sam_nvic.o
 .debug_frame   0x00000030       0x44 src/ASF/sam0/drivers/port/port.o
 .debug_frame   0x00000074       0x74 src/ASF/sam0/drivers/system/pinmux/pinmux.o
 .debug_frame   0x000000e8       0xa8 src/ASF/sam0/utils/syscalls/gcc/syscalls.o
 .debug_frame   0x00000190      0x1d0 aes132_comm.o
 .debug_frame   0x00000360       0x68 aes132_comm_marshaling.o
 .debug_frame   0x000003c8      0x14c aes132_example_main.o
 .debug_frame   0x00000514       0xa8 aes132_spi.o
 .debug_frame   0x000005bc       0xac spi_phys.o
 .debug_frame   0x00000668       0x30 src/ASF/sam0/boards/samd21_xplained_pro/board_init.o
 .debug_frame   0x00000698       0x9c src/ASF/sam0/drivers/sercom/sercom.o
 .debug_frame   0x00000734      0x11c src/ASF/sam0/drivers/sercom/spi/spi.o
 .debug_frame   0x00000850       0xac src/ASF/sam0/drivers/sercom/usart/usart.o
 .debug_frame   0x000008fc      0x14c src/ASF/sam0/drivers/system/clock/clock_samd21_r21_da/clock.o
 .debug_frame   0x00000a48      0x148 src/ASF/sam0/drivers/system/clock/clock_samd21_r21_da/gclk.o
 .debug_frame   0x00000b90       0x38 src/ASF/sam0/drivers/system/system.o
 .debug_frame   0x00000bc8       0x40 src/ASF/sam0/utils/cmsis/samd21/source/gcc/startup_samd21.o
 .debug_frame   0x00000c08       0x34 src/ASF/sam0/utils/stdio/read.o
 .debug_frame   0x00000c3c       0x34 src/ASF/sam0/utils/stdio/write.o
 .debug_frame   0x00000c70       0x20 c:/program files (x86)/atmel/studio/7.0/toolchain/arm/arm-gnu-toolchain/bin/../lib/gcc/arm-none-eabi/6.3.1/thumb/v6-m\libgcc.a(_udivsi3.o)
 .debug_frame   0x00000c90       0x34 c:/program files (x86)/atmel/studio/7.0/toolchain/arm/arm-gnu-toolchain/bin/../lib/gcc/arm-none-eabi/6.3.1/thumb/v6-m\libgcc.a(_muldi3.o)
 .debug_frame   0x00000cc4       0x2c c:/program files (x86)/atmel/studio/7.0/toolchain/arm/arm-gnu-toolchain/bin/../lib/gcc/arm-none-eabi/6.3.1/../../../../arm-none-eabi/lib/thumb/v6-m\libc_nano.a(lib_a-init.o)
 .debug_frame   0x00000cf0       0x2c c:/program files (x86)/atmel/studio/7.0/toolchain/arm/arm-gnu-toolchain/bin/../lib/gcc/arm-none-eabi/6.3.1/../../../../arm-none-eabi/lib/thumb/v6-m\libc_nano.a(lib_a-memcmp.o)
 .debug_frame   0x00000d1c       0x28 c:/program files (x86)/atmel/studio/7.0/toolchain/arm/arm-gnu-toolchain/bin/../lib/gcc/arm-none-eabi/6.3.1/../../../../arm-none-eabi/lib/thumb/v6-m\libc_nano.a(lib_a-memcpy-stub.o)
 .debug_frame   0x00000d44       0x20 c:/program files (x86)/atmel/studio/7.0/toolchain/arm/arm-gnu-toolchain/bin/../lib/gcc/arm-none-eabi/6.3.1/../../../../arm-none-eabi/lib/thumb/v6-m\libc_nano.a(lib_a-memset.o)
 .debug_frame   0x00000d64       0x50 c:/program files (x86)/atmel/studio/7.0/toolchain/arm/arm-gnu-toolchain/bin/../lib/gcc/arm-none-eabi/6.3.1/../../../../arm-none-eabi/lib/thumb/v6-m\libc_nano.a(lib_a-printf.o)
 .debug_frame   0x00000db4       0x48 c:/program files (x86)/atmel/studio/7.0/toolchain/arm/arm-gnu-toolchain/bin/../lib/gcc/arm-none-eabi/6.3.1/../../../../arm-none-eabi/lib/thumb/v6-m\libc_nano.a(lib_a-putchar.o)
 .debug_frame   0x00000dfc       0x44 c:/program files (x86)/atmel/studio/7.0/toolchain/arm/arm-gnu-toolchain/bin/../lib/gcc/arm-none-eabi/6.3.1/../../../../arm-none-eabi/lib/thumb/v6-m\libc_nano.a(lib_a-puts.o)
 .debug_frame   0x00000e40       0x50 c:/program files (x86)/atmel/studio/7.0/toolchain/arm/arm-gnu-toolchain/bin/../lib/gcc/arm-none-eabi/6.3.1/../../../../arm-none-eabi/lib/thumb/v6-m\libc_nano.a(lib_a-scanf.o)
 .debug_frame   0x00000e90       0x28 c:/program files (x86)/atmel/studio/7.0/toolchain/arm/arm-gnu-toolchain/bin/../lib/gcc/arm-none-eabi/6.3.1/../../../../arm-none-eabi/lib/thumb/v6-m\libc_nano.a(lib_a-setbuf.o)