Archive member included to satisfy reference by file (symbol)

c:/program files (x86)/atmel/studio/7.0/toolchain/arm/arm-gnu-toolchain/bin/../lib/gcc/arm-none-eabi/6.3.1/thumb/v6-m\libgcc.a(_udivsi3.o)
                              src/ASF/sam0/drivers/sercom/i2c/i2c_sam0/i2c_master.o (__aeabi_uidiv)
c:/program files (x86)/atmel/studio/7.0/toolchain/arm/arm-gnu-toolchain/bin/../lib/gcc/arm-none-eabi/6.3.1/thumb/v6-m\libgcc.a(_divsi3.o)
                              src/customlib/usart_conf.o (__aeabi_idiv)
c:/program files (x86)/atmel/studio/7.0/toolchain/arm/arm-gnu-toolchain/bin/../lib/gcc/arm-none-eabi/6.3.1/thumb/v6-m\libgcc.a(_dvmd_tls.o)
                              c:/program files (x86)/atmel/studio/7.0/toolchain/arm/arm-gnu-toolchain/bin/../lib/gcc/arm-none-eabi/6.3.1/thumb/v6-m\libgcc.a(_udivsi3.o) (__aeabi_idiv0)
c:/program files (x86)/atmel/studio/7.0/toolchain/arm/arm-gnu-toolchain/bin/../lib/gcc/arm-none-eabi/6.3.1/thumb/v6-m\libgcc.a(_aeabi_uldivmod.o)
                              src/customlib/usart_conf.o (__aeabi_uldivmod)
c:/program files (x86)/atmel/studio/7.0/toolchain/arm/arm-gnu-toolchain/bin/../lib/gcc/arm-none-eabi/6.3.1/thumb/v6-m\libgcc.a(_muldi3.o)
                              src/ASF/sam0/drivers/sercom/sercom.o (__aeabi_lmul)
c:/program files (x86)/atmel/studio/7.0/toolchain/arm/arm-gnu-toolchain/bin/../lib/gcc/arm-none-eabi/6.3.1/thumb/v6-m\libgcc.a(_udivmoddi4.o)
                              c:/program files (x86)/atmel/studio/7.0/toolchain/arm/arm-gnu-toolchain/bin/../lib/gcc/arm-none-eabi/6.3.1/thumb/v6-m\libgcc.a(_aeabi_uldivmod.o) (__udivmoddi4)
c:/program files (x86)/atmel/studio/7.0/toolchain/arm/arm-gnu-toolchain/bin/../lib/gcc/arm-none-eabi/6.3.1/thumb/v6-m\libgcc.a(adddf3.o)
                              src/ASF/sam0/drivers/sercom/i2c/i2c_sam0/i2c_master.o (__aeabi_dadd)
c:/program files (x86)/atmel/studio/7.0/toolchain/arm/arm-gnu-toolchain/bin/../lib/gcc/arm-none-eabi/6.3.1/thumb/v6-m\libgcc.a(divdf3.o)
                              src/ASF/sam0/drivers/sercom/i2c/i2c_sam0/i2c_master.o (__aeabi_ddiv)
c:/program files (x86)/atmel/studio/7.0/toolchain/arm/arm-gnu-toolchain/bin/../lib/gcc/arm-none-eabi/6.3.1/thumb/v6-m\libgcc.a(muldf3.o)
                              src/ASF/sam0/drivers/sercom/i2c/i2c_sam0/i2c_master.o (__aeabi_dmul)
c:/program files (x86)/atmel/studio/7.0/toolchain/arm/arm-gnu-toolchain/bin/../lib/gcc/arm-none-eabi/6.3.1/thumb/v6-m\libgcc.a(subdf3.o)
                              src/ASF/sam0/drivers/sercom/i2c/i2c_sam0/i2c_master.o (__aeabi_dsub)
c:/program files (x86)/atmel/studio/7.0/toolchain/arm/arm-gnu-toolchain/bin/../lib/gcc/arm-none-eabi/6.3.1/thumb/v6-m\libgcc.a(fixdfsi.o)
                              src/ASF/sam0/drivers/sercom/i2c/i2c_sam0/i2c_master.o (__aeabi_d2iz)
c:/program files (x86)/atmel/studio/7.0/toolchain/arm/arm-gnu-toolchain/bin/../lib/gcc/arm-none-eabi/6.3.1/thumb/v6-m\libgcc.a(floatunsidf.o)
                              src/ASF/sam0/drivers/sercom/i2c/i2c_sam0/i2c_master.o (__aeabi_ui2d)
c:/program files (x86)/atmel/studio/7.0/toolchain/arm/arm-gnu-toolchain/bin/../lib/gcc/arm-none-eabi/6.3.1/thumb/v6-m\libgcc.a(_clzsi2.o)
                              c:/program files (x86)/atmel/studio/7.0/toolchain/arm/arm-gnu-toolchain/bin/../lib/gcc/arm-none-eabi/6.3.1/thumb/v6-m\libgcc.a(adddf3.o) (__clzsi2)
c:/program files (x86)/atmel/studio/7.0/toolchain/arm/arm-gnu-toolchain/bin/../lib/gcc/arm-none-eabi/6.3.1/thumb/v6-m\libgcc.a(_clzdi2.o)
                              c:/program files (x86)/atmel/studio/7.0/toolchain/arm/arm-gnu-toolchain/bin/../lib/gcc/arm-none-eabi/6.3.1/thumb/v6-m\libgcc.a(_udivmoddi4.o) (__clzdi2)
c:/program files (x86)/atmel/studio/7.0/toolchain/arm/arm-gnu-toolchain/bin/../lib/gcc/arm-none-eabi/6.3.1/../../../../arm-none-eabi/lib/thumb/v6-m\libc_nano.a(lib_a-exit.o)
                              c:/program files (x86)/atmel/studio/7.0/toolchain/arm/arm-gnu-toolchain/bin/../lib/gcc/arm-none-eabi/6.3.1/../../../../arm-none-eabi/lib/thumb/v6-m/crt0.o (exit)
c:/program files (x86)/atmel/studio/7.0/toolchain/arm/arm-gnu-toolchain/bin/../lib/gcc/arm-none-eabi/6.3.1/../../../../arm-none-eabi/lib/thumb/v6-m\libc_nano.a(lib_a-impure.o)
                              c:/program files (x86)/atmel/studio/7.0/toolchain/arm/arm-gnu-toolchain/bin/../lib/gcc/arm-none-eabi/6.3.1/../../../../arm-none-eabi/lib/thumb/v6-m\libc_nano.a(lib_a-exit.o) (_global_impure_ptr)
c:/program files (x86)/atmel/studio/7.0/toolchain/arm/arm-gnu-toolchain/bin/../lib/gcc/arm-none-eabi/6.3.1/../../../../arm-none-eabi/lib/thumb/v6-m\libc_nano.a(lib_a-init.o)
                              c:/program files (x86)/atmel/studio/7.0/toolchain/arm/arm-gnu-toolchain/bin/../lib/gcc/arm-none-eabi/6.3.1/../../../../arm-none-eabi/lib/thumb/v6-m/crt0.o (__libc_init_array)
c:/program files (x86)/atmel/studio/7.0/toolchain/arm/arm-gnu-toolchain/bin/../lib/gcc/arm-none-eabi/6.3.1/../../../../arm-none-eabi/lib/thumb/v6-m\libc_nano.a(lib_a-memcpy-stub.o)
[...]
Memory Configuration

Name             Origin             Length             Attributes
rom              0x00000000         0x00040000         xr
ram              0x20000000         0x00008000         xrw
*default*        0x00000000         0xffffffff

Linker script and memory map

LOAD c:/program files (x86)/atmel/studio/7.0/toolchain/arm/arm-gnu-toolchain/bin/../lib/gcc/arm-none-eabi/6.3.1/thumb/v6-m/crti.o
LOAD c:/program files (x86)/atmel/studio/7.0/toolchain/arm/arm-gnu-toolchain/bin/../lib/gcc/arm-none-eabi/6.3.1/thumb/v6-m/crtbegin.o
LOAD c:/program files (x86)/atmel/studio/7.0/toolchain/arm/arm-gnu-toolchain/bin/../lib/gcc/arm-none-eabi/6.3.1/../../../../arm-none-eabi/lib/thumb/v6-m/crt0.o
LOAD src/ASF/common2/services/delay/sam0/cycle_counter.o
LOAD src/ASF/sam0/drivers/sercom/i2c/i2c_sam0/i2c_master.o
LOAD src/ASF/sam0/drivers/sercom/sercom.o
LOAD src/ASF/sam0/drivers/sercom/usart/usart.o
LOAD src/customlib/aes132_comm.o
LOAD src/customlib/aes132_comm_marshaling.o
LOAD src/customlib/aes132_i2c.o
LOAD src/customlib/i2c_phys.o
LOAD src/main.o
LOAD src/ASF/common/utils/interrupt/interrupt_sam_nvic.o
LOAD src/ASF/sam0/boards/samr21_xplained_pro/board_init.o
LOAD src/ASF/sam0/drivers/port/port.o
LOAD src/ASF/sam0/drivers/system/clock/clock_samd21_r21_da_ha1/clock.o
LOAD src/ASF/sam0/drivers/system/clock/clock_samd21_r21_da_ha1/gclk.o
LOAD src/ASF/sam0/drivers/system/interrupt/system_interrupt.o
LOAD src/ASF/sam0/drivers/system/pinmux/pinmux.o
LOAD src/ASF/sam0/drivers/system/system.o
LOAD src/ASF/sam0/utils/cmsis/samr21/source/gcc/startup_samr21.o
LOAD src/ASF/sam0/utils/cmsis/samr21/source/system_samr21.o
LOAD src/ASF/sam0/utils/syscalls/gcc/syscalls.o
LOAD src/customlib/usart_conf.o
START GROUP
LOAD ../src/ASF/thirdparty/CMSIS/Lib/GCC\libarm_cortexM0l_math.a
LOAD c:/program files (x86)/atmel/studio/7.0/toolchain/arm/arm-gnu-toolchain/bin/../lib/gcc/arm-none-eabi/6.3.1/../../../../arm-none-eabi/lib/thumb/v6-m\libm.a
END GROUP
START GROUP
LOAD c:/program files (x86)/atmel/studio/7.0/toolchain/arm/arm-gnu-toolchain/bin/../lib/gcc/arm-none-eabi/6.3.1/thumb/v6-m\libgcc.a
LOAD c:/program files (x86)/atmel/studio/7.0/toolchain/arm/arm-gnu-toolchain/bin/../lib/gcc/arm-none-eabi/6.3.1/../../../../arm-none-eabi/lib/thumb/v6-m\libc_nano.a
END GROUP
START GROUP
LOAD c:/program files (x86)/atmel/studio/7.0/toolchain/arm/arm-gnu-toolchain/bin/../lib/gcc/arm-none-eabi/6.3.1/thumb/v6-m\libgcc.a
LOAD c:/program files (x86)/atmel/studio/7.0/toolchain/arm/arm-gnu-toolchain/bin/../lib/gcc/arm-none-eabi/6.3.1/../../../../arm-none-eabi/lib/thumb/v6-m\libc_nano.a
END GROUP
LOAD c:/program files (x86)/atmel/studio/7.0/toolchain/arm/arm-gnu-toolchain/bin/../lib/gcc/arm-none-eabi/6.3.1/thumb/v6-m/crtend.o
LOAD c:/program files (x86)/atmel/studio/7.0/toolchain/arm/arm-gnu-toolchain/bin/../lib/gcc/arm-none-eabi/6.3.1/thumb/v6-m/crtn.o
                0x00002000                STACK_SIZE = DEFINED (STACK_SIZE)?STACK_SIZE:DEFINED (__stack_size__)?__stack_size__:0x2000

.text           0x00000000     0x3b90
                0x00000000                . = ALIGN (0x4)
                0x00000000                _sfixed = .
 *(.vectors .vectors.*)
 .vectors       0x00000000       0xb4 src/ASF/sam0/utils/cmsis/samr21/source/gcc/startup_samr21.o
                0x00000000                exception_table
 *(.text .text.* .gnu.linkonce.t.*)
 .text          0x000000b4       0x60 c:/program files (x86)/atmel/studio/7.0/toolchain/arm/arm-gnu-toolchain/bin/../lib/gcc/arm-none-eabi/6.3.1/thumb/v6-m/crtbegin.o
 .text._i2c_master_wait_for_sync
                0x00000114        0xc src/ASF/sam0/drivers/sercom/i2c/i2c_sam0/i2c_master.o
 .text.i2c_master_init
                0x00000120      0x2c8 src/ASF/sam0/drivers/sercom/i2c/i2c_sam0/i2c_master.o
                0x00000120                i2c_master_init
 .text._i2c_master_address_response
                0x000003e8       0x30 src/ASF/sam0/drivers/sercom/i2c/i2c_sam0/i2c_master.o
                0x000003e8                _i2c_master_address_response
 .text._i2c_master_wait_for_bus
                0x00000418       0x2c src/ASF/sam0/drivers/sercom/i2c/i2c_sam0/i2c_master.o
                0x00000418                _i2c_master_wait_for_bus
 .text._i2c_master_send_hs_master_code
                0x00000444       0x20 src/ASF/sam0/drivers/sercom/i2c/i2c_sam0/i2c_master.o
                0x00000444                _i2c_master_send_hs_master_code
 .text._i2c_master_read_packet
                0x00000464      0x1a0 src/ASF/sam0/drivers/sercom/i2c/i2c_sam0/i2c_master.o
 .text._i2c_master_write_packet
                0x00000604       0xf4 src/ASF/sam0/drivers/sercom/i2c/i2c_sam0/i2c_master.o
 .text.i2c_master_read_packet_wait
                0x000006f8       0x14 src/ASF/sam0/drivers/sercom/i2c/i2c_sam0/i2c_master.o
                0x000006f8                i2c_master_read_packet_wait
 .text.i2c_master_write_packet_wait_no_stop
                0x0000070c       0x14 src/ASF/sam0/drivers/sercom/i2c/i2c_sam0/i2c_master.o
                0x0000070c                i2c_master_write_packet_wait_no_stop
 .text.long_division
                0x00000720       0xba src/ASF/sam0/drivers/sercom/sercom.o
 .text._sercom_get_sync_baud_val
                0x000007da       0x28 src/ASF/sam0/drivers/sercom/sercom.o
                0x000007da                _sercom_get_sync_baud_val
 *fill*         0x00000802        0x2 
 .text._sercom_get_async_baud_val
                0x00000804       0x94 src/ASF/sam0/drivers/sercom/sercom.o
                0x00000804                _sercom_get_async_baud_val
 .text.sercom_set_gclk_generator
                0x00000898       0x4c src/ASF/sam0/drivers/sercom/sercom.o
                0x00000898                sercom_set_gclk_generator
 .text._sercom_get_default_pad
                0x000008e4      0x178 src/ASF/sam0/drivers/sercom/sercom.o
                0x000008e4                _sercom_get_default_pad
 .text._sercom_get_sercom_inst_index
                0x00000a5c       0x38 src/ASF/sam0/drivers/sercom/sercom.o
                0x00000a5c                _sercom_get_sercom_inst_index
 .text.usart_init
                0x00000a94      0x2fc src/ASF/sam0/drivers/sercom/usart/usart.o
                0x00000a94                usart_init
 .text.usart_write_wait
                0x00000d90       0x2a src/ASF/sam0/drivers/sercom/usart/usart.o
                0x00000d90                usart_write_wait
 .text.usart_read_wait
                0x00000dba       0x68 src/ASF/sam0/drivers/sercom/usart/usart.o
                0x00000dba                usart_read_wait
 *fill*         0x00000e22        0x2 
 .text.usart_write_buffer_wait
                0x00000e24       0xc0 src/ASF/sam0/drivers/sercom/usart/usart.o
                0x00000e24                usart_write_buffer_wait
 .text.aes132c_calculate_crc
                0x00000ee4       0x98 src/customlib/aes132_comm.o
                0x00000ee4                aes132c_calculate_crc
 .text.aes132c_reset_io_address
                0x00000f7c       0x18 src/customlib/aes132_comm.o
                0x00000f7c                aes132c_reset_io_address
 .text.aes132c_resync
                0x00000f94       0x1c src/customlib/aes132_comm.o
                0x00000f94                aes132c_resync
 .text.aes132c_wait_for_status_register_bit
                0x00000fb0       0x58 src/customlib/aes132_comm.o
                0x00000fb0                aes132c_wait_for_status_register_bit
 .text.aes132c_wait_for_device_ready
                0x00001008       0x14 src/customlib/aes132_comm.o
                0x00001008                aes132c_wait_for_device_ready
 .text.aes132c_wait_for_response_ready
                0x0000101c       0x18 src/customlib/aes132_comm.o
                0x0000101c                aes132c_wait_for_response_ready
 .text.aes132c_receive_response
                0x00001034       0xc4 src/customlib/aes132_comm.o
                0x00001034                aes132c_receive_response
 .text.aes132c_access_memory
                0x000010f8       0xa8 src/customlib/aes132_comm.o
                0x000010f8                aes132c_access_memory
 .text.aes132m_write_memory
                0x000011a0       0x10 src/customlib/aes132_comm_marshaling.o
                0x000011a0                aes132m_write_memory
 .text.aes132p_enable_interface
                0x000011b0        0xc src/customlib/aes132_i2c.o
                0x000011b0                aes132p_enable_interface
 .text.aes132p_write_memory_physical
                0x000011bc       0x68 src/customlib/aes132_i2c.o
                0x000011bc                aes132p_write_memory_physical
 .text.aes132p_read_memory_physical
                0x00001224       0x58 src/customlib/aes132_i2c.o
                0x00001224                aes132p_read_memory_physical
 .text.aes132p_resync_physical
                0x0000127c       0x58 src/customlib/aes132_i2c.o
                0x0000127c                aes132p_resync_physical
 .text._i2c_master_wait_for_sync
                0x000012d4        0xc src/customlib/i2c_phys.o
 .text.i2c_enable_phys
                0x000012e0       0x8c src/customlib/i2c_phys.o
                0x000012e0                i2c_enable_phys
 .text.i2c_disable_phys
                0x0000136c       0x24 src/customlib/i2c_phys.o
                0x0000136c                i2c_disable_phys
 .text.i2c_send_start
                0x00001390        0x4 src/customlib/i2c_phys.o
                0x00001390                i2c_send_start
 .text.i2c_send_stop
                0x00001394       0x20 src/customlib/i2c_phys.o
                0x00001394                i2c_send_stop
 .text.i2c_send_bytes
                0x000013b4       0x40 src/customlib/i2c_phys.o
                0x000013b4                i2c_send_bytes
 .text.i2c_receive_bytes
                0x000013f4       0x50 src/customlib/i2c_phys.o
                0x000013f4                i2c_receive_bytes
 .text.i2c_send_slave_address
                0x00001444        0x4 src/customlib/i2c_phys.o
                0x00001444                i2c_send_slave_address
 .text.write_memory_test
                0x00001448       0xc4 src/main.o
                0x00001448                write_memory_test
 .text.main     0x0000150c       0xa4 src/main.o
                0x0000150c                main
 .text.cpu_irq_enter_critical
                0x000015b0       0x40 src/ASF/common/utils/interrupt/interrupt_sam_nvic.o
                0x000015b0                cpu_irq_enter_critical
 .text.cpu_irq_leave_critical
                0x000015f0       0x30 src/ASF/common/utils/interrupt/interrupt_sam_nvic.o
                0x000015f0                cpu_irq_leave_critical
 .text.system_board_init
                0x00001620       0x38 src/ASF/sam0/boards/samr21_xplained_pro/board_init.o
                0x00001620                board_init
                0x00001620                system_board_init
 .text.port_pin_set_config
                0x00001658       0x24 src/ASF/sam0/drivers/port/port.o
                0x00001658                port_pin_set_config
 .text.system_clock_source_get_hz
                0x0000167c       0x94 src/ASF/sam0/drivers/system/clock/clock_samd21_r21_da_ha1/clock.o
                0x0000167c                system_clock_source_get_hz
 .text.system_clock_source_osc8m_set_config
                0x00001710       0x3c src/ASF/sam0/drivers/system/clock/clock_samd21_r21_da_ha1/clock.o
                0x00001710                system_clock_source_osc8m_set_config
 .text.system_clock_source_enable
                0x0000174c       0xa8 src/ASF/sam0/drivers/system/clock/clock_samd21_r21_da_ha1/clock.o
                0x0000174c                system_clock_source_enable
 .text.system_clock_init
                0x000017f4       0x98 src/ASF/sam0/drivers/system/clock/clock_samd21_r21_da_ha1/clock.o
                0x000017f4                system_clock_init
 .text.system_gclk_init
                0x0000188c       0x24 src/ASF/sam0/drivers/system/clock/clock_samd21_r21_da_ha1/gclk.o
                0x0000188c                system_gclk_init
 .text.system_gclk_gen_set_config
                0x000018b0       0xb8 src/ASF/sam0/drivers/system/clock/clock_samd21_r21_da_ha1/gclk.o
                0x000018b0                system_gclk_gen_set_config
 .text.system_gclk_gen_enable
                0x00001968       0x44 src/ASF/sam0/drivers/system/clock/clock_samd21_r21_da_ha1/gclk.o
                0x00001968                system_gclk_gen_enable
 .text.system_gclk_gen_get_hz
                0x000019ac       0x8c src/ASF/sam0/drivers/system/clock/clock_samd21_r21_da_ha1/gclk.o
                0x000019ac                system_gclk_gen_get_hz
 .text.system_gclk_chan_enable
                0x00001a38       0x30 src/ASF/sam0/drivers/system/clock/clock_samd21_r21_da_ha1/gclk.o
                0x00001a38                system_gclk_chan_enable
 .text.system_gclk_chan_disable
                0x00001a68       0x5c src/ASF/sam0/drivers/system/clock/clock_samd21_r21_da_ha1/gclk.o
                0x00001a68                system_gclk_chan_disable
 .text.system_gclk_chan_set_config
                0x00001ac4       0x1c src/ASF/sam0/drivers/system/clock/clock_samd21_r21_da_ha1/gclk.o
                0x00001ac4                system_gclk_chan_set_config
 .text.system_gclk_chan_get_hz
                0x00001ae0       0x34 src/ASF/sam0/drivers/system/clock/clock_samd21_r21_da_ha1/gclk.o
                0x00001ae0                system_gclk_chan_get_hz
 .text._system_pinmux_config
                0x00001b14       0xa8 src/ASF/sam0/drivers/system/pinmux/pinmux.o
 .text.system_pinmux_pin_set_config
                0x00001bbc       0x30 src/ASF/sam0/drivers/system/pinmux/pinmux.o
                0x00001bbc                system_pinmux_pin_set_config
 .text._system_dummy_init
                0x00001bec        0x2 src/ASF/sam0/drivers/system/system.o
                0x00001bec                _system_extint_init
                0x00001bec                _system_events_init
                0x00001bec                _system_dummy_init
                0x00001bec                _system_divas_init
 *fill*         0x00001bee        0x2 
 .text.system_init
                0x00001bf0       0x2c src/ASF/sam0/drivers/system/system.o
                0x00001bf0                system_init
 .text.Dummy_Handler
                0x00001c1c        0x2 src/ASF/sam0/utils/cmsis/samr21/source/gcc/startup_samr21.o
                0x00001c1c                DMAC_Handler
                0x00001c1c                HardFault_Handler
                0x00001c1c                AC_Handler
                0x00001c1c                SysTick_Handler
                0x00001c1c                PendSV_Handler
                0x00001c1c                NMI_Handler
                0x00001c1c                SERCOM1_Handler
                0x00001c1c                ADC_Handler
                0x00001c1c                TCC1_Handler
                0x00001c1c                SERCOM2_Handler
                0x00001c1c                TCC0_Handler
                0x00001c1c                RTC_Handler
                0x00001c1c                EIC_Handler
                0x00001c1c                WDT_Handler
                0x00001c1c                TC4_Handler
                0x00001c1c                USB_Handler
                0x00001c1c                TC3_Handler
                0x00001c1c                Dummy_Handler
                0x00001c1c                PM_Handler
                0x00001c1c                SERCOM5_Handler
                0x00001c1c                SVC_Handler
                0x00001c1c                TCC2_Handler
                0x00001c1c                EVSYS_Handler
                0x00001c1c                SERCOM3_Handler
                0x00001c1c                SERCOM4_Handler
                0x00001c1c                NVMCTRL_Handler
                0x00001c1c                SERCOM0_Handler
                0x00001c1c                PTC_Handler
                0x00001c1c                TC5_Handler
                0x00001c1c                SYSCTRL_Handler
 *fill*         0x00001c1e        0x2 
 .text.Reset_Handler
                0x00001c20       0xe4 src/ASF/sam0/utils/cmsis/samr21/source/gcc/startup_samr21.o
                0x00001c20                Reset_Handler
 .text.configureUsart
                0x00001d04       0xa0 src/customlib/usart_conf.o
                0x00001d04                configureUsart
 .text.usartWriteBuffer
                0x00001da4       0x18 src/customlib/usart_conf.o
                0x00001da4                usartWriteBuffer
 .text.usartWriteHex
                0x00001dbc       0x88 src/customlib/usart_conf.o
                0x00001dbc                usartWriteHex
 .text.usartReadString
                0x00001e44       0xc0 src/customlib/usart_conf.o
                0x00001e44                usartReadString
 .text.usartClearWindow
                0x00001f04       0x28 src/customlib/usart_conf.o
                0x00001f04                usartClearWindow
 .text          0x00001f2c      0x114 c:/program files (x86)/atmel/studio/7.0/toolchain/arm/arm-gnu-toolchain/bin/../lib/gcc/arm-none-eabi/6.3.1/thumb/v6-m\libgcc.a(_udivsi3.o)
                0x00001f2c                __aeabi_uidiv
                0x00001f2c                __udivsi3
                0x00002038                __aeabi_uidivmod
 .text          0x00002040        0x4 c:/program files (x86)/atmel/studio/7.0/toolchain/arm/arm-gnu-toolchain/bin/../lib/gcc/arm-none-eabi/6.3.1/thumb/v6-m\libgcc.a(_dvmd_tls.o)
                0x00002040                __aeabi_idiv0
                0x00002040                __aeabi_ldiv0
 .text          0x00002044       0x54 c:/program files (x86)/atmel/studio/7.0/toolchain/arm/arm-gnu-toolchain/bin/../lib/gcc/arm-none-eabi/6.3.1/thumb/v6-m\libgcc.a(_muldi3.o)
                0x00002044                __muldi3
                0x00002044                __aeabi_lmul
 .text          0x00002098      0x620 c:/program files (x86)/atmel/studio/7.0/toolchain/arm/arm-gnu-toolchain/bin/../lib/gcc/arm-none-eabi/6.3.1/thumb/v6-m\libgcc.a(adddf3.o)
                0x00002098                __aeabi_dadd
 .text          0x000026b8      0x668 c:/program files (x86)/atmel/studio/7.0/toolchain/arm/arm-gnu-toolchain/bin/../lib/gcc/arm-none-eabi/6.3.1/thumb/v6-m\libgcc.a(divdf3.o)
                0x000026b8                __aeabi_ddiv
 .text          0x00002d20      0x500 c:/program files (x86)/atmel/studio/7.0/toolchain/arm/arm-gnu-toolchain/bin/../lib/gcc/arm-none-eabi/6.3.1/thumb/v6-m\libgcc.a(muldf3.o)
                0x00002d20                __aeabi_dmul
 .text          0x00003220      0x62c c:/program files (x86)/atmel/studio/7.0/toolchain/arm/arm-gnu-toolchain/bin/../lib/gcc/arm-none-eabi/6.3.1/thumb/v6-m\libgcc.a(subdf3.o)
                0x00003220                __aeabi_dsub
 .text          0x0000384c       0x68 c:/program files (x86)/atmel/studio/7.0/toolchain/arm/arm-gnu-toolchain/bin/../lib/gcc/arm-none-eabi/6.3.1/thumb/v6-m\libgcc.a(fixdfsi.o)
                0x0000384c                __aeabi_d2iz
 .text          0x000038b4       0x70 c:/program files (x86)/atmel/studio/7.0/toolchain/arm/arm-gnu-toolchain/bin/../lib/gcc/arm-none-eabi/6.3.1/thumb/v6-m\libgcc.a(floatunsidf.o)
                0x000038b4                __aeabi_ui2d
 .text          0x00003924       0x3c c:/program files (x86)/atmel/studio/7.0/toolchain/arm/arm-gnu-toolchain/bin/../lib/gcc/arm-none-eabi/6.3.1/thumb/v6-m\libgcc.a(_clzsi2.o)
                0x00003924                __clzsi2
 .text.__libc_init_array
                0x00003960       0x48 c:/program files (x86)/atmel/studio/7.0/toolchain/arm/arm-gnu-toolchain/bin/../lib/gcc/arm-none-eabi/6.3.1/../../../../arm-none-eabi/lib/thumb/v6-m\libc_nano.a(lib_a-init.o)
                0x00003960                __libc_init_array
 .text.memcpy   0x000039a8       0x12 c:/program files (x86)/atmel/studio/7.0/toolchain/arm/arm-gnu-toolchain/bin/../lib/gcc/arm-none-eabi/6.3.1/../../../../arm-none-eabi/lib/thumb/v6-m\libc_nano.a(lib_a-memcpy-stub.o)
                0x000039a8                memcpy
 .text.strcat   0x000039ba       0x1a c:/program files (x86)/atmel/studio/7.0/toolchain/arm/arm-gnu-toolchain/bin/../lib/gcc/arm-none-eabi/6.3.1/../../../../arm-none-eabi/lib/thumb/v6-m\libc_nano.a(lib_a-strcat.o)
                0x000039ba                strcat
 *(.glue_7t)
 .glue_7t       0x000039d4        0x0 linker stubs
 *(.glue_7)
 .glue_7        0x000039d4        0x0 linker stubs
 *(.rodata .rodata* .gnu.linkonce.r.*)
 .rodata        0x000039d4       0x18 src/ASF/sam0/drivers/sercom/sercom.o
 .rodata.main.str1.4
                0x000039ec       0x59 src/main.o
 *fill*         0x00003a45        0x3 
 .rodata.write_memory_test.str1.4
                0x00003a48       0x4f src/main.o
                                 0x53 (size before relaxing)
 *fill*         0x00003a97        0x1 
 .rodata.system_clock_source_get_hz
                0x00003a98       0x24 src/ASF/sam0/drivers/system/clock/clock_samd21_r21_da_ha1/clock.o
 .rodata.system_clock_source_enable
                0x00003abc       0x24 src/ASF/sam0/drivers/system/clock/clock_samd21_r21_da_ha1/clock.o
 .rodata.usartClearWindow.str1.4
                0x00003ae0       0x10 src/customlib/usart_conf.o
                                  0xf (size before relaxing)
 .rodata        0x00003af0       0x40 c:/program files (x86)/atmel/studio/7.0/toolchain/arm/arm-gnu-toolchain/bin/../lib/gcc/arm-none-eabi/6.3.1/thumb/v6-m\libgcc.a(divdf3.o)
 .rodata        0x00003b30       0x40 c:/program files (x86)/atmel/studio/7.0/toolchain/arm/arm-gnu-toolchain/bin/../lib/gcc/arm-none-eabi/6.3.1/thumb/v6-m\libgcc.a(muldf3.o)
 *(.ARM.extab* .gnu.linkonce.armextab.*)
                0x00003b70                . = ALIGN (0x4)
 *(.init)
 .init          0x00003b70        0x4 c:/program files (x86)/atmel/studio/7.0/toolchain/arm/arm-gnu-toolchain/bin/../lib/gcc/arm-none-eabi/6.3.1/thumb/v6-m/crti.o
                0x00003b70                _init
 .init          0x00003b74        0x8 c:/program files (x86)/atmel/studio/7.0/toolchain/arm/arm-gnu-toolchain/bin/../lib/gcc/arm-none-eabi/6.3.1/thumb/v6-m/crtn.o
                0x00003b7c                . = ALIGN (0x4)
                0x00003b7c                __preinit_array_start = .
 *(.preinit_array)
                0x00003b7c                __preinit_array_end = .
                0x00003b7c                . = ALIGN (0x4)
                0x00003b7c                __init_array_start = .
 *(SORT(.init_array.*))
 *(.init_array)
 .init_array    0x00003b7c        0x4 c:/program files (x86)/atmel/studio/7.0/toolchain/arm/arm-gnu-toolchain/bin/../lib/gcc/arm-none-eabi/6.3.1/thumb/v6-m/crtbegin.o
                0x00003b80                __init_array_end = .
                0x00003b80                . = ALIGN (0x4)
 *crtbegin.o(.ctors)
 *(EXCLUDE_FILE(*crtend.o) .ctors)
 *(SORT(.ctors.*))
 *crtend.o(.ctors)
                0x00003b80                . = ALIGN (0x4)
 *(.fini)
 .fini          0x00003b80        0x4 c:/program files (x86)/atmel/studio/7.0/toolchain/arm/arm-gnu-toolchain/bin/../lib/gcc/arm-none-eabi/6.3.1/thumb/v6-m/crti.o
                0x00003b80                _fini
 .fini          0x00003b84        0x8 c:/program files (x86)/atmel/studio/7.0/toolchain/arm/arm-gnu-toolchain/bin/../lib/gcc/arm-none-eabi/6.3.1/thumb/v6-m/crtn.o
                0x00003b8c                . = ALIGN (0x4)
                0x00003b8c                __fini_array_start = .
 *(.fini_array)
 .fini_array    0x00003b8c        0x4 c:/program files (x86)/atmel/studio/7.0/toolchain/arm/arm-gnu-toolchain/bin/../lib/gcc/arm-none-eabi/6.3.1/thumb/v6-m/crtbegin.o
 *(SORT(.fini_array.*))
                0x00003b90                __fini_array_end = .
 *crtbegin.o(.dtors)
 *(EXCLUDE_FILE(*crtend.o) .dtors)
 *(SORT(.dtors.*))
 *crtend.o(.dtors)
                0x00003b90                . = ALIGN (0x4)
                0x00003b90                _efixed = .
                [!provide]                PROVIDE (__exidx_start, .)

.vfp11_veneer   0x00003b90        0x0
 .vfp11_veneer  0x00003b90        0x0 linker stubs

.v4_bx          0x00003b90        0x0
 .v4_bx         0x00003b90        0x0 linker stubs

.iplt           0x00003b90        0x0
 .iplt          0x00003b90        0x0 c:/program files (x86)/atmel/studio/7.0/toolchain/arm/arm-gnu-toolchain/bin/../lib/gcc/arm-none-eabi/6.3.1/thumb/v6-m/crtbegin.o

.eh_frame       0x00003b90        0x0
 .eh_frame      0x00003b90        0x0 c:/program files (x86)/atmel/studio/7.0/toolchain/arm/arm-gnu-toolchain/bin/../lib/gcc/arm-none-eabi/6.3.1/thumb/v6-m/crtbegin.o

.rel.dyn        0x00003b90        0x0
 .rel.iplt      0x00003b90        0x0 c:/program files (x86)/atmel/studio/7.0/toolchain/arm/arm-gnu-toolchain/bin/../lib/gcc/arm-none-eabi/6.3.1/thumb/v6-m/crtbegin.o

.jcr            0x00003b90        0x0
 .jcr           0x00003b90        0x0 c:/program files (x86)/atmel/studio/7.0/toolchain/arm/arm-gnu-toolchain/bin/../lib/gcc/arm-none-eabi/6.3.1/thumb/v6-m/crtbegin.o

.igot.plt       0x00003b90        0x0
 .igot.plt      0x00003b90        0x0 c:/program files (x86)/atmel/studio/7.0/toolchain/arm/arm-gnu-toolchain/bin/../lib/gcc/arm-none-eabi/6.3.1/thumb/v6-m/crtbegin.o

.ARM.exidx
 *(.ARM.exidx* .gnu.linkonce.armexidx.*)
                [!provide]                PROVIDE (__exidx_end, .)
                0x00003b90                . = ALIGN (0x4)
                0x00003b90                _etext = .

.relocate       0x20000000        0xc load address 0x00003b90
                0x20000000                . = ALIGN (0x4)
                0x20000000                _srelocate = .
 *(.ramfunc .ramfunc.*)
 *(.data .data.*)
 .data.i2c_address_current
                0x20000000        0x1 src/customlib/i2c_phys.o
 *fill*         0x20000001        0x3 
 .data.tx_buffer_write
                0x20000004        0x4 src/main.o
                0x20000004                tx_buffer_write
 .data.g_interrupt_enabled
                0x20000008        0x1 src/ASF/common/utils/interrupt/interrupt_sam_nvic.o
                0x20000008                g_interrupt_enabled
                0x2000000c                . = ALIGN (0x4)
 *fill*         0x20000009        0x3 
                0x2000000c                _erelocate = .

.bss            0x2000000c      0x2c4 load address 0x00003b9c
                0x2000000c                . = ALIGN (0x4)
                0x2000000c                _sbss = .
                0x2000000c                _szero = .
 *(.bss .bss.*)
 .bss           0x2000000c       0x1c c:/program files (x86)/atmel/studio/7.0/toolchain/arm/arm-gnu-toolchain/bin/../lib/gcc/arm-none-eabi/6.3.1/thumb/v6-m/crtbegin.o
 .bss._sercom_config
                0x20000028        0x2 src/ASF/sam0/drivers/sercom/sercom.o
 *fill*         0x2000002a        0x2 
 .bss.input_string
                0x2000002c       0x20 src/main.o
                0x2000002c                input_string
 .bss.string    0x2000004c       0xc8 src/main.o
                0x2000004c                string
 .bss.word_address
                0x20000114        0x2 src/main.o
                0x20000114                word_address
 *fill*         0x20000116        0x2 
 .bss.cpu_irq_critical_section_counter
                0x20000118        0x4 src/ASF/common/utils/interrupt/interrupt_sam_nvic.o
 .bss.cpu_irq_prev_interrupt_state
                0x2000011c        0x1 src/ASF/common/utils/interrupt/interrupt_sam_nvic.o
 *fill*         0x2000011d        0x3 
 .bss._system_clock_inst
                0x20000120       0x18 src/ASF/sam0/drivers/system/clock/clock_samd21_r21_da_ha1/clock.o
 *(COMMON)
 COMMON         0x20000138        0xc src/customlib/i2c_phys.o
                0x20000138                i2c_master_instance
 COMMON         0x20000144      0x18a src/main.o
                0x20000144                g_packet_block
                0x20000244                g_packet_block_index
                0x20000248                rx_buffer
                0x2000026c                tx_buffer
                0x200002c0                USART
                0x200002cc                serial_data
                0x200002cd                aes132_lib_return
                0x200002d0                . = ALIGN (0x4)
 *fill*         0x200002ce        0x2 
                0x200002d0                _ebss = .
                0x200002d0                _ezero = .

.stack          0x200002d0     0x2000 load address 0x00003e60
                0x200002d0                . = ALIGN (0x8)
                0x200002d0                _sstack = .
                0x200022d0                . = (. + STACK_SIZE)
 *fill*         0x200002d0     0x2000 
                0x200022d0                . = ALIGN (0x8)
                0x200022d0                _estack = .
                0x200022d0                . = ALIGN (0x4)
                0x200022d0                _end = .
OUTPUT(AES_2.elf elf32-littlearm)

.ARM.attributes
                0x00000000       0x28
 .ARM.attributes
                0x00000000       0x1e c:/program files (x86)/atmel/studio/7.0/toolchain/arm/arm-gnu-toolchain/bin/../lib/gcc/arm-none-eabi/6.3.1/thumb/v6-m/crti.o
 .ARM.attributes
                0x0000001e       0x2c c:/program files (x86)/atmel/studio/7.0/toolchain/arm/arm-gnu-toolchain/bin/../lib/gcc/arm-none-eabi/6.3.1/thumb/v6-m/crtbegin.o
 .ARM.attributes
                0x0000004a       0x32 src/ASF/sam0/drivers/sercom/i2c/i2c_sam0/i2c_master.o
 .ARM.attributes
                0x0000007c       0x32 src/ASF/sam0/drivers/sercom/sercom.o
 .ARM.attributes
                0x000000ae       0x32 src/ASF/sam0/drivers/sercom/usart/usart.o
 .ARM.attributes
                0x000000e0       0x32 src/customlib/aes132_comm.o
 .ARM.attributes
                0x00000112       0x32 src/customlib/aes132_comm_marshaling.o
 .ARM.attributes
                0x00000144       0x32 src/customlib/aes132_i2c.o
 .ARM.attributes
                0x00000176       0x32 src/customlib/i2c_phys.o
 .ARM.attributes
                0x000001a8       0x32 src/main.o
 .ARM.attributes
                0x000001da       0x32 src/ASF/common/utils/interrupt/interrupt_sam_nvic.o
 .ARM.attributes
                0x0000020c       0x32 src/ASF/sam0/boards/samr21_xplained_pro/board_init.o
 .ARM.attributes
                0x0000023e       0x32 src/ASF/sam0/drivers/port/port.o
 .ARM.attributes
                0x00000270       0x32 src/ASF/sam0/drivers/system/clock/clock_samd21_r21_da_ha1/clock.o
 .ARM.attributes
                0x000002a2       0x32 src/ASF/sam0/drivers/system/clock/clock_samd21_r21_da_ha1/gclk.o
 .ARM.attributes
                0x000002d4       0x32 src/ASF/sam0/drivers/system/pinmux/pinmux.o
 .ARM.attributes
                0x00000306       0x32 src/ASF/sam0/drivers/system/system.o
 .ARM.attributes
                0x00000338       0x32 src/ASF/sam0/utils/cmsis/samr21/source/gcc/startup_samr21.o
 .ARM.attributes
                0x0000036a       0x32 src/customlib/usart_conf.o
 .ARM.attributes
                0x0000039c       0x1e c:/program files (x86)/atmel/studio/7.0/toolchain/arm/arm-gnu-toolchain/bin/../lib/gcc/arm-none-eabi/6.3.1/thumb/v6-m\libgcc.a(_udivsi3.o)
 .ARM.attributes
                0x000003ba       0x1e c:/program files (x86)/atmel/studio/7.0/toolchain/arm/arm-gnu-toolchain/bin/../lib/gcc/arm-none-eabi/6.3.1/thumb/v6-m\libgcc.a(_dvmd_tls.o)
 .ARM.attributes
                0x000003d8       0x2c c:/program files (x86)/atmel/studio/7.0/toolchain/arm/arm-gnu-toolchain/bin/../lib/gcc/arm-none-eabi/6.3.1/thumb/v6-m\libgcc.a(_muldi3.o)
 .ARM.attributes
                0x00000404       0x2c c:/program files (x86)/atmel/studio/7.0/toolchain/arm/arm-gnu-toolchain/bin/../lib/gcc/arm-none-eabi/6.3.1/thumb/v6-m\libgcc.a(adddf3.o)
 .ARM.attributes
                0x00000430       0x2c c:/program files (x86)/atmel/studio/7.0/toolchain/arm/arm-gnu-toolchain/bin/../lib/gcc/arm-none-eabi/6.3.1/thumb/v6-m\libgcc.a(divdf3.o)
 .ARM.attributes
                0x0000045c       0x2c c:/program files (x86)/atmel/studio/7.0/toolchain/arm/arm-gnu-toolchain/bin/../lib/gcc/arm-none-eabi/6.3.1/thumb/v6-m\libgcc.a(muldf3.o)
 .ARM.attributes
                0x00000488       0x2c c:/program files (x86)/atmel/studio/7.0/toolchain/arm/arm-gnu-toolchain/bin/../lib/gcc/arm-none-eabi/6.3.1/thumb/v6-m\libgcc.a(subdf3.o)
 .ARM.attributes
                0x000004b4       0x2c c:/program files (x86)/atmel/studio/7.0/toolchain/arm/arm-gnu-toolchain/bin/../lib/gcc/arm-none-eabi/6.3.1/thumb/v6-m\libgcc.a(fixdfsi.o)
 .ARM.attributes
                0x000004e0       0x2c c:/program files (x86)/atmel/studio/7.0/toolchain/arm/arm-gnu-toolchain/bin/../lib/gcc/arm-none-eabi/6.3.1/thumb/v6-m\libgcc.a(floatunsidf.o)
 .ARM.attributes
                0x0000050c       0x1e c:/program files (x86)/atmel/studio/7.0/toolchain/arm/arm-gnu-toolchain/bin/../lib/gcc/arm-none-eabi/6.3.1/thumb/v6-m\libgcc.a(_clzsi2.o)
 .ARM.attributes
                0x0000052a       0x2c c:/program files (x86)/atmel/studio/7.0/toolchain/arm/arm-gnu-toolchain/bin/../lib/gcc/arm-none-eabi/6.3.1/../../../../arm-none-eabi/lib/thumb/v6-m\libc_nano.a(lib_a-init.o)
 .ARM.attributes
                0x00000556       0x2c c:/program files (x86)/atmel/studio/7.0/toolchain/arm/arm-gnu-toolchain/bin/../lib/gcc/arm-none-eabi/6.3.1/../../../../arm-none-eabi/lib/thumb/v6-m\libc_nano.a(lib_a-memcpy-stub.o)
 .ARM.attributes
                0x00000582       0x2c c:/program files (x86)/atmel/studio/7.0/toolchain/arm/arm-gnu-toolchain/bin/../lib/gcc/arm-none-eabi/6.3.1/../../../../arm-none-eabi/lib/thumb/v6-m\libc_nano.a(lib_a-strcat.o)
 .ARM.attributes
                0x000005ae       0x1e c:/program files (x86)/atmel/studio/7.0/toolchain/arm/arm-gnu-toolchain/bin/../lib/gcc/arm-none-eabi/6.3.1/thumb/v6-m/crtn.o

.comment        0x00000000       0x59
 .comment       0x00000000       0x59 src/ASF/sam0/drivers/sercom/i2c/i2c_sam0/i2c_master.o
                                 0x5a (size before relaxing)
 .comment       0x00000059       0x5a src/ASF/sam0/drivers/sercom/sercom.o
 .comment       0x00000059       0x5a src/ASF/sam0/drivers/sercom/usart/usart.o
 .comment       0x00000059       0x5a src/customlib/aes132_comm.o
 .comment       0x00000059       0x5a src/customlib/aes132_comm_marshaling.o
 .comment       0x00000059       0x5a src/customlib/aes132_i2c.o
 .comment       0x00000059       0x5a src/customlib/i2c_phys.o
 .comment       0x00000059       0x5a src/main.o
 .comment       0x00000059       0x5a src/ASF/common/utils/interrupt/interrupt_sam_nvic.o
 .comment       0x00000059       0x5a src/ASF/sam0/boards/samr21_xplained_pro/board_init.o
 .comment       0x00000059       0x5a src/ASF/sam0/drivers/port/port.o
 .comment       0x00000059       0x5a src/ASF/sam0/drivers/system/clock/clock_samd21_r21_da_ha1/clock.o
 .comment       0x00000059       0x5a src/ASF/sam0/drivers/system/clock/clock_samd21_r21_da_ha1/gclk.o
 .comment       0x00000059       0x5a src/ASF/sam0/drivers/system/pinmux/pinmux.o
 .comment       0x00000059       0x5a src/ASF/sam0/drivers/system/system.o
 .comment       0x00000059       0x5a src/ASF/sam0/utils/cmsis/samr21/source/gcc/startup_samr21.o
 .comment       0x00000059       0x5a src/customlib/usart_conf.o

.debug_info     0x00000000    0x26125
 .debug_info    0x00000000     0x4b19 src/ASF/sam0/drivers/sercom/i2c/i2c_sam0/i2c_master.o
 .debug_info    0x00004b19     0x2dc7 src/ASF/sam0/drivers/sercom/sercom.o
 .debug_info    0x000078e0     0x4897 src/ASF/sam0/drivers/sercom/usart/usart.o
 .debug_info    0x0000c177     0x11fb src/customlib/aes132_comm.o
 .debug_info    0x0000d372      0xc6b src/customlib/aes132_comm_marshaling.o
 .debug_info    0x0000dfdd      0xdfd src/customlib/aes132_i2c.o
 .debug_info    0x0000edda     0x3066 src/customlib/i2c_phys.o
 .debug_info    0x00011e40     0x2cc8 src/main.o
 .debug_info    0x00014b08      0xb07 src/ASF/common/utils/interrupt/interrupt_sam_nvic.o
 .debug_info    0x0001560f     0x12ac src/ASF/sam0/boards/samr21_xplained_pro/board_init.o
 .debug_info    0x000168bb     0x12b6 src/ASF/sam0/drivers/port/port.o
 .debug_info    0x00017b71     0x36f8 src/ASF/sam0/drivers/system/clock/clock_samd21_r21_da_ha1/clock.o
 .debug_info    0x0001b269     0x1e27 src/ASF/sam0/drivers/system/clock/clock_samd21_r21_da_ha1/gclk.o
 .debug_info    0x0001d090     0x1374 src/ASF/sam0/drivers/system/pinmux/pinmux.o
 .debug_info    0x0001e404      0xa73 src/ASF/sam0/drivers/system/system.o
 .debug_info    0x0001ee77     0x3a2c src/ASF/sam0/utils/cmsis/samr21/source/gcc/startup_samr21.o
 .debug_info    0x000228a3     0x3882 src/customlib/usart_conf.o

.debug_abbrev   0x00000000     0x358f
 .debug_abbrev  0x00000000      0x4f4 src/ASF/sam0/drivers/sercom/i2c/i2c_sam0/i2c_master.o
 .debug_abbrev  0x000004f4      0x378 src/ASF/sam0/drivers/sercom/sercom.o
 .debug_abbrev  0x0000086c      0x47d src/ASF/sam0/drivers/sercom/usart/usart.o
 .debug_abbrev  0x00000ce9      0x2a8 src/customlib/aes132_comm.o
 .debug_abbrev  0x00000f91      0x20c src/customlib/aes132_comm_marshaling.o
 .debug_abbrev  0x0000119d      0x252 src/customlib/aes132_i2c.o
 .debug_abbrev  0x000013ef      0x3b7 src/customlib/i2c_phys.o
 .debug_abbrev  0x000017a6      0x2a8 src/main.o
 .debug_abbrev  0x00001a4e      0x22c src/ASF/common/utils/interrupt/interrupt_sam_nvic.o
 .debug_abbrev  0x00001c7a      0x2dc src/ASF/sam0/boards/samr21_xplained_pro/board_init.o
 .debug_abbrev  0x00001f56      0x298 src/ASF/sam0/drivers/port/port.o
 .debug_abbrev  0x000021ee      0x465 src/ASF/sam0/drivers/system/clock/clock_samd21_r21_da_ha1/clock.o
 .debug_abbrev  0x00002653      0x40d src/ASF/sam0/drivers/system/clock/clock_samd21_r21_da_ha1/gclk.o
 .debug_abbrev  0x00002a60      0x332 src/ASF/sam0/drivers/system/pinmux/pinmux.o
 .debug_abbrev  0x00002d92      0x1e1 src/ASF/sam0/drivers/system/system.o
 .debug_abbrev  0x00002f73      0x234 src/ASF/sam0/utils/cmsis/samr21/source/gcc/startup_samr21.o
 .debug_abbrev  0x000031a7      0x3e8 src/customlib/usart_conf.o

.debug_loc      0x00000000     0x5be9
 .debug_loc     0x00000000      0xed9 src/ASF/sam0/drivers/sercom/i2c/i2c_sam0/i2c_master.o
 .debug_loc     0x00000ed9      0x9d5 src/ASF/sam0/drivers/sercom/sercom.o
 .debug_loc     0x000018ae      0xdd9 src/ASF/sam0/drivers/sercom/usart/usart.o
 .debug_loc     0x00002687      0xaff src/customlib/aes132_comm.o
 .debug_loc     0x00003186      0x57d src/customlib/aes132_comm_marshaling.o
 .debug_loc     0x00003703      0x3df src/customlib/aes132_i2c.o
 .debug_loc     0x00003ae2      0x2e7 src/customlib/i2c_phys.o
 .debug_loc     0x00003dc9       0x40 src/main.o
 .debug_loc     0x00003e09       0x8a src/ASF/sam0/boards/samr21_xplained_pro/board_init.o
 .debug_loc     0x00003e93      0x13d src/ASF/sam0/drivers/port/port.o
 .debug_loc     0x00003fd0      0xec1 src/ASF/sam0/drivers/system/clock/clock_samd21_r21_da_ha1/clock.o
 .debug_loc     0x00004e91      0x504 src/ASF/sam0/drivers/system/clock/clock_samd21_r21_da_ha1/gclk.o
 .debug_loc     0x00005395      0x322 src/ASF/sam0/drivers/system/pinmux/pinmux.o
 .debug_loc     0x000056b7       0x20 src/ASF/sam0/drivers/system/system.o
 .debug_loc     0x000056d7       0x40 src/ASF/sam0/utils/cmsis/samr21/source/gcc/startup_samr21.o
 .debug_loc     0x00005717      0x4d2 src/customlib/usart_conf.o

.debug_aranges  0x00000000      0x510
 .debug_aranges
                0x00000000       0xa0 src/ASF/sam0/drivers/sercom/i2c/i2c_sam0/i2c_master.o
 .debug_aranges
                0x000000a0       0x48 src/ASF/sam0/drivers/sercom/sercom.o
 .debug_aranges
                0x000000e8       0x40 src/ASF/sam0/drivers/sercom/usart/usart.o
 .debug_aranges
                0x00000128       0x90 src/customlib/aes132_comm.o
 .debug_aranges
                0x000001b8       0x30 src/customlib/aes132_comm_marshaling.o
 .debug_aranges
                0x000001e8       0x48 src/customlib/aes132_i2c.o
 .debug_aranges
                0x00000230       0x68 src/customlib/i2c_phys.o
 .debug_aranges
                0x00000298       0x28 src/main.o
 .debug_aranges
                0x000002c0       0x28 src/ASF/common/utils/interrupt/interrupt_sam_nvic.o
 .debug_aranges
                0x000002e8       0x20 src/ASF/sam0/boards/samr21_xplained_pro/board_init.o
 .debug_aranges
                0x00000308       0x28 src/ASF/sam0/drivers/port/port.o
 .debug_aranges
                0x00000330       0x78 src/ASF/sam0/drivers/system/clock/clock_samd21_r21_da_ha1/clock.o
 .debug_aranges
                0x000003a8       0x80 src/ASF/sam0/drivers/system/clock/clock_samd21_r21_da_ha1/gclk.o
 .debug_aranges
                0x00000428       0x38 src/ASF/sam0/drivers/system/pinmux/pinmux.o
 .debug_aranges
                0x00000460       0x28 src/ASF/sam0/drivers/system/system.o
 .debug_aranges
                0x00000488       0x28 src/ASF/sam0/utils/cmsis/samr21/source/gcc/startup_samr21.o
 .debug_aranges
                0x000004b0       0x60 src/customlib/usart_conf.o

.debug_ranges   0x00000000      0x560
 .debug_ranges  0x00000000       0xa8 src/ASF/sam0/drivers/sercom/i2c/i2c_sam0/i2c_master.o
 .debug_ranges  0x000000a8       0x50 src/ASF/sam0/drivers/sercom/sercom.o
 .debug_ranges  0x000000f8      0x148 src/ASF/sam0/drivers/sercom/usart/usart.o
 .debug_ranges  0x00000240       0x80 src/customlib/aes132_comm.o
 .debug_ranges  0x000002c0       0x20 src/customlib/aes132_comm_marshaling.o
 .debug_ranges  0x000002e0       0x38 src/customlib/aes132_i2c.o
 .debug_ranges  0x00000318       0x58 src/customlib/i2c_phys.o
 .debug_ranges  0x00000370       0x18 src/main.o
 .debug_ranges  0x00000388       0x18 src/ASF/common/utils/interrupt/interrupt_sam_nvic.o
 .debug_ranges  0x000003a0       0x10 src/ASF/sam0/boards/samr21_xplained_pro/board_init.o
 .debug_ranges  0x000003b0       0x18 src/ASF/sam0/drivers/port/port.o
 .debug_ranges  0x000003c8       0x68 src/ASF/sam0/drivers/system/clock/clock_samd21_r21_da_ha1/clock.o
 .debug_ranges  0x00000430       0x88 src/ASF/sam0/drivers/system/clock/clock_samd21_r21_da_ha1/gclk.o
 .debug_ranges  0x000004b8       0x28 src/ASF/sam0/drivers/system/pinmux/pinmux.o
 .debug_ranges  0x000004e0       0x18 src/ASF/sam0/drivers/system/system.o
 .debug_ranges  0x000004f8       0x18 src/ASF/sam0/utils/cmsis/samr21/source/gcc/startup_samr21.o
 .debug_ranges  0x00000510       0x50 src/customlib/usart_conf.o

.debug_macro    0x00000000     0x6320
 .debug_macro   0x00000000      0x57d src/ASF/sam0/drivers/sercom/i2c/i2c_sam0/i2c_master.o
 .debug_macro   0x0000057d       0x11 src/ASF/sam0/drivers/sercom/i2c/i2c_sam0/i2c_master.o
 .debug_macro   0x0000058e       0x16 src/ASF/sam0/drivers/sercom/i2c/i2c_sam0/i2c_master.o
 .debug_macro   0x000005a4       0x2e src/ASF/sam0/drivers/sercom/i2c/i2c_sam0/i2c_master.o
 .debug_macro   0x000005d2       0x9a src/ASF/sam0/drivers/sercom/i2c/i2c_sam0/i2c_master.o
 .debug_macro   0x0000066c       0x10 src/ASF/sam0/drivers/sercom/i2c/i2c_sam0/i2c_master.o
 .debug_macro   0x0000067c       0x27 src/ASF/sam0/drivers/sercom/i2c/i2c_sam0/i2c_master.o
 .debug_macro   0x000006a3      0x577 src/ASF/sam0/drivers/sercom/sercom.o
 .debug_macro   0x00000c1a      0x56f src/ASF/sam0/drivers/sercom/usart/usart.o
 .debug_macro   0x00001189       0x51 src/ASF/sam0/drivers/sercom/usart/usart.o
 .debug_macro   0x000011da      0x133 src/customlib/aes132_comm.o
 .debug_macro   0x0000130d       0x10 src/customlib/aes132_comm.o
 .debug_macro   0x0000131d       0x7b src/customlib/aes132_comm.o
 .debug_macro   0x00001398      0x13f src/customlib/aes132_comm.o
 .debug_macro   0x000014d7      0x13c src/customlib/aes132_comm_marshaling.o
 .debug_macro   0x00001613       0x52 src/customlib/aes132_comm_marshaling.o
 .debug_macro   0x00001665       0x8d src/customlib/aes132_comm_marshaling.o
 .debug_macro   0x000016f2       0x57 src/customlib/aes132_comm_marshaling.o
 .debug_macro   0x00001749       0xa2 src/customlib/aes132_comm_marshaling.o
 .debug_macro   0x000017eb      0x5b0 src/customlib/aes132_i2c.o
 .debug_macro   0x00001d9b       0x16 src/customlib/aes132_i2c.o
 .debug_macro   0x00001db1       0x1c src/customlib/aes132_i2c.o
 .debug_macro   0x00001dcd       0x3a src/customlib/aes132_i2c.o
 .debug_macro   0x00001e07      0x595 src/customlib/i2c_phys.o
 .debug_macro   0x0000239c      0x63e src/main.o
 .debug_macro   0x000029da      0x2c3 src/main.o
 .debug_macro   0x00002c9d      0x69a src/main.o
 .debug_macro   0x00003337       0x19 src/main.o
 .debug_macro   0x00003350       0x50 src/main.o
 .debug_macro   0x000033a0       0x16 src/main.o
 .debug_macro   0x000033b6      0x4ea src/ASF/common/utils/interrupt/interrupt_sam_nvic.o
 .debug_macro   0x000038a0      0x526 src/ASF/sam0/boards/samr21_xplained_pro/board_init.o
 .debug_macro   0x00003dc6      0x504 src/ASF/sam0/drivers/port/port.o
 .debug_macro   0x000042ca      0x55b src/ASF/sam0/drivers/system/clock/clock_samd21_r21_da_ha1/clock.o
 .debug_macro   0x00004825      0x298 src/ASF/sam0/drivers/system/clock/clock_samd21_r21_da_ha1/clock.o
 .debug_macro   0x00004abd      0x520 src/ASF/sam0/drivers/system/clock/clock_samd21_r21_da_ha1/gclk.o
 .debug_macro   0x00004fdd      0x4fc src/ASF/sam0/drivers/system/pinmux/pinmux.o
 .debug_macro   0x000054d9      0x52d src/ASF/sam0/drivers/system/system.o
 .debug_macro   0x00005a06      0x2d1 src/ASF/sam0/utils/cmsis/samr21/source/gcc/startup_samr21.o
 .debug_macro   0x00005cd7       0x3a src/ASF/sam0/utils/cmsis/samr21/source/gcc/startup_samr21.o
 .debug_macro   0x00005d11      0x60f src/customlib/usart_conf.o

.debug_line     0x00000000     0xaf45
 .debug_line    0x00000000      0xdda src/ASF/sam0/drivers/sercom/i2c/i2c_sam0/i2c_master.o
 .debug_line    0x00000dda      0xbbf src/ASF/sam0/drivers/sercom/sercom.o
 .debug_line    0x00001999      0xcf4 src/ASF/sam0/drivers/sercom/usart/usart.o
 .debug_line    0x0000268d      0x4b7 src/customlib/aes132_comm.o
 .debug_line    0x00002b44      0x363 src/customlib/aes132_comm_marshaling.o
 .debug_line    0x00002ea7      0xbc2 src/customlib/aes132_i2c.o
 .debug_line    0x00003a69      0xc2d src/customlib/i2c_phys.o
 .debug_line    0x00004696      0xcfd src/main.o
 .debug_line    0x00005393      0x8b9 src/ASF/common/utils/interrupt/interrupt_sam_nvic.o
 .debug_line    0x00005c4c      0x961 src/ASF/sam0/boards/samr21_xplained_pro/board_init.o
 .debug_line    0x000065ad      0x8e6 src/ASF/sam0/drivers/port/port.o
 .debug_line    0x00006e93      0xc3c src/ASF/sam0/drivers/system/clock/clock_samd21_r21_da_ha1/clock.o
 .debug_line    0x00007acf      0xc62 src/ASF/sam0/drivers/system/clock/clock_samd21_r21_da_ha1/gclk.o
 .debug_line    0x00008731      0x916 src/ASF/sam0/drivers/system/pinmux/pinmux.o
 .debug_line    0x00009047      0x9dd src/ASF/sam0/drivers/system/system.o
 .debug_line    0x00009a24      0x638 src/ASF/sam0/utils/cmsis/samr21/source/gcc/startup_samr21.o
 .debug_line    0x0000a05c      0xee9 src/customlib/usart_conf.o

.debug_str      0x00000000    0x84cb1
 .debug_str     0x00000000    0x7bc5d src/ASF/sam0/drivers/sercom/i2c/i2c_sam0/i2c_master.o
                              0x7c1e3 (size before relaxing)
 .debug_str     0x0007bc5d      0x4b7 src/ASF/sam0/drivers/sercom/sercom.o
                              0x7b854 (size before relaxing)
 .debug_str     0x0007c114      0x813 src/ASF/sam0/drivers/sercom/usart/usart.o
                              0x7c41a (size before relaxing)
 .debug_str     0x0007c927      0xf5a src/customlib/aes132_comm.o
                               0x73b7 (size before relaxing)
 .debug_str     0x0007d881      0x3dd src/customlib/aes132_comm_marshaling.o
                               0x748f (size before relaxing)
 .debug_str     0x0007dc5e      0x2a1 src/customlib/aes132_i2c.o
                              0x7b127 (size before relaxing)
 .debug_str     0x0007deff      0x156 src/customlib/i2c_phys.o
                              0x7c081 (size before relaxing)
 .debug_str     0x0007e055     0x2d7a src/main.o
                              0x7f1f2 (size before relaxing)
 .debug_str     0x00080dcf       0x94 src/ASF/common/utils/interrupt/interrupt_sam_nvic.o
                              0x7a1ab (size before relaxing)
 .debug_str     0x00080e63      0x301 src/ASF/sam0/boards/samr21_xplained_pro/board_init.o
                              0x7cea8 (size before relaxing)
 .debug_str     0x00081164       0x5e src/ASF/sam0/drivers/port/port.o
                              0x7a5c6 (size before relaxing)
 .debug_str     0x000811c2     0x2797 src/ASF/sam0/drivers/system/clock/clock_samd21_r21_da_ha1/clock.o
                              0x7d2e7 (size before relaxing)
 .debug_str     0x00083959      0x24a src/ASF/sam0/drivers/system/clock/clock_samd21_r21_da_ha1/gclk.o
                              0x7ae3e (size before relaxing)
 .debug_str     0x00083ba3       0xf4 src/ASF/sam0/drivers/system/pinmux/pinmux.o
                              0x7a5a2 (size before relaxing)
 .debug_str     0x00083c97       0x3b src/ASF/sam0/drivers/system/system.o
                              0x7a262 (size before relaxing)
 .debug_str     0x00083cd2      0xf26 src/ASF/sam0/utils/cmsis/samr21/source/gcc/startup_samr21.o
                              0x65694 (size before relaxing)
 .debug_str     0x00084bf8       0xb9 src/customlib/usart_conf.o
                              0x7eb7b (size before relaxing)

.debug_frame    0x00000000      0xec0
 .debug_frame   0x00000000      0x1e8 src/ASF/sam0/drivers/sercom/i2c/i2c_sam0/i2c_master.o
 .debug_frame   0x000001e8       0xbc src/ASF/sam0/drivers/sercom/sercom.o
 .debug_frame   0x000002a4       0xac src/ASF/sam0/drivers/sercom/usart/usart.o
 .debug_frame   0x00000350      0x1d0 src/customlib/aes132_comm.o
 .debug_frame   0x00000520       0x68 src/customlib/aes132_comm_marshaling.o
 .debug_frame   0x00000588       0xb8 src/customlib/aes132_i2c.o
 .debug_frame   0x00000640       0xe4 src/customlib/i2c_phys.o
 .debug_frame   0x00000724       0x4c src/main.o
 .debug_frame   0x00000770       0x30 src/ASF/common/utils/interrupt/interrupt_sam_nvic.o
 .debug_frame   0x000007a0       0x30 src/ASF/sam0/boards/samr21_xplained_pro/board_init.o
 .debug_frame   0x000007d0       0x44 src/ASF/sam0/drivers/port/port.o
 .debug_frame   0x00000814      0x14c src/ASF/sam0/drivers/system/clock/clock_samd21_r21_da_ha1/clock.o
 .debug_frame   0x00000960      0x148 src/ASF/sam0/drivers/system/clock/clock_samd21_r21_da_ha1/gclk.o
 .debug_frame   0x00000aa8       0x74 src/ASF/sam0/drivers/system/pinmux/pinmux.o
 .debug_frame   0x00000b1c       0x38 src/ASF/sam0/drivers/system/system.o
 .debug_frame   0x00000b54       0x40 src/ASF/sam0/utils/cmsis/samr21/source/gcc/startup_samr21.o
 .debug_frame   0x00000b94      0x11c src/customlib/usart_conf.o
 .debug_frame   0x00000cb0       0x20 c:/program files (x86)/atmel/studio/7.0/toolchain/arm/arm-gnu-toolchain/bin/../lib/gcc/arm-none-eabi/6.3.1/thumb/v6-m\libgcc.a(_udivsi3.o)
 .debug_frame   0x00000cd0       0x34 c:/program files (x86)/atmel/studio/7.0/toolchain/arm/arm-gnu-toolchain/bin/../lib/gcc/arm-none-eabi/6.3.1/thumb/v6-m\libgcc.a(_muldi3.o)
 .debug_frame   0x00000d04       0x3c c:/program files (x86)/atmel/studio/7.0/toolchain/arm/arm-gnu-toolchain/bin/../lib/gcc/arm-none-eabi/6.3.1/thumb/v6-m\libgcc.a(adddf3.o)
 .debug_frame   0x00000d40       0x3c c:/program files (x86)/atmel/studio/7.0/toolchain/arm/arm-gnu-toolchain/bin/../lib/gcc/arm-none-eabi/6.3.1/thumb/v6-m\libgcc.a(divdf3.o)
 .debug_frame   0x00000d7c       0x3c c:/program files (x86)/atmel/studio/7.0/toolchain/arm/arm-gnu-toolchain/bin/../lib/gcc/arm-none-eabi/6.3.1/thumb/v6-m\libgcc.a(muldf3.o)
 .debug_frame   0x00000db8       0x38 c:/program files (x86)/atmel/studio/7.0/toolchain/arm/arm-gnu-toolchain/bin/../lib/gcc/arm-none-eabi/6.3.1/thumb/v6-m\libgcc.a(subdf3.o)
 .debug_frame   0x00000df0       0x2c c:/program files (x86)/atmel/studio/7.0/toolchain/arm/arm-gnu-toolchain/bin/../lib/gcc/arm-none-eabi/6.3.1/thumb/v6-m\libgcc.a(fixdfsi.o)
 .debug_frame   0x00000e1c       0x28 c:/program files (x86)/atmel/studio/7.0/toolchain/arm/arm-gnu-toolchain/bin/../lib/gcc/arm-none-eabi/6.3.1/thumb/v6-m\libgcc.a(floatunsidf.o)
 .debug_frame   0x00000e44       0x2c c:/program files (x86)/atmel/studio/7.0/toolchain/arm/arm-gnu-toolchain/bin/../lib/gcc/arm-none-eabi/6.3.1/../../../../arm-none-eabi/lib/thumb/v6-m\libc_nano.a(lib_a-init.o)
 .debug_frame   0x00000e70       0x28 c:/program files (x86)/atmel/studio/7.0/toolchain/arm/arm-gnu-toolchain/bin/../lib/gcc/arm-none-eabi/6.3.1/../../../../arm-none-eabi/lib/thumb/v6-m\libc_nano.a(lib_a-memcpy-stub.o)
 .debug_frame   0x00000e98       0x28 c:/program files (x86)/atmel/studio/7.0/toolchain/arm/arm-gnu-toolchain/bin/../lib/gcc/arm-none-eabi/6.3.1/../../../../arm-none-eabi/lib/thumb/v6-m\libc_nano.a(lib_a-strcat.o)

Cross Reference Table

Symbol                                            File
AC_Handler                                        src/ASF/sam0/utils/cmsis/samr21/source/gcc/startup_samr21.o
ADC_Handler                                       src/ASF/sam0/utils/cmsis/samr21/source/gcc/startup_samr21.o
DMAC_Handler                                      src/ASF/sam0/utils/cmsis/samr21/source/gcc/startup_samr21.o
Dummy_Handler                                     src/ASF/sam0/utils/cmsis/samr21/source/gcc/startup_samr21.o
EIC_Handler                                       src/ASF/sam0/utils/cmsis/samr21/source/gcc/startup_samr21.o
EVSYS_Handler                                     src/ASF/sam0/utils/cmsis/samr21/source/gcc/startup_samr21.o
HardFault_Handler                                 src/ASF/sam0/utils/cmsis/samr21/source/gcc/startup_samr21.o
NMI_Handler                                       src/ASF/sam0/utils/cmsis/samr21/source/gcc/startup_samr21.o
NVMCTRL_Handler                                   src/ASF/sam0/utils/cmsis/samr21/source/gcc/startup_samr21.o
PM_Handler                                        src/ASF/sam0/utils/cmsis/samr21/source/gcc/startup_samr21.o
PTC_Handler                                       src/ASF/sam0/utils/cmsis/samr21/source/gcc/startup_samr21.o
PendSV_Handler                                    src/ASF/sam0/utils/cmsis/samr21/source/gcc/startup_samr21.o
RTC_Handler                                       src/ASF/sam0/utils/cmsis/samr21/source/gcc/startup_samr21.o
Reset_Handler                                     src/ASF/sam0/utils/cmsis/samr21/source/gcc/startup_samr21.o
SERCOM0_Handler                                   src/ASF/sam0/utils/cmsis/samr21/source/gcc/startup_samr21.o
SERCOM1_Handler                                   src/ASF/sam0/utils/cmsis/samr21/source/gcc/startup_samr21.o
SERCOM2_Handler                                   src/ASF/sam0/utils/cmsis/samr21/source/gcc/startup_samr21.o
SERCOM3_Handler                                   src/ASF/sam0/utils/cmsis/samr21/source/gcc/startup_samr21.o
SERCOM4_Handler                                   src/ASF/sam0/utils/cmsis/samr21/source/gcc/startup_samr21.o
SERCOM5_Handler                                   src/ASF/sam0/utils/cmsis/samr21/source/gcc/startup_samr21.o
SVC_Handler                                       src/ASF/sam0/utils/cmsis/samr21/source/gcc/startup_samr21.o
SYSCTRL_Handler                                   src/ASF/sam0/utils/cmsis/samr21/source/gcc/startup_samr21.o
SysTick_Handler                                   src/ASF/sam0/utils/cmsis/samr21/source/gcc/startup_samr21.o
SystemCoreClock                                   src/ASF/sam0/utils/cmsis/samr21/source/system_samr21.o
SystemCoreClockUpdate                             src/ASF/sam0/utils/cmsis/samr21/source/system_samr21.o
SystemInit                                        src/ASF/sam0/utils/cmsis/samr21/source/system_samr21.o
TC3_Handler                                       src/ASF/sam0/utils/cmsis/samr21/source/gcc/startup_samr21.o
TC4_Handler                                       src/ASF/sam0/utils/cmsis/samr21/source/gcc/startup_samr21.o
TC5_Handler                                       src/ASF/sam0/utils/cmsis/samr21/source/gcc/startup_samr21.o
TCC0_Handler                                      src/ASF/sam0/utils/cmsis/samr21/source/gcc/startup_samr21.o
TCC1_Handler                                      src/ASF/sam0/utils/cmsis/samr21/source/gcc/startup_samr21.o
TCC2_Handler                                      src/ASF/sam0/utils/cmsis/samr21/source/gcc/startup_samr21.o
USART                                             src/customlib/usart_conf.o
                                                  src/main.o
USB_Handler                                       src/ASF/sam0/utils/cmsis/samr21/source/gcc/startup_samr21.o
WDT_Handler                                       src/ASF/sam0/utils/cmsis/samr21/source/gcc/startup_samr21.o
_Jv_RegisterClasses                               c:/program files (x86)/atmel/studio/7.0/toolchain/arm/arm-gnu-toolchain/bin/../lib/gcc/arm-none-eabi/6.3.1/thumb/v6-m/crtbegin.o
__aeabi_d2iz                                      c:/program files (x86)/atmel/studio/7.0/toolchain/arm/arm-gnu-toolchain/bin/../lib/gcc/arm-none-eabi/6.3.1/thumb/v6-m\libgcc.a(fixdfsi.o)
                                                  src/ASF/sam0/drivers/sercom/i2c/i2c_sam0/i2c_master.o
__aeabi_dadd                                      c:/program files (x86)/atmel/studio/7.0/toolchain/arm/arm-gnu-toolchain/bin/../lib/gcc/arm-none-eabi/6.3.1/thumb/v6-m\libgcc.a(adddf3.o)
                                                  src/ASF/sam0/drivers/sercom/i2c/i2c_sam0/i2c_master.o
__aeabi_ddiv                                      c:/program files (x86)/atmel/studio/7.0/toolchain/arm/arm-gnu-toolchain/bin/../lib/gcc/arm-none-eabi/6.3.1/thumb/v6-m\libgcc.a(divdf3.o)
                                                  src/ASF/sam0/drivers/sercom/i2c/i2c_sam0/i2c_master.o
__aeabi_dmul                                      c:/program files (x86)/atmel/studio/7.0/toolchain/arm/arm-gnu-toolchain/bin/../lib/gcc/arm-none-eabi/6.3.1/thumb/v6-m\libgcc.a(muldf3.o)
                                                  src/ASF/sam0/drivers/sercom/i2c/i2c_sam0/i2c_master.o
__aeabi_dsub                                      c:/program files (x86)/atmel/studio/7.0/toolchain/arm/arm-gnu-toolchain/bin/../lib/gcc/arm-none-eabi/6.3.1/thumb/v6-m\libgcc.a(subdf3.o)
                                                  src/ASF/sam0/drivers/sercom/i2c/i2c_sam0/i2c_master.o
__aeabi_idiv                                      c:/program files (x86)/atmel/studio/7.0/toolchain/arm/arm-gnu-toolchain/bin/../lib/gcc/arm-none-eabi/6.3.1/thumb/v6-m\libgcc.a(_divsi3.o)
                                                  src/customlib/usart_conf.o
__aeabi_idiv0                                     c:/program files (x86)/atmel/studio/7.0/toolchain/arm/arm-gnu-toolchain/bin/../lib/gcc/arm-none-eabi/6.3.1/thumb/v6-m\libgcc.a(_dvmd_tls.o)
                                                  c:/program files (x86)/atmel/studio/7.0/toolchain/arm/arm-gnu-toolchain/bin/../lib/gcc/arm-none-eabi/6.3.1/thumb/v6-m\libgcc.a(_divsi3.o)
                                                  c:/program files (x86)/atmel/studio/7.0/toolchain/arm/arm-gnu-toolchain/bin/../lib/gcc/arm-none-eabi/6.3.1/thumb/v6-m\libgcc.a(_udivsi3.o)
__aeabi_idivmod                                   c:/program files (x86)/atmel/studio/7.0/toolchain/arm/arm-gnu-toolchain/bin/../lib/gcc/arm-none-eabi/6.3.1/thumb/v6-m\libgcc.a(_divsi3.o)
__aeabi_ldiv0                                     c:/program files (x86)/atmel/studio/7.0/toolchain/arm/arm-gnu-toolchain/bin/../lib/gcc/arm-none-eabi/6.3.1/thumb/v6-m\libgcc.a(_dvmd_tls.o)
                                                  c:/program files (x86)/atmel/studio/7.0/toolchain/arm/arm-gnu-toolchain/bin/../lib/gcc/arm-none-eabi/6.3.1/thumb/v6-m\libgcc.a(_aeabi_uldivmod.o)
__aeabi_lmul                                      c:/program files (x86)/atmel/studio/7.0/toolchain/arm/arm-gnu-toolchain/bin/../lib/gcc/arm-none-eabi/6.3.1/thumb/v6-m\libgcc.a(_muldi3.o)
                                                  src/customlib/usart_conf.o
                                                  src/ASF/sam0/drivers/sercom/sercom.o
__aeabi_ui2d                                      c:/program files (x86)/atmel/studio/7.0/toolchain/arm/arm-gnu-toolchain/bin/../lib/gcc/arm-none-eabi/6.3.1/thumb/v6-m\libgcc.a(floatunsidf.o)
                                                  src/ASF/sam0/drivers/sercom/i2c/i2c_sam0/i2c_master.o
__aeabi_uidiv                                     c:/program files (x86)/atmel/studio/7.0/toolchain/arm/arm-gnu-toolchain/bin/../lib/gcc/arm-none-eabi/6.3.1/thumb/v6-m\libgcc.a(_udivsi3.o)
                                                  c:/program files (x86)/atmel/studio/7.0/toolchain/arm/arm-gnu-toolchain/bin/../lib/gcc/arm-none-eabi/6.3.1/thumb/v6-m\libgcc.a(divdf3.o)
                                                  src/ASF/sam0/drivers/system/clock/clock_samd21_r21_da_ha1/gclk.o
                                                  src/ASF/sam0/drivers/system/clock/clock_samd21_r21_da_ha1/clock.o
                                                  src/ASF/sam0/drivers/sercom/i2c/i2c_sam0/i2c_master.o
__aeabi_uidivmod                                  c:/program files (x86)/atmel/studio/7.0/toolchain/arm/arm-gnu-toolchain/bin/../lib/gcc/arm-none-eabi/6.3.1/thumb/v6-m\libgcc.a(_udivsi3.o)
                                                  c:/program files (x86)/atmel/studio/7.0/toolchain/arm/arm-gnu-toolchain/bin/../lib/gcc/arm-none-eabi/6.3.1/thumb/v6-m\libgcc.a(divdf3.o)
__aeabi_uldivmod                                  c:/program files (x86)/atmel/studio/7.0/toolchain/arm/arm-gnu-toolchain/bin/../lib/gcc/arm-none-eabi/6.3.1/thumb/v6-m\libgcc.a(_aeabi_uldivmod.o)
                                                  src/customlib/usart_conf.o
__bss_end__                                       c:/program files (x86)/atmel/studio/7.0/toolchain/arm/arm-gnu-toolchain/bin/../lib/gcc/arm-none-eabi/6.3.1/../../../../arm-none-eabi/lib/thumb/v6-m/crt0.o
__bss_start__                                     c:/program files (x86)/atmel/studio/7.0/toolchain/arm/arm-gnu-toolchain/bin/../lib/gcc/arm-none-eabi/6.3.1/../../../../arm-none-eabi/lib/thumb/v6-m/crt0.o
__call_exitprocs                                  c:/program files (x86)/atmel/studio/7.0/toolchain/arm/arm-gnu-toolchain/bin/../lib/gcc/arm-none-eabi/6.3.1/../../../../arm-none-eabi/lib/thumb/v6-m\libc_nano.a(lib_a-exit.o)
__clzdi2                                          c:/program files (x86)/atmel/studio/7.0/toolchain/arm/arm-gnu-toolchain/bin/../lib/gcc/arm-none-eabi/6.3.1/thumb/v6-m\libgcc.a(_clzdi2.o)
                                                  c:/program files (x86)/atmel/studio/7.0/toolchain/arm/arm-gnu-toolchain/bin/../lib/gcc/arm-none-eabi/6.3.1/thumb/v6-m\libgcc.a(_udivmoddi4.o)
__clzsi2                                          c:/program files (x86)/atmel/studio/7.0/toolchain/arm/arm-gnu-toolchain/bin/../lib/gcc/arm-none-eabi/6.3.1/thumb/v6-m\libgcc.a(_clzsi2.o)
                                                  c:/program files (x86)/atmel/studio/7.0/toolchain/arm/arm-gnu-toolchain/bin/../lib/gcc/arm-none-eabi/6.3.1/thumb/v6-m\libgcc.a(_clzdi2.o)
                                                  c:/program files (x86)/atmel/studio/7.0/toolchain/arm/arm-gnu-toolchain/bin/../lib/gcc/arm-none-eabi/6.3.1/thumb/v6-m\libgcc.a(floatunsidf.o)
                                                  c:/program files (x86)/atmel/studio/7.0/toolchain/arm/arm-gnu-toolchain/bin/../lib/gcc/arm-none-eabi/6.3.1/thumb/v6-m\libgcc.a(subdf3.o)
                                                  c:/program files (x86)/atmel/studio/7.0/toolchain/arm/arm-gnu-toolchain/bin/../lib/gcc/arm-none-eabi/6.3.1/thumb/v6-m\libgcc.a(muldf3.o)
                                                  c:/program files (x86)/atmel/studio/7.0/toolchain/arm/arm-gnu-toolchain/bin/../lib/gcc/arm-none-eabi/6.3.1/thumb/v6-m\libgcc.a(divdf3.o)
                                                  c:/program files (x86)/atmel/studio/7.0/toolchain/arm/arm-gnu-toolchain/bin/../lib/gcc/arm-none-eabi/6.3.1/thumb/v6-m\libgcc.a(adddf3.o)
__deregister_frame_info                           c:/program files (x86)/atmel/studio/7.0/toolchain/arm/arm-gnu-toolchain/bin/../lib/gcc/arm-none-eabi/6.3.1/thumb/v6-m/crtbegin.o
__divsi3                                          c:/program files (x86)/atmel/studio/7.0/toolchain/arm/arm-gnu-toolchain/bin/../lib/gcc/arm-none-eabi/6.3.1/thumb/v6-m\libgcc.a(_divsi3.o)
__dso_handle                                      c:/program files (x86)/atmel/studio/7.0/toolchain/arm/arm-gnu-toolchain/bin/../lib/gcc/arm-none-eabi/6.3.1/thumb/v6-m/crtbegin.o
__init_array_end                                  c:/program files (x86)/atmel/studio/7.0/toolchain/arm/arm-gnu-toolchain/bin/../lib/gcc/arm-none-eabi/6.3.1/../../../../arm-none-eabi/lib/thumb/v6-m\libc_nano.a(lib_a-init.o)
__init_array_start                                c:/program files (x86)/atmel/studio/7.0/toolchain/arm/arm-gnu-toolchain/bin/../lib/gcc/arm-none-eabi/6.3.1/../../../../arm-none-eabi/lib/thumb/v6-m\libc_nano.a(lib_a-init.o)
__libc_fini_array                                 c:/program files (x86)/atmel/studio/7.0/toolchain/arm/arm-gnu-toolchain/bin/../lib/gcc/arm-none-eabi/6.3.1/../../../../arm-none-eabi/lib/thumb/v6-m/crt0.o
__libc_init_array                                 c:/program files (x86)/atmel/studio/7.0/toolchain/arm/arm-gnu-toolchain/bin/../lib/gcc/arm-none-eabi/6.3.1/../../../../arm-none-eabi/lib/thumb/v6-m\libc_nano.a(lib_a-init.o)
                                                  src/ASF/sam0/utils/cmsis/samr21/source/gcc/startup_samr21.o
                                                  c:/program files (x86)/atmel/studio/7.0/toolchain/arm/arm-gnu-toolchain/bin/../lib/gcc/arm-none-eabi/6.3.1/../../../../arm-none-eabi/lib/thumb/v6-m/crt0.o
__muldi3                                          c:/program files (x86)/atmel/studio/7.0/toolchain/arm/arm-gnu-toolchain/bin/../lib/gcc/arm-none-eabi/6.3.1/thumb/v6-m\libgcc.a(_muldi3.o)
__preinit_array_end                               c:/program files (x86)/atmel/studio/7.0/toolchain/arm/arm-gnu-toolchain/bin/../lib/gcc/arm-none-eabi/6.3.1/../../../../arm-none-eabi/lib/thumb/v6-m\libc_nano.a(lib_a-init.o)
__preinit_array_start                             c:/program files (x86)/atmel/studio/7.0/toolchain/arm/arm-gnu-toolchain/bin/../lib/gcc/arm-none-eabi/6.3.1/../../../../arm-none-eabi/lib/thumb/v6-m\libc_nano.a(lib_a-init.o)
__register_frame_info                             c:/program files (x86)/atmel/studio/7.0/toolchain/arm/arm-gnu-toolchain/bin/../lib/gcc/arm-none-eabi/6.3.1/thumb/v6-m/crtbegin.o
__sf_fake_stderr                                  c:/program files (x86)/atmel/studio/7.0/toolchain/arm/arm-gnu-toolchain/bin/../lib/gcc/arm-none-eabi/6.3.1/../../../../arm-none-eabi/lib/thumb/v6-m\libc_nano.a(lib_a-impure.o)
__sf_fake_stdin                                   c:/program files (x86)/atmel/studio/7.0/toolchain/arm/arm-gnu-toolchain/bin/../lib/gcc/arm-none-eabi/6.3.1/../../../../arm-none-eabi/lib/thumb/v6-m\libc_nano.a(lib_a-impure.o)
__sf_fake_stdout                                  c:/program files (x86)/atmel/studio/7.0/toolchain/arm/arm-gnu-toolchain/bin/../lib/gcc/arm-none-eabi/6.3.1/../../../../arm-none-eabi/lib/thumb/v6-m\libc_nano.a(lib_a-impure.o)
__stack                                           c:/program files (x86)/atmel/studio/7.0/toolchain/arm/arm-gnu-toolchain/bin/../lib/gcc/arm-none-eabi/6.3.1/../../../../arm-none-eabi/lib/thumb/v6-m/crt0.o
__udivmoddi4                                      c:/program files (x86)/atmel/studio/7.0/toolchain/arm/arm-gnu-toolchain/bin/../lib/gcc/arm-none-eabi/6.3.1/thumb/v6-m\libgcc.a(_udivmoddi4.o)
                                                  c:/program files (x86)/atmel/studio/7.0/toolchain/arm/arm-gnu-toolchain/bin/../lib/gcc/arm-none-eabi/6.3.1/thumb/v6-m\libgcc.a(_aeabi_uldivmod.o)
__udivsi3                                         c:/program files (x86)/atmel/studio/7.0/toolchain/arm/arm-gnu-toolchain/bin/../lib/gcc/arm-none-eabi/6.3.1/thumb/v6-m\libgcc.a(_udivsi3.o)
_close                                            src/ASF/sam0/utils/syscalls/gcc/syscalls.o
_end                                              src/ASF/sam0/utils/syscalls/gcc/syscalls.o
_erelocate                                        src/ASF/sam0/utils/cmsis/samr21/source/gcc/startup_samr21.o
_estack                                           src/ASF/sam0/utils/cmsis/samr21/source/gcc/startup_samr21.o
_etext                                            src/ASF/sam0/utils/cmsis/samr21/source/gcc/startup_samr21.o
_exit                                             src/ASF/sam0/utils/syscalls/gcc/syscalls.o
                                                  c:/program files (x86)/atmel/studio/7.0/toolchain/arm/arm-gnu-toolchain/bin/../lib/gcc/arm-none-eabi/6.3.1/../../../../arm-none-eabi/lib/thumb/v6-m\libc_nano.a(lib_a-exit.o)
_ezero                                            src/ASF/sam0/utils/cmsis/samr21/source/gcc/startup_samr21.o
_fini                                             c:/program files (x86)/atmel/studio/7.0/toolchain/arm/arm-gnu-toolchain/bin/../lib/gcc/arm-none-eabi/6.3.1/thumb/v6-m/crti.o
_fstat                                            src/ASF/sam0/utils/syscalls/gcc/syscalls.o
_getpid                                           src/ASF/sam0/utils/syscalls/gcc/syscalls.o
_global_impure_ptr                                c:/program files (x86)/atmel/studio/7.0/toolchain/arm/arm-gnu-toolchain/bin/../lib/gcc/arm-none-eabi/6.3.1/../../../../arm-none-eabi/lib/thumb/v6-m\libc_nano.a(lib_a-impure.o)
                                                  c:/program files (x86)/atmel/studio/7.0/toolchain/arm/arm-gnu-toolchain/bin/../lib/gcc/arm-none-eabi/6.3.1/../../../../arm-none-eabi/lib/thumb/v6-m\libc_nano.a(lib_a-exit.o)
_i2c_master_address_response                      src/ASF/sam0/drivers/sercom/i2c/i2c_sam0/i2c_master.o
_i2c_master_send_hs_master_code                   src/ASF/sam0/drivers/sercom/i2c/i2c_sam0/i2c_master.o
_i2c_master_wait_for_bus                          src/ASF/sam0/drivers/sercom/i2c/i2c_sam0/i2c_master.o
_impure_ptr                                       c:/program files (x86)/atmel/studio/7.0/toolchain/arm/arm-gnu-toolchain/bin/../lib/gcc/arm-none-eabi/6.3.1/../../../../arm-none-eabi/lib/thumb/v6-m\libc_nano.a(lib_a-impure.o)
_init                                             c:/program files (x86)/atmel/studio/7.0/toolchain/arm/arm-gnu-toolchain/bin/../lib/gcc/arm-none-eabi/6.3.1/thumb/v6-m/crti.o
                                                  c:/program files (x86)/atmel/studio/7.0/toolchain/arm/arm-gnu-toolchain/bin/../lib/gcc/arm-none-eabi/6.3.1/../../../../arm-none-eabi/lib/thumb/v6-m\libc_nano.a(lib_a-init.o)
_isatty                                           src/ASF/sam0/utils/syscalls/gcc/syscalls.o
_kill                                             src/ASF/sam0/utils/syscalls/gcc/syscalls.o
_lseek                                            src/ASF/sam0/utils/syscalls/gcc/syscalls.o
_mainCRTStartup                                   c:/program files (x86)/atmel/studio/7.0/toolchain/arm/arm-gnu-toolchain/bin/../lib/gcc/arm-none-eabi/6.3.1/../../../../arm-none-eabi/lib/thumb/v6-m/crt0.o
_sbrk                                             src/ASF/sam0/utils/syscalls/gcc/syscalls.o
_sercom_get_async_baud_val                        src/ASF/sam0/drivers/sercom/sercom.o
                                                  src/ASF/sam0/drivers/sercom/usart/usart.o
_sercom_get_default_pad                           src/ASF/sam0/drivers/sercom/sercom.o
                                                  src/ASF/sam0/drivers/sercom/usart/usart.o
                                                  src/ASF/sam0/drivers/sercom/i2c/i2c_sam0/i2c_master.o
_sercom_get_sercom_inst_index                     src/ASF/sam0/drivers/sercom/sercom.o
                                                  src/ASF/sam0/drivers/sercom/usart/usart.o
                                                  src/ASF/sam0/drivers/sercom/i2c/i2c_sam0/i2c_master.o
_sercom_get_sync_baud_val                         src/ASF/sam0/drivers/sercom/sercom.o
                                                  src/ASF/sam0/drivers/sercom/usart/usart.o
_sfixed                                           src/ASF/sam0/utils/cmsis/samr21/source/gcc/startup_samr21.o
_srelocate                                        src/ASF/sam0/utils/cmsis/samr21/source/gcc/startup_samr21.o
_start                                            c:/program files (x86)/atmel/studio/7.0/toolchain/arm/arm-gnu-toolchain/bin/../lib/gcc/arm-none-eabi/6.3.1/../../../../arm-none-eabi/lib/thumb/v6-m/crt0.o
_system_divas_init                                src/ASF/sam0/drivers/system/system.o
_system_dummy_init                                src/ASF/sam0/drivers/system/system.o
_system_events_init                               src/ASF/sam0/drivers/system/system.o
_system_extint_init                               src/ASF/sam0/drivers/system/system.o
_szero                                            src/ASF/sam0/utils/cmsis/samr21/source/gcc/startup_samr21.o
aes132_lib_return                                 src/main.o
aes132c_access_memory                             src/customlib/aes132_comm.o
                                                  src/customlib/aes132_comm_marshaling.o
aes132c_calculate_crc                             src/customlib/aes132_comm.o
aes132c_read_device_status_register               src/customlib/aes132_comm.o
aes132c_receive_response                          src/customlib/aes132_comm.o
aes132c_reset_io_address                          src/customlib/aes132_comm.o
aes132c_resync                                    src/customlib/aes132_comm.o
aes132c_send_and_receive                          src/customlib/aes132_comm.o
                                                  src/customlib/aes132_comm_marshaling.o
aes132c_send_command                              src/customlib/aes132_comm.o
aes132c_send_sleep_command                        src/customlib/aes132_comm.o
aes132c_sleep                                     src/customlib/aes132_comm.o
aes132c_standby                                   src/customlib/aes132_comm.o
aes132c_wait_for_device_ready                     src/customlib/aes132_comm.o
aes132c_wait_for_response_ready                   src/customlib/aes132_comm.o
aes132c_wait_for_status_register_bit              src/customlib/aes132_comm.o
aes132c_wakeup                                    src/customlib/aes132_comm.o
aes132m_execute                                   src/customlib/aes132_comm_marshaling.o
aes132m_read_memory                               src/customlib/aes132_comm_marshaling.o
aes132m_write_memory                              src/customlib/aes132_comm_marshaling.o
                                                  src/main.o
aes132p_disable_interface                         src/customlib/aes132_i2c.o
aes132p_enable_interface                          src/customlib/aes132_i2c.o
                                                  src/main.o
aes132p_read_memory_physical                      src/customlib/aes132_i2c.o
                                                  src/customlib/aes132_comm.o
aes132p_resync_physical                           src/customlib/aes132_i2c.o
                                                  src/customlib/aes132_comm.o
aes132p_select_device                             src/customlib/aes132_i2c.o
aes132p_write_memory_physical                     src/customlib/aes132_i2c.o
                                                  src/customlib/aes132_comm.o
atexit                                            c:/program files (x86)/atmel/studio/7.0/toolchain/arm/arm-gnu-toolchain/bin/../lib/gcc/arm-none-eabi/6.3.1/../../../../arm-none-eabi/lib/thumb/v6-m/crt0.o
board_init                                        src/ASF/sam0/boards/samr21_xplained_pro/board_init.o
configureUsart                                    src/customlib/usart_conf.o
                                                  src/main.o
cpu_irq_enter_critical                            src/ASF/common/utils/interrupt/interrupt_sam_nvic.o
                                                  src/ASF/sam0/drivers/system/clock/clock_samd21_r21_da_ha1/gclk.o
cpu_irq_leave_critical                            src/ASF/common/utils/interrupt/interrupt_sam_nvic.o
                                                  src/ASF/sam0/drivers/system/clock/clock_samd21_r21_da_ha1/gclk.o
delay_init                                        src/ASF/common2/services/delay/sam0/cycle_counter.o
exception_table                                   src/ASF/sam0/utils/cmsis/samr21/source/gcc/startup_samr21.o
exit                                              c:/program files (x86)/atmel/studio/7.0/toolchain/arm/arm-gnu-toolchain/bin/../lib/gcc/arm-none-eabi/6.3.1/../../../../arm-none-eabi/lib/thumb/v6-m\libc_nano.a(lib_a-exit.o)
                                                  c:/program files (x86)/atmel/studio/7.0/toolchain/arm/arm-gnu-toolchain/bin/../lib/gcc/arm-none-eabi/6.3.1/../../../../arm-none-eabi/lib/thumb/v6-m/crt0.o
g_interrupt_enabled                               src/ASF/common/utils/interrupt/interrupt_sam_nvic.o
g_packet_block                                    src/main.o
g_packet_block_index                              src/main.o
hardware_init_hook                                c:/program files (x86)/atmel/studio/7.0/toolchain/arm/arm-gnu-toolchain/bin/../lib/gcc/arm-none-eabi/6.3.1/../../../../arm-none-eabi/lib/thumb/v6-m/crt0.o
i2c_disable_phys                                  src/customlib/i2c_phys.o
                                                  src/customlib/aes132_i2c.o
i2c_enable_phys                                   src/customlib/i2c_phys.o
                                                  src/customlib/aes132_i2c.o
i2c_master_init                                   src/ASF/sam0/drivers/sercom/i2c/i2c_sam0/i2c_master.o
                                                  src/customlib/i2c_phys.o
i2c_master_instance                               src/customlib/i2c_phys.o
i2c_master_read_byte                              src/ASF/sam0/drivers/sercom/i2c/i2c_sam0/i2c_master.o
i2c_master_read_packet_wait                       src/ASF/sam0/drivers/sercom/i2c/i2c_sam0/i2c_master.o
                                                  src/customlib/i2c_phys.o
i2c_master_read_packet_wait_no_nack               src/ASF/sam0/drivers/sercom/i2c/i2c_sam0/i2c_master.o
i2c_master_read_packet_wait_no_stop               src/ASF/sam0/drivers/sercom/i2c/i2c_sam0/i2c_master.o
i2c_master_reset                                  src/ASF/sam0/drivers/sercom/i2c/i2c_sam0/i2c_master.o
i2c_master_send_nack                              src/ASF/sam0/drivers/sercom/i2c/i2c_sam0/i2c_master.o
i2c_master_send_stop                              src/ASF/sam0/drivers/sercom/i2c/i2c_sam0/i2c_master.o
i2c_master_write_byte                             src/ASF/sam0/drivers/sercom/i2c/i2c_sam0/i2c_master.o
i2c_master_write_packet_wait                      src/ASF/sam0/drivers/sercom/i2c/i2c_sam0/i2c_master.o
i2c_master_write_packet_wait_no_stop              src/ASF/sam0/drivers/sercom/i2c/i2c_sam0/i2c_master.o
                                                  src/customlib/i2c_phys.o
i2c_receive_byte                                  src/customlib/i2c_phys.o
i2c_receive_bytes                                 src/customlib/i2c_phys.o
                                                  src/customlib/aes132_i2c.o
i2c_select_device_phys                            src/customlib/i2c_phys.o
                                                  src/customlib/aes132_i2c.o
i2c_send_bytes                                    src/customlib/i2c_phys.o
                                                  src/customlib/aes132_i2c.o
i2c_send_slave_address                            src/customlib/i2c_phys.o
                                                  src/customlib/aes132_i2c.o
i2c_send_start                                    src/customlib/i2c_phys.o
                                                  src/customlib/aes132_i2c.o
i2c_send_stop                                     src/customlib/i2c_phys.o
                                                  src/customlib/aes132_i2c.o
input_string                                      src/main.o
length                                            src/customlib/usart_conf.o
link                                              src/ASF/sam0/utils/syscalls/gcc/syscalls.o
main                                              src/main.o
                                                  src/ASF/sam0/utils/cmsis/samr21/source/gcc/startup_samr21.o
                                                  c:/program files (x86)/atmel/studio/7.0/toolchain/arm/arm-gnu-toolchain/bin/../lib/gcc/arm-none-eabi/6.3.1/../../../../arm-none-eabi/lib/thumb/v6-m/crt0.o
memcpy                                            c:/program files (x86)/atmel/studio/7.0/toolchain/arm/arm-gnu-toolchain/bin/../lib/gcc/arm-none-eabi/6.3.1/../../../../arm-none-eabi/lib/thumb/v6-m\libc_nano.a(lib_a-memcpy-stub.o)
                                                  src/customlib/aes132_i2c.o
                                                  src/customlib/aes132_comm_marshaling.o
memset                                            c:/program files (x86)/atmel/studio/7.0/toolchain/arm/arm-gnu-toolchain/bin/../lib/gcc/arm-none-eabi/6.3.1/../../../../arm-none-eabi/lib/thumb/v6-m\libc_nano.a(lib_a-memset.o)
                                                  src/customlib/usart_conf.o
                                                  c:/program files (x86)/atmel/studio/7.0/toolchain/arm/arm-gnu-toolchain/bin/../lib/gcc/arm-none-eabi/6.3.1/../../../../arm-none-eabi/lib/thumb/v6-m/crt0.o
port_group_set_config                             src/ASF/sam0/drivers/port/port.o
port_pin_set_config                               src/ASF/sam0/drivers/port/port.o
                                                  src/ASF/sam0/boards/samr21_xplained_pro/board_init.o
portable_delay_cycles                             src/ASF/common2/services/delay/sam0/cycle_counter.o
                                                  src/customlib/usart_conf.o
rx_buffer                                         src/main.o
rx_byte_count                                     src/main.o
sercom_set_gclk_generator                         src/ASF/sam0/drivers/sercom/sercom.o
                                                  src/ASF/sam0/drivers/sercom/usart/usart.o
                                                  src/ASF/sam0/drivers/sercom/i2c/i2c_sam0/i2c_master.o
serial_data                                       src/main.o
software_init_hook                                c:/program files (x86)/atmel/studio/7.0/toolchain/arm/arm-gnu-toolchain/bin/../lib/gcc/arm-none-eabi/6.3.1/../../../../arm-none-eabi/lib/thumb/v6-m/crt0.o
strcat                                            c:/program files (x86)/atmel/studio/7.0/toolchain/arm/arm-gnu-toolchain/bin/../lib/gcc/arm-none-eabi/6.3.1/../../../../arm-none-eabi/lib/thumb/v6-m\libc_nano.a(lib_a-strcat.o)
                                                  src/customlib/usart_conf.o
string                                            src/main.o
system_board_init                                 src/ASF/sam0/boards/samr21_xplained_pro/board_init.o
system_clock_init                                 src/ASF/sam0/drivers/system/clock/clock_samd21_r21_da_ha1/clock.o
system_clock_source_dfll_set_config               src/ASF/sam0/drivers/system/clock/clock_samd21_r21_da_ha1/clock.o
system_clock_source_disable                       src/ASF/sam0/drivers/system/clock/clock_samd21_r21_da_ha1/clock.o
system_clock_source_dpll_set_config               src/ASF/sam0/drivers/system/clock/clock_samd21_r21_da_ha1/clock.o
system_clock_source_enable                        src/ASF/sam0/drivers/system/clock/clock_samd21_r21_da_ha1/clock.o
system_clock_source_get_hz                        src/ASF/sam0/drivers/system/clock/clock_samd21_r21_da_ha1/clock.o
                                                  src/ASF/sam0/drivers/system/clock/clock_samd21_r21_da_ha1/gclk.o
system_clock_source_is_ready                      src/ASF/sam0/drivers/system/clock/clock_samd21_r21_da_ha1/clock.o
system_clock_source_osc32k_set_config             src/ASF/sam0/drivers/system/clock/clock_samd21_r21_da_ha1/clock.o
system_clock_source_osc8m_set_config              src/ASF/sam0/drivers/system/clock/clock_samd21_r21_da_ha1/clock.o
system_clock_source_write_calibration             src/ASF/sam0/drivers/system/clock/clock_samd21_r21_da_ha1/clock.o
system_clock_source_xosc32k_set_config            src/ASF/sam0/drivers/system/clock/clock_samd21_r21_da_ha1/clock.o
system_clock_source_xosc_set_config               src/ASF/sam0/drivers/system/clock/clock_samd21_r21_da_ha1/clock.o
system_gclk_chan_disable                          src/ASF/sam0/drivers/system/clock/clock_samd21_r21_da_ha1/gclk.o
system_gclk_chan_enable                           src/ASF/sam0/drivers/system/clock/clock_samd21_r21_da_ha1/gclk.o
                                                  src/ASF/sam0/drivers/sercom/usart/usart.o
                                                  src/ASF/sam0/drivers/sercom/sercom.o
                                                  src/ASF/sam0/drivers/sercom/i2c/i2c_sam0/i2c_master.o
system_gclk_chan_get_hz                           src/ASF/sam0/drivers/system/clock/clock_samd21_r21_da_ha1/gclk.o
                                                  src/ASF/sam0/drivers/system/clock/clock_samd21_r21_da_ha1/clock.o
                                                  src/ASF/sam0/drivers/sercom/usart/usart.o
                                                  src/ASF/sam0/drivers/sercom/i2c/i2c_sam0/i2c_master.o
system_gclk_chan_is_enabled                       src/ASF/sam0/drivers/system/clock/clock_samd21_r21_da_ha1/gclk.o
system_gclk_chan_is_locked                        src/ASF/sam0/drivers/system/clock/clock_samd21_r21_da_ha1/gclk.o
system_gclk_chan_lock                             src/ASF/sam0/drivers/system/clock/clock_samd21_r21_da_ha1/gclk.o
system_gclk_chan_set_config                       src/ASF/sam0/drivers/system/clock/clock_samd21_r21_da_ha1/gclk.o
                                                  src/ASF/sam0/drivers/system/clock/clock_samd21_r21_da_ha1/clock.o
                                                  src/ASF/sam0/drivers/sercom/usart/usart.o
                                                  src/ASF/sam0/drivers/sercom/sercom.o
                                                  src/ASF/sam0/drivers/sercom/i2c/i2c_sam0/i2c_master.o
system_gclk_gen_disable                           src/ASF/sam0/drivers/system/clock/clock_samd21_r21_da_ha1/gclk.o
system_gclk_gen_enable                            src/ASF/sam0/drivers/system/clock/clock_samd21_r21_da_ha1/gclk.o
                                                  src/ASF/sam0/drivers/system/clock/clock_samd21_r21_da_ha1/clock.o
system_gclk_gen_get_hz                            src/ASF/sam0/drivers/system/clock/clock_samd21_r21_da_ha1/gclk.o
                                                  src/customlib/usart_conf.o
system_gclk_gen_is_enabled                        src/ASF/sam0/drivers/system/clock/clock_samd21_r21_da_ha1/gclk.o
system_gclk_gen_set_config                        src/ASF/sam0/drivers/system/clock/clock_samd21_r21_da_ha1/gclk.o
                                                  src/ASF/sam0/drivers/system/clock/clock_samd21_r21_da_ha1/clock.o
system_gclk_init                                  src/ASF/sam0/drivers/system/clock/clock_samd21_r21_da_ha1/gclk.o
                                                  src/ASF/sam0/drivers/system/clock/clock_samd21_r21_da_ha1/clock.o
system_init                                       src/ASF/sam0/drivers/system/system.o
                                                  src/main.o
system_interrupt_clear_pending                    src/ASF/sam0/drivers/system/interrupt/system_interrupt.o
system_interrupt_get_priority                     src/ASF/sam0/drivers/system/interrupt/system_interrupt.o
system_interrupt_is_pending                       src/ASF/sam0/drivers/system/interrupt/system_interrupt.o
system_interrupt_set_pending                      src/ASF/sam0/drivers/system/interrupt/system_interrupt.o
system_interrupt_set_priority                     src/ASF/sam0/drivers/system/interrupt/system_interrupt.o
system_pinmux_group_set_config                    src/ASF/sam0/drivers/system/pinmux/pinmux.o
                                                  src/ASF/sam0/drivers/port/port.o
system_pinmux_group_set_input_sample_mode         src/ASF/sam0/drivers/system/pinmux/pinmux.o
system_pinmux_pin_set_config                      src/ASF/sam0/drivers/system/pinmux/pinmux.o
                                                  src/ASF/sam0/drivers/port/port.o
                                                  src/ASF/sam0/drivers/sercom/usart/usart.o
                                                  src/ASF/sam0/drivers/sercom/i2c/i2c_sam0/i2c_master.o
tx_buffer                                         src/main.o
tx_buffer_write                                   src/main.o
usartClearWindow                                  src/customlib/usart_conf.o
                                                  src/main.o
usartLoadingScreen                                src/customlib/usart_conf.o
usartNewline                                      src/customlib/usart_conf.o
usartReadNumb                                     src/customlib/usart_conf.o
usartReadString                                   src/customlib/usart_conf.o
                                                  src/main.o
usartWriteBuffer                                  src/customlib/usart_conf.o
                                                  src/main.o
usartWriteHex                                     src/customlib/usart_conf.o
                                                  src/main.o
usart_init                                        src/ASF/sam0/drivers/sercom/usart/usart.o
                                                  src/customlib/usart_conf.o
usart_read_buffer_wait                            src/ASF/sam0/drivers/sercom/usart/usart.o
usart_read_wait                                   src/ASF/sam0/drivers/sercom/usart/usart.o
                                                  src/customlib/usart_conf.o
usart_write_buffer_wait                           src/ASF/sam0/drivers/sercom/usart/usart.o
                                                  src/customlib/usart_conf.o
                                                  src/main.o
usart_write_wait                                  src/ASF/sam0/drivers/sercom/usart/usart.o
                                                  src/customlib/usart_conf.o
word_address                                      src/main.o
write_memory_test                                 src/main.o
